D/AppOps  (  627): startOperation: allowing code 40 uid 10080 package com.google.android.apps.plus
D/PowerManagerService(  627): updateWakeLockSummaryLocked: mWakefulness=Awake, mWakeLockSummary=0x1
D/PowerManagerService(  627): newScreenState = 2
D/PowerManagerService(  627): updateScreenStateLocked: mScreenBrightnessModeSetting=2, autoBrightness=false, ecoBrightness=true, screenAutoBrightnessAdjustment=0.0, screenBrightness=102
D/PowerManagerDisplayController(  627): requestPowerState: screenState=2, useProximitySensor=false, forceProximitySensorEnable=false, forceWakeUpEnable=false, screenBrightness=102, screenAutoBrightnessAdjustment=0.0, useAutoBrightness=false, useEcoBrightness=true, blockScreenOn=false, waitForNegativeProximity=false
I/PowerManagerService(  627): setBrightness mButtonLight 0.
D/PowerManagerService(  627): updateScreenStateLocked: mDisplayReady=true, newScreenState=2, mWakefulness=1, mWakeLockSummary=0x1, mUserActivitySummary=0x1, mBootCompleted=true
D/PowerManagerService(  627): Acquiring suspend blocker "PowerManagerService.WakeLocks".
D/PowerManagerService(  627): handleSandman: canDream=true, mWakefulness=Awake
D/asset   (  952): AssetManager-->addDefaultAssets CIP path not exsit!
D/ActivityThread(19980): BDC-RECEIVER handled : 0 / ReceiverData{intent=Intent { act=android.intent.action.PACKAGE_REMOVED dat=package:com.bidspirit.qa flg=0x4000010 cmp=com.google.android.apps.plus/.service.PhotosAppTransitionMonitor (has extras) } packageName=com.google.android.apps.plus resultCode=0 resultData=null resultExtras=null}
I/ActivityManager(  627): Delay finish: com.google.android.apps.plus/.service.PhotosAppTransitionMonitor
D/ActivityThread(19980): SVC-Creating service: CreateServiceData{token=android.os.BinderProxy@433b6198 className=com.google.android.apps.plus.service.PhotosAppTransitionService packageName=com.google.android.apps.plus intent=null}
D/dalvikvm(19980): create interp thread : stack size=128KB
D/dalvikvm(19980): create new thread
D/dalvikvm(19980): new thread created
D/dalvikvm(19980): update thread list
D/dalvikvm(19980): threadid=20: interp stack at 0x61c3c000
D/dalvikvm(19980): threadid=20: created from interp
D/dalvikvm(19980): start new thread
D/dalvikvm(19980): threadid=20: notify debugger
D/dalvikvm(19980): threadid=20 (IntentService[PhotosAppTransitionService]): calling run()
D/asset   (  627): AssetManager-->addDefaultAssets CIP path not exsit!
D/ActivityThread(19980): SVC-CREATE_SERVICE handled : 0 / CreateServiceData{token=android.os.BinderProxy@433b6198 className=com.google.android.apps.plus.service.PhotosAppTransitionService packageName=com.google.android.apps.plus intent=null}
D/ActivityThread(19980): SVC-Calling onStartCommand: com.google.android.apps.plus.service.PhotosAppTransitionService@4337f778, flags=0, startId=1
D/OpenGLRenderer(27285): prepareDirty (0.00, 0.00, 560.00, 739.00) opaque 0 <0x618232d8>
D/OpenGLRenderer(27285): clear (0.00, 739 - 739.00 = 0.00, 560.00 - 0.00 = 560.00, 739.00 - 0.00 = 739.00) opaque 0 <0x618232d8>
D/ActivityThread(19980): SVC-SERVICE_ARGS handled : 0 / ServiceArgsData{token=android.os.BinderProxy@433b6198 startId=1 args=Intent { cmp=com.google.android.apps.plus/.service.PhotosAppTransitionService (has extras) }}
D/OpenGLRenderer(27285): finish <0x618232d8>
D/asset   (  952): AssetManager-->addDefaultAssets CIP path not exsit!
D/asset   (  627): AssetManager-->addDefaultAssets CIP path not exsit!
D/asset   (  952): AssetManager-->addDefaultAssets CIP path not exsit!
D/asset   (  627): AssetManager-->addDefaultAssets CIP path not exsit!
D/asset   (  627): AssetManager-->addDefaultAssets CIP path not exsit!
D/asset   (  952): AssetManager-->addDefaultAssets CIP path not exsit!
D/asset   (  627): AssetManager-->addDefaultAssets CIP path not exsit!
D/asset   (  627): AssetManager-->addDefaultAssets CIP path not exsit!
I/NotificationService(  627): queryReplace=true
D/BackupManagerService(  627): Received broadcast Intent { act=android.intent.action.PACKAGE_REMOVED dat=package:com.bidspirit.qa flg=0x4000010 (has extras) }
D/asset   (  627): AssetManager-->addDefaultAssets CIP path not exsit!
I/Launcher(  952): Deferring update until onResume
D/asset   (  627): AssetManager-->addDefaultAssets CIP path not exsit!
D/asset   (  627): AssetManager-->addDefaultAssets CIP path not exsit!
D/asset   (  627): AssetManager-->addDefaultAssets CIP path not exsit!
D/asset   (  627): AssetManager-->addDefaultAssets CIP path not exsit!
D/OpenGLRenderer(27285): prepareDirty (0.00, 0.00, 560.00, 739.00) opaque 0 <0x618232d8>
D/OpenGLRenderer(27285): clear (0.00, 739 - 739.00 = 0.00, 560.00 - 0.00 = 560.00, 739.00 - 0.00 = 739.00) opaque 0 <0x618232d8>
D/OpenGLRenderer(27285): finish <0x618232d8>
D/asset   (  627): AssetManager-->addDefaultAssets CIP path not exsit!
D/PowerManagerService(  627): releaseWakeLockInternal: lock=1118641056 [wake:com.google.android.apps.plus/.service.PhotosAppTransitionService], flags=0x0, total_time=64ms
D/PowerManagerNotifier(  627): onWakeLockReleased: flags=1, tag="wake:com.google.android.apps.plus/.service.PhotosAppTransitionService", packageName=com.google.android.apps.plus, ownerUid=10080, ownerPid=19980, workSource=null
D/PowerManagerService(  627): updateWakeLockSummaryLocked: mWakefulness=Awake, mWakeLockSummary=0x0
D/PowerManagerService(  627): newScreenState = 2
D/PowerManagerService(  627): updateScreenStateLocked: mScreenBrightnessModeSetting=2, autoBrightness=false, ecoBrightness=true, screenAutoBrightnessAdjustment=0.0, screenBrightness=102
D/PowerManagerDisplayController(  627): requestPowerState: screenState=2, useProximitySensor=false, forceProximitySensorEnable=false, forceWakeUpEnable=false, screenBrightness=102, screenAutoBrightnessAdjustment=0.0, useAutoBrightness=false, useEcoBrightness=true, blockScreenOn=false, waitForNegativeProximity=false
I/PowerManagerService(  627): setBrightness mButtonLight 0.
D/PowerManagerService(  627): updateScreenStateLocked: mDisplayReady=true, newScreenState=2, mWakefulness=1, mWakeLockSummary=0x0, mUserActivitySummary=0x1, mBootCompleted=true
D/PowerManagerService(  627): Releasing suspend blocker "PowerManagerService.WakeLocks".
D/PowerManagerService(  627): handleSandman: canDream=true, mWakefulness=Awake
D/IPCThreadState(  627): [DN #5] BR_CLEAR_DEATH_NOTIFICATION_DONE cookie 0x654c1c68
D/asset   (  627): AssetManager-->addDefaultAssets CIP path not exsit!
I/ActivityManager(  627): Resuming delayed broadcast
D/ActivityThread(19980): SVC-Destroying service: com.google.android.apps.plus.service.PhotosAppTransitionService@4337f778
D/ActivityThread(19980): SVC-STOP_SERVICE handled : 0 / android.os.BinderProxy@433b6198
D/dalvikvm(19980): threadid=20: exiting
D/dalvikvm(19980): threadid=20: bye!
D/asset   (  627): AssetManager-->addDefaultAssets CIP path not exsit!
D/ActivityThread(31292): BDC-Calling onReceive: intent=Intent { act=android.intent.action.PACKAGE_REMOVED dat=package:com.bidspirit.qa flg=0x4000010 cmp=com.google.android.gms/.gcm.GcmPackageTracker$GcmPackageChangeReceiver (has extras) }, ordered=true, receiver=com.google.android.gms.gcm.GcmPackageTracker$GcmPackageChangeReceiver@424b98a0
D/ActivityThread(31292): BDC-RECEIVER handled : 0 / ReceiverData{intent=Intent { act=android.intent.action.PACKAGE_REMOVED dat=package:com.bidspirit.qa flg=0x4000010 cmp=com.google.android.gms/.gcm.GcmPackageTracker$GcmPackageChangeReceiver (has extras) } packageName=com.google.android.gms resultCode=0 resultData=null resultExtras=null}
D/asset   (  627): AssetManager-->addDefaultAssets CIP path not exsit!
D/ActivityThread(31292): BDC-Calling onReceive: intent=Intent { act=android.intent.action.PACKAGE_REMOVED dat=package:com.bidspirit.qa flg=0x4000010 cmp=com.google.android.gms/.gcm.nts.SchedulerReceiver (has extras) }, ordered=true, receiver=com.google.android.gms.gcm.nts.SchedulerReceiver@42370970
E/NetworkScheduler.SchedulerReceiver(31292): Invalid parameter app
E/NetworkScheduler.SchedulerReceiver(31292): Invalid package name : Perhaps you didn't include a PendingIntent in the extras?
D/ActivityThread(31292): BDC-RECEIVER handled : 0 / ReceiverData{intent=Intent { act=android.intent.action.PACKAGE_REMOVED dat=package:com.bidspirit.qa flg=0x4000010 cmp=com.google.android.gms/.gcm.nts.SchedulerReceiver (has extras) } packageName=com.google.android.gms resultCode=0 resultData=null resultExtras=null}
D/ActivityThread(31292): BDC-Calling onReceive: intent=Intent { act=android.intent.action.PACKAGE_REMOVED dat=package:com.bidspirit.qa flg=0x4000010 cmp=com.google.android.gms/.app.receiver.SystemBroadcastReceiver (has extras) }, ordered=true, receiver=com.google.android.gms.app.receiver.SystemBroadcastReceiver@42446f08
D/ActivityThread(31292): BDC-RECEIVER handled : 0 / ReceiverData{intent=Intent { act=android.intent.action.PACKAGE_REMOVED dat=package:com.bidspirit.qa flg=0x4000010 cmp=com.google.android.gms/.app.receiver.SystemBroadcastReceiver (has extras) } packageName=com.google.android.gms resultCode=0 resultData=null resultExtras=null}
D/ActivityThread(31360): SVC-Creating service: CreateServiceData{token=android.os.BinderProxy@42047748 className=com.google.android.gms.app.service.PackageBroadcastService packageName=com.google.android.gms intent=null}
D/dalvikvm(31360): create interp thread : stack size=128KB
D/dalvikvm(31360): create new thread
D/dalvikvm(31360): new thread created
D/dalvikvm(31360): update thread list
D/dalvikvm(31360): threadid=49: interp stack at 0x6dcd6000
D/dalvikvm(31360): threadid=49: created from interp
D/dalvikvm(31360): start new thread
D/dalvikvm(31360): threadid=49: notify debugger
D/dalvikvm(31360): threadid=49 (IntentService[PackageBroadcastService]): calling run()
D/asset   (  627): AssetManager-->addDefaultAssets CIP path not exsit!
D/ActivityThread(31360): SVC-CREATE_SERVICE handled : 0 / CreateServiceData{token=android.os.BinderProxy@42047748 className=com.google.android.gms.app.service.PackageBroadcastService packageName=com.google.android.gms intent=null}
D/ActivityThread(31360): SVC-Calling onStartCommand: com.google.android.gms.app.service.PackageBroadcastService@41fec9e8, flags=0, startId=1
D/ActivityThread(31360): SVC-SERVICE_ARGS handled : 0 / ServiceArgsData{token=android.os.BinderProxy@42047748 startId=1 args=Intent { cmp=com.google.android.gms/.app.service.PackageBroadcastService (has extras) }}
D/ActivityThread(31360): BDC-Calling onReceive: intent=Intent { act=android.intent.action.PACKAGE_REMOVED dat=package:com.bidspirit.qa flg=0x4000010 cmp=com.google.android.gms/.photos.autobackup.PhotosAppUninstalledReceiver (has extras) }, ordered=true, receiver=com.google.android.gms.photos.autobackup.PhotosAppUninstalledReceiver@420cefe8
D/ActivityThread(31360): BDC-RECEIVER handled : 0 / ReceiverData{intent=Intent { act=android.intent.action.PACKAGE_REMOVED dat=package:com.bidspirit.qa flg=0x4000010 cmp=com.google.android.gms/.photos.autobackup.PhotosAppUninstalledReceiver (has extras) } packageName=com.google.android.gms resultCode=0 resultData=null resultExtras=null}
D/PackageBroadcastService(31360): Received broadcast action=android.intent.action.PACKAGE_REMOVED and uri=com.bidspirit.qa
I/NotificationService(  627): queryReplace=false
D/BackupManagerService(  627): Received broadcast Intent { act=android.intent.action.PACKAGE_ADDED dat=package:com.bidspirit.qa flg=0x4000010 (has extras) }
D/PowerManagerService(  627): acquireWakeLockInternal: lock=1114927984, flags=0x1, tag="wake:com.google.android.gms/.config.ConfigFetchService", ws=null, uid=10010, pid=31360
D/PowerManagerNotifier(  627): onWakeLockAcquired: flags=1, tag="wake:com.google.android.gms/.config.ConfigFetchService", packageName=com.google.android.gms, ownerUid=10010, ownerPid=31360, workSource=null
D/AppOps  (  627): startOperation: allowing code 40 uid 10010 package com.google.android.gms
D/PowerManagerService(  627): updateWakeLockSummaryLocked: mWakefulness=Awake, mWakeLockSummary=0x1
D/PowerManagerService(  627): newScreenState = 2
D/PowerManagerService(  627): updateScreenStateLocked: mScreenBrightnessModeSetting=2, autoBrightness=false, ecoBrightness=true, screenAutoBrightnessAdjustment=0.0, screenBrightness=102
D/PowerManagerDisplayController(  627): requestPowerState: screenState=2, useProximitySensor=false, forceProximitySensorEnable=false, forceWakeUpEnable=false, screenBrightness=102, screenAutoBrightnessAdjustment=0.0, useAutoBrightness=false, useEcoBrightness=true, blockScreenOn=false, waitForNegativeProximity=false
I/PowerManagerService(  627): setBrightness mButtonLight 0.
D/PowerManagerService(  627): updateScreenStateLocked: mDisplayReady=true, newScreenState=2, mWakefulness=1, mWakeLockSummary=0x1, mUserActivitySummary=0x1, mBootCompleted=true
D/PowerManagerService(  627): Acquiring suspend blocker "PowerManagerService.WakeLocks".
D/PowerManagerService(  627): handleSandman: canDream=true, mWakefulness=Awake
D/asset   (  627): AssetManager-->addDefaultAssets CIP path not exsit!
D/OpenGLRenderer(27285): prepareDirty (0.00, 0.00, 560.00, 739.00) opaque 0 <0x618232d8>
D/OpenGLRenderer(27285): clear (0.00, 739 - 739.00 = 0.00, 560.00 - 0.00 = 560.00, 739.00 - 0.00 = 739.00) opaque 0 <0x618232d8>
D/OpenGLRenderer(27285): finish <0x618232d8>
D/ActivityThread(31333): SVC-Creating service: CreateServiceData{token=android.os.BinderProxy@42264628 className=com.google.android.gms.fitness.disconnect.FitCleanupService packageName=com.google.android.gms intent=null}
D/dalvikvm(31333): create interp thread : stack size=128KB
D/dalvikvm(31333): create new thread
D/dalvikvm(31333): new thread created
D/dalvikvm(31333): update thread list
D/dalvikvm(31333): threadid=42: interp stack at 0x64aca000
D/dalvikvm(31333): threadid=42: created from interp
D/dalvikvm(31333): start new thread
D/dalvikvm(31333): threadid=42: notify debugger
D/dalvikvm(31333): threadid=42 (IntentService[FitCleanupService]): calling run()
D/ActivityThread(31360): BDC-Calling onReceive: intent=Intent { act=android.intent.action.PACKAGE_REMOVED dat=package:com.bidspirit.qa flg=0x4000010 cmp=com.google.android.gms/.nearby.settings.NearbyAppUninstallReceiver (has extras) }, ordered=true, receiver=com.google.android.gms.nearby.settings.NearbyAppUninstallReceiver@422d4e10
D/ActivityThread(31333): SVC-CREATE_SERVICE handled : 0 / CreateServiceData{token=android.os.BinderProxy@42264628 className=com.google.android.gms.fitness.disconnect.FitCleanupService packageName=com.google.android.gms intent=null}
D/ActivityThread(31333): SVC-Calling onStartCommand: com.google.android.gms.fitness.disconnect.FitCleanupService@4202a938, flags=0, startId=1
I/ActivityManager(  627): Delay finish: com.google.android.gms/.nearby.settings.NearbyAppUninstallReceiver
D/ActivityThread(31360): BDC-RECEIVER handled : 0 / ReceiverData{intent=Intent { act=android.intent.action.PACKAGE_REMOVED dat=package:com.bidspirit.qa flg=0x4000010 cmp=com.google.android.gms/.nearby.settings.NearbyAppUninstallReceiver (has extras) } packageName=com.google.android.gms resultCode=0 resultData=null resultExtras=null}
D/ActivityThread(31333): SVC-SERVICE_ARGS handled : 0 / ServiceArgsData{token=android.os.BinderProxy@42264628 startId=1 args=Intent { cmp=com.google.android.gms/.fitness.disconnect.FitCleanupService (has extras) }}
V/BackupManagerService(  627): removePackageParticipantsLocked: uid=10110 #1
D/ActivityThread(31360): SVC-Creating service: CreateServiceData{token=android.os.BinderProxy@422edfa8 className=com.google.android.gms.config.ConfigFetchService packageName=com.google.android.gms intent=null}
D/ActivityThread(31333): SVC-Destroying service: com.google.android.gms.fitness.disconnect.FitCleanupService@4202a938
D/dalvikvm(31333): threadid=42: exiting
D/ActivityThread(31333): SVC-STOP_SERVICE handled : 0 / android.os.BinderProxy@42264628
D/dalvikvm(31333): threadid=42: bye!
V/BackupManagerService(  627): addPackageParticipantsLocked: #1
D/asset   (  627): AssetManager-->addDefaultAssets CIP path not exsit!
D/ActivityThread(31292): SVC-Creating service: CreateServiceData{token=android.os.BinderProxy@4240b860 className=com.google.android.gms.config.ConfigService packageName=com.google.android.gms intent=null}
I/ConfigService(31292): onCreate
D/dalvikvm(31292): create interp thread : stack size=128KB
D/dalvikvm(31292): create new thread
D/IPCThreadState(  627): [DN #5] BR_CLEAR_DEATH_NOTIFICATION_DONE cookie 0x646032b8
D/IPCThreadState(  627): [DN #5] BR_CLEAR_DEATH_NOTIFICATION_DONE cookie 0x64604188
D/dalvikvm(31292): new thread created
D/dalvikvm(31292): update thread list
D/dalvikvm(31292): threadid=22: interp stack at 0x651e1000
D/dalvikvm(31292): threadid=22: created from interp
D/dalvikvm(31292): start new thread
D/SyncManager(  627): mSyncManagerExt.getSyncAutomatically() = true
D/ActivityThread(31292): SVC-CREATE_SERVICE handled : 0 / CreateServiceData{token=android.os.BinderProxy@4240b860 className=com.google.android.gms.config.ConfigService packageName=com.google.android.gms intent=null}
D/dalvikvm(31292): threadid=22: notify debugger
D/dalvikvm(31292): threadid=22 (Thread-3327): calling run()
D/SyncManager(  627): mSyncManagerExt.getSyncAutomatically() = true
D/ActivityThread(31360): SVC-CREATE_SERVICE handled : 0 / CreateServiceData{token=android.os.BinderProxy@422edfa8 className=com.google.android.gms.config.ConfigFetchService packageName=com.google.android.gms intent=null}
D/ActivityThread(31360): SVC-Calling onStartCommand: com.google.android.gms.config.ConfigFetchService@4227a8f8, flags=0, startId=1
I/ConfigFetchService(31360): onStartCommand Intent { act=android.intent.action.PACKAGE_REMOVED dat=package:com.bidspirit.qa cmp=com.google.android.gms/.config.ConfigFetchService (has extras) }
D/PowerManagerService(  627): releaseWakeLockInternal: lock=1114927984 [wake:com.google.android.gms/.config.ConfigFetchService], flags=0x0, total_time=45ms
D/PowerManagerNotifier(  627): onWakeLockReleased: flags=1, tag="wake:com.google.android.gms/.config.ConfigFetchService", packageName=com.google.android.gms, ownerUid=10010, ownerPid=31360, workSource=null
D/PowerManagerService(  627): updateWakeLockSummaryLocked: mWakefulness=Awake, mWakeLockSummary=0x0
D/PowerManagerService(  627): newScreenState = 2
D/PowerManagerService(  627): updateScreenStateLocked: mScreenBrightnessModeSetting=2, autoBrightness=false, ecoBrightness=true, screenAutoBrightnessAdjustment=0.0, screenBrightness=102
D/PowerManagerDisplayController(  627): requestPowerState: screenState=2, useProximitySensor=false, forceProximitySensorEnable=false, forceWakeUpEnable=false, screenBrightness=102, screenAutoBrightnessAdjustment=0.0, useAutoBrightness=false, useEcoBrightness=true, blockScreenOn=false, waitForNegativeProximity=false
I/PowerManagerService(  627): setBrightness mButtonLight 0.
D/PowerManagerService(  627): updateScreenStateLocked: mDisplayReady=true, newScreenState=2, mWakefulness=1, mWakeLockSummary=0x0, mUserActivitySummary=0x1, mBootCompleted=true
D/PowerManagerService(  627): Releasing suspend blocker "PowerManagerService.WakeLocks".
D/PowerManagerService(  627): handleSandman: canDream=true, mWakefulness=Awake
D/IPCThreadState(  627): [DN #5] BR_CLEAR_DEATH_NOTIFICATION_DONE cookie 0x650c3d30
D/dalvikvm(31359): Trying to load lib /data/app-lib/com.google.android.tts-2/libspeexwrapper_ub.210307121.so 0x41fab918
D/dalvikvm(31359): Added shared lib /data/app-lib/com.google.android.tts-2/libspeexwrapper_ub.210307121.so 0x41fab918
D/OpenGLRenderer(27285): prepareDirty (0.00, 0.00, 560.00, 739.00) opaque 0 <0x618232d8>
D/OpenGLRenderer(27285): clear (0.00, 739 - 739.00 = 0.00, 560.00 - 0.00 = 560.00, 739.00 - 0.00 = 739.00) opaque 0 <0x618232d8>
D/OpenGLRenderer(27285): finish <0x618232d8>
D/dalvikvm(31292): threadid=22: exiting
D/dalvikvm(31359): Trying to load lib /data/app-lib/com.google.android.tts-2/libpatts_engine_jni_api_neon_ub.210307121.so 0x41fab918
D/dalvikvm(31292): threadid=22: bye!
D/ActivityThread(31292): SVC-BIND_SERVICE handled : 0 / BindServiceData{token=android.os.BinderProxy@4240b860 intent=Intent { act=com.google.android.gms.config.UPDATE pkg=com.google.android.gms }}
D/ActivityThread(31292): SVC-UNBIND_SERVICE handled : 0 / BindServiceData{token=android.os.BinderProxy@42460a58 intent=Intent { act=android.accounts.AccountAuthenticator cmp=com.google.android.gsf.login/com.google.android.gsf.loginservice.GoogleLoginService }}
D/ActivityThread(31292): SVC-Destroying service: com.google.android.gsf.loginservice.GoogleLoginService@42227d30
D/ActivityThread(31292): SVC-STOP_SERVICE handled : 0 / android.os.BinderProxy@42460a58
D/ActivityThread(31292): SVC-BIND_SERVICE handled : 0 / BindServiceData{token=android.os.BinderProxy@4240b860 intent=Intent { act=com.google.android.gms.config.START pkg=com.google.android.gms }}
V/Provider/Settings(  627):  from settings cache , name = search_global_search_activity , value = null
V/ActivityManager(  627): Broadcast: Intent { act=android.search.action.SEARCHABLES_CHANGED flg=0x24000010 } ordered=false userid=0 callerApp=ProcessRecord{425d5930 627:system/1000}
D/Launcher.Model(  952): onReceive intent=Intent { act=android.search.action.SEARCHABLES_CHANGED flg=0x24000010 }
I/BufferQueue(  135): [FrameBufferSurface_0](this:0xb8b960a0,id:0,api:1,p:135,c:135) [release] fps:20.13, dur:1043.17, max:50.19, min:49.15
I/BufferQueue(  135): [FrameBufferSurface_0](this:0xb8b960a0,id:0,api:1,p:135,c:135) [queue] fps:20.13, dur:1043.19, max:50.19, min:49.15
I/SurfaceFlinger(  135): [Built-in Screen (type:0)] fps:20.130449,dur:1043.20,max:50.19,min:49.15
V/Provider/Settings(  627):  from settings cache , name = search_global_search_activity , value = null
V/ActivityManager(  627): Broadcast: Intent { act=android.search.action.SEARCHABLES_CHANGED flg=0x24000010 } ordered=false userid=0 callerApp=ProcessRecord{425d5930 627:system/1000}
V/Provider/Settings(  627):  from settings cache , name = voice_recognition_service , value = com.google.android.googlequicksearchbox/com.google.android.voicesearch.serviceapi.GoogleRecognitionService
D/Launcher.Model(  952): onReceive intent=Intent { act=android.search.action.SEARCHABLES_CHANGED flg=0x24000010 }
D/LocationProviderProxy-network(  627): bindBestPackage for com.android.location.service.v3.NetworkLocationProvider :  found 1, no new best package
D/LocationProviderProxy-fused(  627): bindBestPackage for com.android.location.service.FusedLocationProvider :  found 2, no new best package
D/GeocoderProxy(  627): bindBestPackage for com.android.location.service.GeocodeProvider :  found 1, no new best package
D/FusedProxy(  627): bindBestPackage for com.android.location.service.FusedProvider :  found 1, no new best package
D/GeofenceProxy(  627): bindBestPackage for com.android.location.service.GeofenceProvider :  found 1, no new best package
D/IPCThreadState(31292): [DN #5] BR_CLEAR_DEATH_NOTIFICATION_DONE cookie 0x648e9950
D/IPCThreadState(  627): [DN #5] BR_CLEAR_DEATH_NOTIFICATION_DONE cookie 0x6b299948
V/Provider/Settings(  627):  from settings cache , name = location_providers_allowed , value = 
V/Provider/Settings(  627):  from settings cache , name = location_providers_allowed , value = 
D/OpenGLRenderer(27285): prepareDirty (0.00, 0.00, 560.00, 739.00) opaque 0 <0x618232d8>
D/OpenGLRenderer(27285): clear (0.00, 739 - 739.00 = 0.00, 560.00 - 0.00 = 560.00, 739.00 - 0.00 = 739.00) opaque 0 <0x618232d8>
D/ActivityManager(  627): getContentProviderImpl: from callerandroid.app.ApplicationThreadProxy@42399f50 (pid=31333) to get content provider com.google.settings
D/OpenGLRenderer(27285): finish <0x618232d8>
D/ActivityManager(  627): getContentProviderImpl: updateLruProcessLocked cpr.proc=ProcessRecord{42e09140 31292:com.google.process.gapps/u0a10}
D/ActivityThread(31333): hoder:android.app.IActivityManager$ContentProviderHolder@420f01a8,provider,holder.Provider:android.content.ContentProviderProxy@4210e7a8
I/BufferQueue(  135): [com.android.packageinstaller/com.android.packageinstaller.InstallAppProgress](this:0xb8bdc5d8,id:1642,api:1,p:27285,c:135) [queue] fps:20.12, dur:1043.65, max:60.25, min:39.96
I/BufferQueue(  135): [com.android.packageinstaller/com.android.packageinstaller.InstallAppProgress](this:0xb8bdc5d8,id:1642,api:1,p:27285,c:135) [release] fps:20.13, dur:1043.26, max:49.87, min:49.49
V/Provider/Settings(27285):  from settings cache , name = package_verifier_user_consent , value = 1
D/IPCThreadState(31292): [DN #5] BR_CLEAR_DEATH_NOTIFICATION_DONE cookie 0x63f1b948
D/IPCThreadState(  627): [DN #5] BR_CLEAR_DEATH_NOTIFICATION_DONE cookie 0x64ba1fb8
D/ActivityThread(26543): SVC-Creating service: CreateServiceData{token=android.os.BinderProxy@41fe1190 className=com.android.defcontainer.DefaultContainerService packageName=com.android.defcontainer intent=null}
D/dalvikvm(26543): create interp thread : stack size=128KB
D/dalvikvm(26543): create new thread
V/Provider/Settings(  627):  from settings cache , name = location_providers_allowed , value = 
V/Provider/Settings(  627):  from settings cache , name = location_providers_allowed , value = 
D/dalvikvm(26543): new thread created
D/dalvikvm(26543): update thread list
D/dalvikvm(26543): threadid=10: interp stack at 0x5fb20000
D/dalvikvm(26543): threadid=10: created from interp
D/dalvikvm(26543): start new thread
D/dalvikvm(26543): threadid=10: notify debugger
D/dalvikvm(26543): threadid=10 (IntentService[DefaultContainerService]): calling run()
D/ActivityThread(26543): SVC-CREATE_SERVICE handled : 0 / CreateServiceData{token=android.os.BinderProxy@41fe1190 className=com.android.defcontainer.DefaultContainerService packageName=com.android.defcontainer intent=null}
D/ActivityThread(26543): SVC-BIND_SERVICE handled : 0 / BindServiceData{token=android.os.BinderProxy@41fe1190 intent=Intent { cmp=com.android.defcontainer/.DefaultContainerService }}
V/SettingsProvider(  627): call(global:airplane_mode_on) for 0
D/SettingsProvider(  627): lookupValue table global cache contains Key airplane_mode_on , value = Bundle[{value=0}]
V/Provider/Settings(31360): from db cache, name = airplane_mode_on , value = 0
D/OpenGLRenderer(27285): prepareDirty (0.00, 0.00, 560.00, 739.00) opaque 0 <0x618232d8>
D/OpenGLRenderer(27285): clear (0.00, 739 - 739.00 = 0.00, 560.00 - 0.00 = 560.00, 739.00 - 0.00 = 739.00) opaque 0 <0x618232d8>
D/OpenGLRenderer(27285): finish <0x618232d8>
D/AppOps  (  627): noteOperation: allowing code 10 uid 10010 package com.google.android.gms
D/installd(  141): /data/data/com.bidspirit.qa/cache/com.android.opengl.shaders_cache: 19388
I/PackageManager(  627): Apk copy done
D/ActivityThread(31360): SVC-SERVICE_ARGS handled : 0 / ServiceArgsData{token=android.os.BinderProxy@422edfa8 startId=1 args=Intent { act=android.intent.action.PACKAGE_REMOVED dat=package:com.bidspirit.qa cmp=com.google.android.gms/.config.ConfigFetchService (has extras) }}
D/ActivityThread(31360): SVC-Creating service: CreateServiceData{token=android.os.BinderProxy@4222d250 className=com.google.android.gms.icing.service.IndexWorkerService packageName=com.google.android.gms intent=null}
I/ActivityManager(  627): Resuming delayed broadcast
D/ActivityThread(26628): SVC-Destroying service: com.android.gallery3d.app.PackagesMonitor$AsyncService@4201b9f0
D/ActivityThread(26628): SVC-STOP_SERVICE handled : 0 / android.os.BinderProxy@4201a088
D/dalvikvm(26628): threadid=10: exiting
D/dalvikvm(26628): threadid=10: bye!
D/PowerManagerService(  627): acquireWakeLockInternal: lock=1115240280, flags=0x1, tag="Icing", ws=WorkSource{10010 com.google.android.gms}, uid=10010, pid=31360
D/PowerManagerNotifier(  627): onWakeLockAcquired: flags=1, tag="Icing", packageName=com.google.android.gms, ownerUid=10010, ownerPid=31360, workSource=WorkSource{10010 com.google.android.gms}
D/PowerManagerService(  627): updateWakeLockSummaryLocked: mWakefulness=Awake, mWakeLockSummary=0x1
D/PowerManagerService(  627): newScreenState = 2
D/PowerManagerService(  627): updateScreenStateLocked: mScreenBrightnessModeSetting=2, autoBrightness=false, ecoBrightness=true, screenAutoBrightnessAdjustment=0.0, screenBrightness=102
D/PowerManagerDisplayController(  627): requestPowerState: screenState=2, useProximitySensor=false, forceProximitySensorEnable=false, forceWakeUpEnable=false, screenBrightness=102, screenAutoBrightnessAdjustment=0.0, useAutoBrightness=false, useEcoBrightness=true, blockScreenOn=false, waitForNegativeProximity=false
I/PowerManagerService(  627): setBrightness mButtonLight 0.
D/PowerManagerService(  627): updateScreenStateLocked: mDisplayReady=true, newScreenState=2, mWakefulness=1, mWakeLockSummary=0x1, mUserActivitySummary=0x1, mBootCompleted=true
D/PowerManagerService(  627): Acquiring suspend blocker "PowerManagerService.WakeLocks".
D/PowerManagerService(  627): handleSandman: canDream=true, mWakefulness=Awake
D/ActivityThread(31360): SVC-CREATE_SERVICE handled : 0 / CreateServiceData{token=android.os.BinderProxy@4222d250 className=com.google.android.gms.icing.service.IndexWorkerService packageName=com.google.android.gms intent=null}
D/ActivityThread(31360): SVC-Calling onStartCommand: com.google.android.gms.icing.service.IndexWorkerService@420903e0, flags=0, startId=1
D/ActivityThread(31360): SVC-SERVICE_ARGS handled : 0 / ServiceArgsData{token=android.os.BinderProxy@4222d250 startId=1 args=Intent { act=android.intent.action.PACKAGE_REMOVED dat=package:com.bidspirit.qa flg=0x4000010 cmp=com.google.android.gms/.icing.service.IndexWorkerService (has extras) }}
D/ActivityThread(31360): SVC-Destroying service: com.google.android.gms.app.service.PackageBroadcastService@41fec9e8
D/dalvikvm(31359): Added shared lib /data/app-lib/com.google.android.tts-2/libpatts_engine_jni_api_neon_ub.210307121.so 0x41fab918
D/dalvikvm(31359): No JNI_OnLoad found in /data/app-lib/com.google.android.tts-2/libpatts_engine_jni_api_neon_ub.210307121.so 0x41fab918, skipping init
D/dalvikvm(31360): threadid=49: exiting
D/ActivityThread(31360): SVC-STOP_SERVICE handled : 0 / android.os.BinderProxy@42047748
D/ActivityThread(31360): SVC-Destroying service: com.google.android.gms.config.ConfigFetchService@4227a8f8
D/dalvikvm(31360): threadid=49: bye!
D/ActivityThread(31292): SVC-UNBIND_SERVICE handled : 0 / BindServiceData{token=android.os.BinderProxy@4240b860 intent=Intent { act=com.google.android.gms.config.UPDATE pkg=com.google.android.gms }}
D/ActivityThread(31360): SVC-STOP_SERVICE handled : 0 / android.os.BinderProxy@422edfa8
D/PowerManagerService(  627): releaseWakeLockInternal: lock=1115240280 [Icing], flags=0x0, total_time=15ms
D/PowerManagerNotifier(  627): onWakeLockReleased: flags=1, tag="Icing", packageName=com.google.android.gms, ownerUid=10010, ownerPid=31360, workSource=WorkSource{10010 com.google.android.gms}
D/PowerManagerService(  627): updateWakeLockSummaryLocked: mWakefulness=Awake, mWakeLockSummary=0x0
D/PowerManagerService(  627): newScreenState = 2
D/PowerManagerService(  627): updateScreenStateLocked: mScreenBrightnessModeSetting=2, autoBrightness=false, ecoBrightness=true, screenAutoBrightnessAdjustment=0.0, screenBrightness=102
D/PowerManagerDisplayController(  627): requestPowerState: screenState=2, useProximitySensor=false, forceProximitySensorEnable=false, forceWakeUpEnable=false, screenBrightness=102, screenAutoBrightnessAdjustment=0.0, useAutoBrightness=false, useEcoBrightness=true, blockScreenOn=false, waitForNegativeProximity=false
I/PowerManagerService(  627): setBrightness mButtonLight 0.
D/PowerManagerService(  627): updateScreenStateLocked: mDisplayReady=true, newScreenState=2, mWakefulness=1, mWakeLockSummary=0x0, mUserActivitySummary=0x1, mBootCompleted=true
D/PowerManagerService(  627): Releasing suspend blocker "PowerManagerService.WakeLocks".
D/PowerManagerService(  627): handleSandman: canDream=true, mWakefulness=Awake
D/IPCThreadState(  627): [DN #5] BR_CLEAR_DEATH_NOTIFICATION_DONE cookie 0x646a7c30
D/dalvikvm(31359): create interp thread : stack size=128KB
D/dalvikvm(31359): create new thread
D/dalvikvm(31359): new thread created
D/dalvikvm(31359): update thread list
D/dalvikvm(31359): threadid=12: interp stack at 0x60fbe000
D/dalvikvm(31359): threadid=12: created from interp
D/dalvikvm(31359): start new thread
D/dalvikvm(31359): threadid=12: notify debugger
D/dalvikvm(31359): threadid=12 (SynthThread): calling run()
D/ActivityThread(31360): BDC-Calling onReceive: intent=Intent { act=android.intent.action.PACKAGE_REMOVED dat=package:com.bidspirit.qa flg=0x4000010 cmp=com.google.android.gms/.games.chimera.GamesSystemBroadcastReceiverProxy (has extras) }, ordered=true, receiver=com.google.android.gms.games.chimera.GamesSystemBroadcastReceiverProxy@42357fd0
D/ChimeraCfgMgr(31360): Loading module com.google.android.gms.games from APK com.google.android.play.games
D/ChimeraModuleLdr(31360): Module APK com.google.android.play.games already loaded
D/ActivityThread(31360): BDC-RECEIVER handled : 0 / ReceiverData{intent=Intent { act=android.intent.action.PACKAGE_REMOVED dat=package:com.bidspirit.qa flg=0x4000010 cmp=com.google.android.gms/.games.chimera.GamesSystemBroadcastReceiverProxy (has extras) } packageName=com.google.android.gms resultCode=0 resultData=null resultExtras=null}
D/ActivityThread(31360): SVC-Calling onStartCommand: com.google.android.gms.icing.service.IndexWorkerService@420903e0, flags=0, startId=2
D/ActivityThread(31360): SVC-SERVICE_ARGS handled : 0 / ServiceArgsData{token=android.os.BinderProxy@4222d250 startId=2 args=Intent { act=com.google.android.gms.icing.START_STICKY cmp=com.google.android.gms/.icing.service.IndexWorkerService }}
D/ActivityThread(31360): SVC-Destroying service: com.google.android.gms.icing.service.IndexWorkerService@420903e0
D/dalvikvm(31359): create interp thread : stack size=128KB
D/dalvikvm(31359): create new thread
D/dalvikvm(31359): new thread created
D/dalvikvm(31359): update thread list
D/dalvikvm(31359): threadid=13: interp stack at 0x610df000
D/dalvikvm(31359): threadid=13: created from interp
D/dalvikvm(31359): start new thread
D/dalvikvm(31359): threadid=13: notify debugger
D/dalvikvm(31359): threadid=13 (TTS.AudioPlaybackThread): calling run()
D/ActivityThread(31360): SVC-STOP_SERVICE handled : 0 / android.os.BinderProxy@4222d250
V/Provider/Settings(31359):  from settings cache , name = tts_default_locale , value = null
V/SettingsProvider(  627): call(secure:tts_default_lang) for 0
D/SettingsProvider(  627): lookupValue table secure cache contains Key tts_default_lang , value = null
D/SettingsProvider(  627): lookupValue table secure cache.fullyMatchesDisk() tts_default_lang
V/Provider/Settings(31359): from db cache, name = tts_default_lang , value = null
V/SettingsProvider(  627): call(secure:tts_default_country) for 0
D/SettingsProvider(  627): lookupValue table secure cache contains Key tts_default_country , value = null
D/SettingsProvider(  627): lookupValue table secure cache.fullyMatchesDisk() tts_default_country
V/Provider/Settings(31359): from db cache, name = tts_default_country , value = null
V/SettingsProvider(  627): call(secure:tts_default_variant) for 0
D/SettingsProvider(  627): lookupValue table secure cache contains Key tts_default_variant , value = null
D/SettingsProvider(  627): lookupValue table secure cache.fullyMatchesDisk() tts_default_variant
V/Provider/Settings(31359): from db cache, name = tts_default_variant , value = null
I/dalvikvm(31359): Could not find method android.speech.tts.SynthesisRequest.getCharSequenceText, referenced from method com.google.android.tts.service.GoogleTTSRequest.getText
W/dalvikvm(31359): VFY: unable to resolve virtual method 1230: Landroid/speech/tts/SynthesisRequest;.getCharSequenceText ()Ljava/lang/CharSequence;
D/dalvikvm(31359): VFY: replacing opcode 0x6e at 0x0008
I/dalvikvm(31359): Could not find method android.speech.tts.SynthesisRequest.getVoiceName, referenced from method com.google.android.tts.service.GoogleTTSRequest.getVoiceName
W/dalvikvm(31359): VFY: unable to resolve virtual method 1237: Landroid/speech/tts/SynthesisRequest;.getVoiceName ()Ljava/lang/String;
D/dalvikvm(31359): VFY: replacing opcode 0x6e at 0x0015
D/dalvikvm(31359): create interp thread : stack size=128KB
D/dalvikvm(31359): create new thread
D/dalvikvm(31359): new thread created
D/dalvikvm(31359): update thread list
D/dalvikvm(31359): threadid=14: interp stack at 0x61203000
D/dalvikvm(31359): threadid=14: created from interp
D/dalvikvm(31359): start new thread
D/dalvikvm(31359): threadid=14: notify debugger
D/dalvikvm(31359): threadid=14 (AsyncTask #2): calling run()
D/ConnectivityService(  627): getActiveNetworkInfo:NetworkInfo: type: WIFI[], state: CONNECTED/CONNECTED, reason: (unspecified), extra: "z", roaming: false, failover: false, isAvailable: true, isConnectedToProvisioningNetwork: false, simId: 0/10050
D/ActivityThread(31359): SVC-CREATE_SERVICE handled : 0 / CreateServiceData{token=android.os.BinderProxy@41fa6cc0 className=com.google.android.tts.service.GoogleTTSService packageName=com.google.android.tts intent=null}
I/TextToSpeech(31290): Connected to ComponentInfo{com.google.android.tts/com.google.android.tts.service.GoogleTTSService}
D/dalvikvm(31290): create interp thread : stack size=128KB
D/dalvikvm(31290): create new thread
D/ActivityThread(30682): BDC-Calling onReceive: intent=Intent { act=android.intent.action.PACKAGE_REMOVED dat=package:com.bidspirit.qa flg=0x4000010 cmp=com.google.android.apps.docs/.receivers.AppPackageAddRemoveReceiver (has extras) }, ordered=true, receiver=com.google.android.apps.docs.receivers.AppPackageAddRemoveReceiver@422474d8
D/dalvikvm(31290): new thread created
D/dalvikvm(31290): update thread list
D/ActivityThread(31359): SVC-BIND_SERVICE handled : 0 / BindServiceData{token=android.os.BinderProxy@41fa6cc0 intent=Intent { act=android.intent.action.TTS_SERVICE pkg=com.google.android.tts }}
D/dalvikvm(31290): threadid=34: interp stack at 0x62833000
D/dalvikvm(31290): threadid=34: created from interp
D/dalvikvm(31290): start new thread
D/dalvikvm(31290): threadid=34: notify debugger
D/dalvikvm(31290): threadid=34 (AsyncTask #1): calling run()
V/Provider/Settings(31359):  from settings cache , name = tts_default_locale , value = null
V/Provider/Settings(31359):  from settings cache , name = tts_default_lang , value = null
V/Provider/Settings(31359):  from settings cache , name = tts_default_country , value = null
V/Provider/Settings(31359):  from settings cache , name = tts_default_variant , value = null
I/TextToSpeech(31290): Set up connection to ComponentInfo{com.google.android.tts/com.google.android.tts.service.GoogleTTSService}
D/ConnectivityService(  627): getActiveNetworkInfo:NetworkInfo: type: WIFI[], state: CONNECTED/CONNECTED, reason: (unspecified), extra: "z", roaming: false, failover: false, isAvailable: true, isConnectedToProvisioningNetwork: false, simId: 0/10050
D/ActivityThread(30682): BDC-RECEIVER handled : 0 / ReceiverData{intent=Intent { act=android.intent.action.PACKAGE_REMOVED dat=package:com.bidspirit.qa flg=0x4000010 cmp=com.google.android.apps.docs/.receivers.AppPackageAddRemoveReceiver (has extras) } packageName=com.google.android.apps.docs resultCode=0 resultData=null resultExtras=null}
D/ConnectivityService(  627): getActiveNetworkInfo:NetworkInfo: type: WIFI[], state: CONNECTED/CONNECTED, reason: (unspecified), extra: "z", roaming: false, failover: false, isAvailable: true, isConnectedToProvisioningNetwork: false, simId: 0/10050
D/ActivityThread(31292): SVC-Creating service: CreateServiceData{token=android.os.BinderProxy@42209678 className=com.google.android.gms.playlog.service.PlayLogIntentService packageName=com.google.android.gms intent=null}
D/ActivityThread(31292): SVC-CREATE_SERVICE handled : 0 / CreateServiceData{token=android.os.BinderProxy@42209678 className=com.google.android.gms.playlog.service.PlayLogIntentService packageName=com.google.android.gms intent=null}
D/ActivityThread(31292): SVC-Calling onStartCommand: com.google.android.gms.playlog.service.PlayLogIntentService@424f8fa0, flags=0, startId=1
D/dalvikvm(31292): create interp thread : stack size=128KB
D/dalvikvm(31292): create new thread
D/dalvikvm(31292): new thread created
D/dalvikvm(31292): update thread list
D/dalvikvm(31292): threadid=22: interp stack at 0x651e1000
D/dalvikvm(31292): threadid=22: created from interp
D/dalvikvm(31292): start new thread
D/dalvikvm(31292): threadid=22: notify debugger
D/dalvikvm(31292): threadid=22 (AOS[PlayLogIntentService]): calling run()
D/ActivityThread(31292): SVC-SERVICE_ARGS handled : 0 / ServiceArgsData{token=android.os.BinderProxy@42209678 startId=1 args=Intent { act=com.google.android.gms.playlog.service.INTENT pkg=com.google.android.gms }}
D/ActivityThread(30635): BDC-Calling onReceive: intent=Intent { act=android.intent.action.PACKAGE_ADDED dat=package:com.bidspirit.qa flg=0x4000010 cmp=com.android.providers.contacts/.PackageIntentReceiver (has extras) }, ordered=true, receiver=com.android.providers.contacts.PackageIntentReceiver@42049a38
D/ContactsProvider(30635): performBackgroundTask()+ **** task=8
D/ActivityThread(30635): BDC-RECEIVER handled : 0 / ReceiverData{intent=Intent { act=android.intent.action.PACKAGE_ADDED dat=package:com.bidspirit.qa flg=0x4000010 cmp=com.android.providers.contacts/.PackageIntentReceiver (has extras) } packageName=com.android.providers.contacts resultCode=0 resultData=null resultExtras=null}
D/SQLiteDatabase(30635): beginTransaction()
D/SQLiteDatabase(30635): endTransaction()
V/Provider/Settings(31290):  from settings cache , name = tts_default_synth , value = null
D/ActivityThread(30713): BDC-Calling onReceive: intent=Intent { act=android.intent.action.PACKAGE_ADDED dat=package:com.bidspirit.qa flg=0x4000010 cmp=com.google.android.partnersetup/.RlzPingBroadcastReceiver (has extras) }, ordered=true, receiver=com.google.android.partnersetup.RlzPingBroadcastReceiver@41fcf7f8
D/ActivityThread(30713): BDC-RECEIVER handled : 0 / ReceiverData{intent=Intent { act=android.intent.action.PACKAGE_ADDED dat=package:com.bidspirit.qa flg=0x4000010 cmp=com.google.android.partnersetup/.RlzPingBroadcastReceiver (has extras) } packageName=com.google.android.partnersetup resultCode=0 resultData=null resultExtras=null}
D/ActivityThread(30713): SVC-Creating service: CreateServiceData{token=android.os.BinderProxy@41fd05a8 className=com.google.android.partnersetup.RlzPingIntentService packageName=com.google.android.partnersetup intent=null}
D/dalvikvm(30713): create interp thread : stack size=128KB
D/dalvikvm(30713): create new thread
D/dalvikvm(30713): new thread created
D/dalvikvm(30713): update thread list
D/dalvikvm(30713): threadid=10: interp stack at 0x5fb6a000
D/dalvikvm(30713): threadid=10: created from interp
D/dalvikvm(30713): start new thread
D/dalvikvm(30713): threadid=10: notify debugger
D/dalvikvm(30713): threadid=10 (IntentService[GooglePartnerSetup]): calling run()
D/SQLiteDatabase(31292): beginTransaction()
D/SQLiteDatabase(31292): beginTransaction()
D/ActivityThread(30713): SVC-CREATE_SERVICE handled : 0 / CreateServiceData{token=android.os.BinderProxy@41fd05a8 className=com.google.android.partnersetup.RlzPingIntentService packageName=com.google.android.partnersetup intent=null}
D/SQLiteDatabase(31292): endTransaction()
D/ActivityThread(30713): SVC-Calling onStartCommand: com.google.android.partnersetup.RlzPingIntentService@41fd1f08, flags=0, startId=1
D/SQLiteDatabase(31292): endTransaction()
D/ActivityThread(30713): SVC-SERVICE_ARGS handled : 0 / ServiceArgsData{token=android.os.BinderProxy@41fd05a8 startId=1 args=Intent { act=android.intent.action.PACKAGE_ADDED dat=package:com.bidspirit.qa flg=0x4000010 cmp=com.google.android.partnersetup/.RlzPingIntentService (has extras) }}
D/ActivityThread(30713): BDC-Calling onReceive: intent=Intent { act=android.intent.action.PACKAGE_ADDED dat=package:com.bidspirit.qa flg=0x4000010 cmp=com.google.android.partnersetup/.AppInstalledReceiver (has extras) }, ordered=true, receiver=com.google.android.partnersetup.AppInstalledReceiver@41fd5c08
D/ActivityThread(30713): BDC-RECEIVER handled : 0 / ReceiverData{intent=Intent { act=android.intent.action.PACKAGE_ADDED dat=package:com.bidspirit.qa flg=0x4000010 cmp=com.google.android.partnersetup/.AppInstalledReceiver (has extras) } packageName=com.google.android.partnersetup resultCode=0 resultData=null resultExtras=null}
D/ActivityThread(30713): SVC-Destroying service: com.google.android.partnersetup.RlzPingIntentService@41fd1f08
D/dalvikvm(30713): threadid=10: exiting
D/dalvikvm(30713): threadid=10: bye!
D/ActivityThread(30713): SVC-STOP_SERVICE handled : 0 / android.os.BinderProxy@41fd05a8
D/ActivityThread(30713): SVC-Creating service: CreateServiceData{token=android.os.BinderProxy@41fd6958 className=com.google.android.partnersetup.AppInstalledService packageName=com.google.android.partnersetup intent=null}
D/dalvikvm(30713): create interp thread : stack size=128KB
D/dalvikvm(30713): create new thread
D/dalvikvm(30713): new thread created
D/dalvikvm(30713): update thread list
D/dalvikvm(30713): threadid=10: interp stack at 0x5fb6a000
D/dalvikvm(30713): threadid=10: created from interp
D/dalvikvm(30713): start new thread
D/dalvikvm(30713): threadid=10: notify debugger
D/dalvikvm(30713): threadid=10 (IntentService[GooglePartnerSetup]): calling run()
D/ActivityThread(30175): BDC-Calling onReceive: intent=Intent { act=android.intent.action.PACKAGE_ADDED dat=package:com.bidspirit.qa flg=0x4000010 cmp=com.android.settings/com.mediatek.thememanager.ThemeReceiver (has extras) }, ordered=true, receiver=com.mediatek.thememanager.ThemeReceiver@4213df78
D/ThemeReceiver(30175): insert theme: 0 0
D/ActivityThread(30175): BDC-RECEIVER handled : 0 / ReceiverData{intent=Intent { act=android.intent.action.PACKAGE_ADDED dat=package:com.bidspirit.qa flg=0x4000010 cmp=com.android.settings/com.mediatek.thememanager.ThemeReceiver (has extras) } packageName=com.android.settings resultCode=0 resultData=null resultExtras=null}
D/ActivityThread(30713): SVC-CREATE_SERVICE handled : 0 / CreateServiceData{token=android.os.BinderProxy@41fd6958 className=com.google.android.partnersetup.AppInstalledService packageName=com.google.android.partnersetup intent=null}
D/ActivityThread(30713): SVC-Calling onStartCommand: com.google.android.partnersetup.AppInstalledService@41fd88c0, flags=0, startId=1
D/ActivityThread(30713): SVC-SERVICE_ARGS handled : 0 / ServiceArgsData{token=android.os.BinderProxy@41fd6958 startId=1 args=Intent { dat=package:com.bidspirit.qa cmp=com.google.android.partnersetup/.AppInstalledService }}
D/ActivityThread(10683): BDC-Calling onReceive: intent=Intent { act=android.intent.action.PACKAGE_ADDED dat=package:com.bidspirit.qa flg=0x4000010 cmp=com.google.android.googlequicksearchbox/com.google.android.search.core.summons.icing.InternalIcingCorporaProvider$CorporaChangedReceiver (has extras) }, ordered=true, receiver=com.google.android.search.core.summons.icing.InternalIcingCorporaProvider$CorporaChangedReceiver@421d3128
D/ActivityThread(30713): SVC-Destroying service: com.google.android.partnersetup.AppInstalledService@41fd88c0
D/ActivityThread(30713): SVC-STOP_SERVICE handled : 0 / android.os.BinderProxy@41fd6958
D/dalvikvm(30713): threadid=10: exiting
D/dalvikvm(30713): threadid=10: bye!
D/ContactsProvider(30635): performBackgroundTask()- **** task=8
D/ActivityThread(10683): BDC-RECEIVER handled : 0 / ReceiverData{intent=Intent { act=android.intent.action.PACKAGE_ADDED dat=package:com.bidspirit.qa flg=0x4000010 cmp=com.google.android.googlequicksearchbox/com.google.android.search.core.summons.icing.InternalIcingCorporaProvider$CorporaChangedReceiver (has extras) } packageName=com.google.android.googlequicksearchbox resultCode=0 resultData=null resultExtras=null}
D/ActivityThread(10683): SVC-Creating service: CreateServiceData{token=android.os.BinderProxy@4216e9d0 className=com.google.android.search.core.summons.icing.InternalIcingCorporaProvider$UpdateCorporaService packageName=com.google.android.googlequicksearchbox intent=null}
D/dalvikvm(10683): create interp thread : stack size=128KB
D/dalvikvm(10683): create new thread
D/dalvikvm(10683): new thread created
D/dalvikvm(10683): update thread list
D/dalvikvm(10683): threadid=16: interp stack at 0x6117f000
D/dalvikvm(10683): threadid=16: created from interp
D/dalvikvm(10683): start new thread
D/dalvikvm(10683): threadid=16: notify debugger
D/dalvikvm(10683): threadid=16 (IntentService[UpdateCorporaService]): calling run()
D/ActivityThread(10683): SVC-CREATE_SERVICE handled : 0 / CreateServiceData{token=android.os.BinderProxy@4216e9d0 className=com.google.android.search.core.summons.icing.InternalIcingCorporaProvider$UpdateCorporaService packageName=com.google.android.googlequicksearchbox intent=null}
D/ActivityThread(10683): SVC-Calling onStartCommand: com.google.android.search.core.summons.icing.InternalIcingCorporaProvider$UpdateCorporaService@42225c30, flags=0, startId=1
D/ActivityThread(10683): SVC-SERVICE_ARGS handled : 0 / ServiceArgsData{token=android.os.BinderProxy@4216e9d0 startId=1 args=Intent { act=ACTION_UPDATE cmp=com.google.android.googlequicksearchbox/com.google.android.search.core.summons.icing.InternalIcingCorporaProvider$UpdateCorporaService (has extras) }}
D/ActivityThread(10683): BDC-Calling onReceive: intent=Intent { act=android.intent.action.PACKAGE_ADDED dat=package:com.bidspirit.qa flg=0x4000010 cmp=com.google.android.googlequicksearchbox/.GelStubAppWatcher (has extras) }, ordered=true, receiver=com.google.android.googlequicksearchbox.GelStubAppWatcher@420c44b0
D/ActivityThread(10683): BDC-RECEIVER handled : 0 / ReceiverData{intent=Intent { act=android.intent.action.PACKAGE_ADDED dat=package:com.bidspirit.qa flg=0x4000010 cmp=com.google.android.googlequicksearchbox/.GelStubAppWatcher (has extras) } packageName=com.google.android.googlequicksearchbox resultCode=0 resultData=null resultExtras=null}
