D/PowerManagerService(  627): acquireWakeLockInternal: lock=1117273976, flags=0x1, tag="Wakeful StateMachine: GeofencerStateMachine", ws=WorkSource{10010 com.google.android.gms}, uid=10010, pid=31333
D/PowerManagerNotifier(  627): onWakeLockAcquired: flags=1, tag="Wakeful StateMachine: GeofencerStateMachine", packageName=com.google.android.gms, ownerUid=10010, ownerPid=31333, workSource=WorkSource{10010 com.google.android.gms}
D/PowerManagerService(  627): updateWakeLockSummaryLocked: mWakefulness=Awake, mWakeLockSummary=0x1
D/PowerManagerService(  627): newScreenState = 2
D/PowerManagerService(  627): updateScreenStateLocked: mScreenBrightnessModeSetting=2, autoBrightness=false, ecoBrightness=true, screenAutoBrightnessAdjustment=0.0, screenBrightness=102
D/PowerManagerDisplayController(  627): requestPowerState: screenState=2, useProximitySensor=false, forceProximitySensorEnable=false, forceWakeUpEnable=false, screenBrightness=102, screenAutoBrightnessAdjustment=0.0, useAutoBrightness=false, useEcoBrightness=true, blockScreenOn=false, waitForNegativeProximity=false
I/PowerManagerService(  627): setBrightness mButtonLight 0.
D/PowerManagerService(  627): updateScreenStateLocked: mDisplayReady=true, newScreenState=2, mWakefulness=1, mWakeLockSummary=0x1, mUserActivitySummary=0x1, mBootCompleted=true
D/PowerManagerService(  627): handleSandman: canDream=true, mWakefulness=Awake
V/Provider/Settings(  627):  from settings cache , name = location_providers_allowed , value = 
D/PowerManagerService(  627): releaseWakeLockInternal: lock=1117273976 [Wakeful StateMachine: GeofencerStateMachine], flags=0x0, total_time=2ms
D/PowerManagerNotifier(  627): onWakeLockReleased: flags=1, tag="Wakeful StateMachine: GeofencerStateMachine", packageName=com.google.android.gms, ownerUid=10010, ownerPid=31333, workSource=WorkSource{10010 com.google.android.gms}
D/PowerManagerService(  627): updateWakeLockSummaryLocked: mWakefulness=Awake, mWakeLockSummary=0x1
D/PowerManagerService(  627): newScreenState = 2
D/PowerManagerService(  627): updateScreenStateLocked: mScreenBrightnessModeSetting=2, autoBrightness=false, ecoBrightness=true, screenAutoBrightnessAdjustment=0.0, screenBrightness=102
D/PowerManagerDisplayController(  627): requestPowerState: screenState=2, useProximitySensor=false, forceProximitySensorEnable=false, forceWakeUpEnable=false, screenBrightness=102, screenAutoBrightnessAdjustment=0.0, useAutoBrightness=false, useEcoBrightness=true, blockScreenOn=false, waitForNegativeProximity=false
I/PowerManagerService(  627): setBrightness mButtonLight 0.
D/PowerManagerService(  627): updateScreenStateLocked: mDisplayReady=true, newScreenState=2, mWakefulness=1, mWakeLockSummary=0x1, mUserActivitySummary=0x1, mBootCompleted=true
D/PowerManagerService(  627): handleSandman: canDream=true, mWakefulness=Awake
D/IPCThreadState(  627): [DN #5] BR_CLEAR_DEATH_NOTIFICATION_DONE cookie 0x643a5e38
D/PowerManagerService(  627): releaseWakeLockInternal: lock=1115240280 [Icing], flags=0x0, total_time=181ms
D/PowerManagerNotifier(  627): onWakeLockReleased: flags=1, tag="Icing", packageName=com.google.android.gms, ownerUid=10010, ownerPid=31360, workSource=WorkSource{10010 com.google.android.gms}
D/PowerManagerService(  627): updateWakeLockSummaryLocked: mWakefulness=Awake, mWakeLockSummary=0x0
D/PowerManagerService(  627): newScreenState = 2
D/PowerManagerService(  627): updateScreenStateLocked: mScreenBrightnessModeSetting=2, autoBrightness=false, ecoBrightness=true, screenAutoBrightnessAdjustment=0.0, screenBrightness=102
D/PowerManagerDisplayController(  627): requestPowerState: screenState=2, useProximitySensor=false, forceProximitySensorEnable=false, forceWakeUpEnable=false, screenBrightness=102, screenAutoBrightnessAdjustment=0.0, useAutoBrightness=false, useEcoBrightness=true, blockScreenOn=false, waitForNegativeProximity=false
I/PowerManagerService(  627): setBrightness mButtonLight 0.
D/PowerManagerService(  627): updateScreenStateLocked: mDisplayReady=true, newScreenState=2, mWakefulness=1, mWakeLockSummary=0x0, mUserActivitySummary=0x1, mBootCompleted=true
D/PowerManagerService(  627): Releasing suspend blocker "PowerManagerService.WakeLocks".
D/PowerManagerService(  627): handleSandman: canDream=true, mWakefulness=Awake
D/IPCThreadState(  627): [DN #5] BR_CLEAR_DEATH_NOTIFICATION_DONE cookie 0x646a7c30
D/ActivityThread(31360): SVC-Destroying service: com.google.android.gms.icing.service.IndexWorkerService@425da050
D/ActivityThread(31360): SVC-STOP_SERVICE handled : 0 / android.os.BinderProxy@4251d6e8
D/ActivityThread(31360): SVC-Creating service: CreateServiceData{token=android.os.BinderProxy@42476690 className=com.google.android.gms.icing.service.IndexWorkerService packageName=com.google.android.gms intent=null}
D/PowerManagerService(  627): acquireWakeLockInternal: lock=1115240280, flags=0x1, tag="Icing", ws=WorkSource{10010 com.google.android.gms}, uid=10010, pid=31360
D/ActivityThread(31360): SVC-CREATE_SERVICE handled : 0 / CreateServiceData{token=android.os.BinderProxy@42476690 className=com.google.android.gms.icing.service.IndexWorkerService packageName=com.google.android.gms intent=null}
D/ActivityThread(31360): SVC-Calling onStartCommand: com.google.android.gms.icing.service.IndexWorkerService@4252c608, flags=0, startId=1
D/PowerManagerNotifier(  627): onWakeLockAcquired: flags=1, tag="Icing", packageName=com.google.android.gms, ownerUid=10010, ownerPid=31360, workSource=WorkSource{10010 com.google.android.gms}
D/PowerManagerService(  627): updateWakeLockSummaryLocked: mWakefulness=Awake, mWakeLockSummary=0x1
D/PowerManagerService(  627): newScreenState = 2
D/ActivityThread(31360): SVC-SERVICE_ARGS handled : 0 / ServiceArgsData{token=android.os.BinderProxy@42476690 startId=1 args=Intent { act=com.google.android.gms.icing.START_STICKY cmp=com.google.android.gms/.icing.service.IndexWorkerService }}
D/PowerManagerService(  627): updateScreenStateLocked: mScreenBrightnessModeSetting=2, autoBrightness=false, ecoBrightness=true, screenAutoBrightnessAdjustment=0.0, screenBrightness=102
D/PowerManagerDisplayController(  627): requestPowerState: screenState=2, useProximitySensor=false, forceProximitySensorEnable=false, forceWakeUpEnable=false, screenBrightness=102, screenAutoBrightnessAdjustment=0.0, useAutoBrightness=false, useEcoBrightness=true, blockScreenOn=false, waitForNegativeProximity=false
I/PowerManagerService(  627): setBrightness mButtonLight 0.
D/PowerManagerService(  627): updateScreenStateLocked: mDisplayReady=true, newScreenState=2, mWakefulness=1, mWakeLockSummary=0x1, mUserActivitySummary=0x1, mBootCompleted=true
D/PowerManagerService(  627): Acquiring suspend blocker "PowerManagerService.WakeLocks".
D/PowerManagerService(  627): handleSandman: canDream=true, mWakefulness=Awake
D/PowerManagerService(  627): releaseWakeLockInternal: lock=1115240280 [Icing], flags=0x0, total_time=13ms
D/PowerManagerNotifier(  627): onWakeLockReleased: flags=1, tag="Icing", packageName=com.google.android.gms, ownerUid=10010, ownerPid=31360, workSource=WorkSource{10010 com.google.android.gms}
D/PowerManagerService(  627): updateWakeLockSummaryLocked: mWakefulness=Awake, mWakeLockSummary=0x0
D/PowerManagerService(  627): newScreenState = 2
D/PowerManagerService(  627): updateScreenStateLocked: mScreenBrightnessModeSetting=2, autoBrightness=false, ecoBrightness=true, screenAutoBrightnessAdjustment=0.0, screenBrightness=102
D/PowerManagerDisplayController(  627): requestPowerState: screenState=2, useProximitySensor=false, forceProximitySensorEnable=false, forceWakeUpEnable=false, screenBrightness=102, screenAutoBrightnessAdjustment=0.0, useAutoBrightness=false, useEcoBrightness=true, blockScreenOn=false, waitForNegativeProximity=false
I/PowerManagerService(  627): setBrightness mButtonLight 0.
D/PowerManagerService(  627): updateScreenStateLocked: mDisplayReady=true, newScreenState=2, mWakefulness=1, mWakeLockSummary=0x0, mUserActivitySummary=0x1, mBootCompleted=true
D/PowerManagerService(  627): Releasing suspend blocker "PowerManagerService.WakeLocks".
D/PowerManagerService(  627): handleSandman: canDream=true, mWakefulness=Awake
D/IPCThreadState(  627): [DN #5] BR_CLEAR_DEATH_NOTIFICATION_DONE cookie 0x646a7c30
D/ActivityThread(31360): SVC-Destroying service: com.google.android.gms.icing.service.IndexWorkerService@4252c608
D/ActivityThread(31360): SVC-STOP_SERVICE handled : 0 / android.os.BinderProxy@42476690
D/ActivityThread(31360): SVC-Creating service: CreateServiceData{token=android.os.BinderProxy@42031350 className=com.google.android.gms.icing.service.IndexWorkerService packageName=com.google.android.gms intent=null}
D/PowerManagerService(  627): acquireWakeLockInternal: lock=1115240280, flags=0x1, tag="Icing", ws=WorkSource{10010 com.google.android.gms}, uid=10010, pid=31360
D/ActivityThread(31360): SVC-CREATE_SERVICE handled : 0 / CreateServiceData{token=android.os.BinderProxy@42031350 className=com.google.android.gms.icing.service.IndexWorkerService packageName=com.google.android.gms intent=null}
D/ActivityThread(31360): SVC-Calling onStartCommand: com.google.android.gms.icing.service.IndexWorkerService@42440248, flags=0, startId=1
D/PowerManagerNotifier(  627): onWakeLockAcquired: flags=1, tag="Icing", packageName=com.google.android.gms, ownerUid=10010, ownerPid=31360, workSource=WorkSource{10010 com.google.android.gms}
D/PowerManagerService(  627): updateWakeLockSummaryLocked: mWakefulness=Awake, mWakeLockSummary=0x1
D/ActivityThread(31360): SVC-SERVICE_ARGS handled : 0 / ServiceArgsData{token=android.os.BinderProxy@42031350 startId=1 args=Intent { act=com.google.android.gms.icing.START_STICKY cmp=com.google.android.gms/.icing.service.IndexWorkerService }}
D/PowerManagerService(  627): newScreenState = 2
D/PowerManagerService(  627): updateScreenStateLocked: mScreenBrightnessModeSetting=2, autoBrightness=false, ecoBrightness=true, screenAutoBrightnessAdjustment=0.0, screenBrightness=102
D/PowerManagerDisplayController(  627): requestPowerState: screenState=2, useProximitySensor=false, forceProximitySensorEnable=false, forceWakeUpEnable=false, screenBrightness=102, screenAutoBrightnessAdjustment=0.0, useAutoBrightness=false, useEcoBrightness=true, blockScreenOn=false, waitForNegativeProximity=false
I/PowerManagerService(  627): setBrightness mButtonLight 0.
D/PowerManagerService(  627): updateScreenStateLocked: mDisplayReady=true, newScreenState=2, mWakefulness=1, mWakeLockSummary=0x1, mUserActivitySummary=0x1, mBootCompleted=true
D/PowerManagerService(  627): Acquiring suspend blocker "PowerManagerService.WakeLocks".
D/PowerManagerService(  627): handleSandman: canDream=true, mWakefulness=Awake
I/ANRManager(  627): CPU update time < 2.5sec
D/PowerManagerService(  627): releaseWakeLockInternal: lock=1115240280 [Icing], flags=0x0, total_time=16ms
D/PowerManagerNotifier(  627): onWakeLockReleased: flags=1, tag="Icing", packageName=com.google.android.gms, ownerUid=10010, ownerPid=31360, workSource=WorkSource{10010 com.google.android.gms}
D/PowerManagerService(  627): updateWakeLockSummaryLocked: mWakefulness=Awake, mWakeLockSummary=0x0
D/PowerManagerService(  627): newScreenState = 2
D/PowerManagerService(  627): updateScreenStateLocked: mScreenBrightnessModeSetting=2, autoBrightness=false, ecoBrightness=true, screenAutoBrightnessAdjustment=0.0, screenBrightness=102
D/PowerManagerDisplayController(  627): requestPowerState: screenState=2, useProximitySensor=false, forceProximitySensorEnable=false, forceWakeUpEnable=false, screenBrightness=102, screenAutoBrightnessAdjustment=0.0, useAutoBrightness=false, useEcoBrightness=true, blockScreenOn=false, waitForNegativeProximity=false
I/PowerManagerService(  627): setBrightness mButtonLight 0.
D/PowerManagerService(  627): updateScreenStateLocked: mDisplayReady=true, newScreenState=2, mWakefulness=1, mWakeLockSummary=0x0, mUserActivitySummary=0x1, mBootCompleted=true
D/PowerManagerService(  627): Releasing suspend blocker "PowerManagerService.WakeLocks".
D/PowerManagerService(  627): handleSandman: canDream=true, mWakefulness=Awake
D/IPCThreadState(  627): [DN #5] BR_CLEAR_DEATH_NOTIFICATION_DONE cookie 0x646a7c30
D/ActivityThread(31360): SVC-Destroying service: com.google.android.gms.icing.service.IndexWorkerService@42440248
D/ActivityThread(31360): SVC-STOP_SERVICE handled : 0 / android.os.BinderProxy@42031350
D/ActivityThread(31360): SVC-Creating service: CreateServiceData{token=android.os.BinderProxy@42488730 className=com.google.android.gms.icing.service.IndexWorkerService packageName=com.google.android.gms intent=null}
D/PowerManagerService(  627): acquireWakeLockInternal: lock=1115240280, flags=0x1, tag="Icing", ws=WorkSource{10010 com.google.android.gms}, uid=10010, pid=31360
D/ActivityThread(31360): SVC-CREATE_SERVICE handled : 0 / CreateServiceData{token=android.os.BinderProxy@42488730 className=com.google.android.gms.icing.service.IndexWorkerService packageName=com.google.android.gms intent=null}
D/PowerManagerNotifier(  627): onWakeLockAcquired: flags=1, tag="Icing", packageName=com.google.android.gms, ownerUid=10010, ownerPid=31360, workSource=WorkSource{10010 com.google.android.gms}
D/ActivityThread(31360): SVC-Calling onStartCommand: com.google.android.gms.icing.service.IndexWorkerService@425bc300, flags=0, startId=1
D/PowerManagerService(  627): updateWakeLockSummaryLocked: mWakefulness=Awake, mWakeLockSummary=0x1
D/PowerManagerService(  627): newScreenState = 2
D/ActivityThread(31360): SVC-SERVICE_ARGS handled : 0 / ServiceArgsData{token=android.os.BinderProxy@42488730 startId=1 args=Intent { act=com.google.android.gms.icing.START_STICKY cmp=com.google.android.gms/.icing.service.IndexWorkerService }}
D/PowerManagerService(  627): updateScreenStateLocked: mScreenBrightnessModeSetting=2, autoBrightness=false, ecoBrightness=true, screenAutoBrightnessAdjustment=0.0, screenBrightness=102
D/PowerManagerDisplayController(  627): requestPowerState: screenState=2, useProximitySensor=false, forceProximitySensorEnable=false, forceWakeUpEnable=false, screenBrightness=102, screenAutoBrightnessAdjustment=0.0, useAutoBrightness=false, useEcoBrightness=true, blockScreenOn=false, waitForNegativeProximity=false
I/PowerManagerService(  627): setBrightness mButtonLight 0.
D/PowerManagerService(  627): updateScreenStateLocked: mDisplayReady=true, newScreenState=2, mWakefulness=1, mWakeLockSummary=0x1, mUserActivitySummary=0x1, mBootCompleted=true
D/PowerManagerService(  627): Acquiring suspend blocker "PowerManagerService.WakeLocks".
D/PowerManagerService(  627): handleSandman: canDream=true, mWakefulness=Awake
I/ANRManager(  627): CPU update time < 2.5sec
I/ANRManager(  627): CPU update time < 2.5sec
D/ConnectivityService(  627): getActiveNetworkInfo:NetworkInfo: type: WIFI[], state: CONNECTED/CONNECTED, reason: (unspecified), extra: "z", roaming: false, failover: false, isAvailable: true, isConnectedToProvisioningNetwork: false, simId: 0/10068
I/ANRManager(  627): CPU update time < 2.5sec
D/PowerManagerService(  627): releaseWakeLockInternal: lock=1115240280 [Icing], flags=0x0, total_time=283ms
D/PowerManagerNotifier(  627): onWakeLockReleased: flags=1, tag="Icing", packageName=com.google.android.gms, ownerUid=10010, ownerPid=31360, workSource=WorkSource{10010 com.google.android.gms}
D/PowerManagerService(  627): updateWakeLockSummaryLocked: mWakefulness=Awake, mWakeLockSummary=0x0
D/PowerManagerService(  627): newScreenState = 2
D/PowerManagerService(  627): updateScreenStateLocked: mScreenBrightnessModeSetting=2, autoBrightness=false, ecoBrightness=true, screenAutoBrightnessAdjustment=0.0, screenBrightness=102
D/PowerManagerDisplayController(  627): requestPowerState: screenState=2, useProximitySensor=false, forceProximitySensorEnable=false, forceWakeUpEnable=false, screenBrightness=102, screenAutoBrightnessAdjustment=0.0, useAutoBrightness=false, useEcoBrightness=true, blockScreenOn=false, waitForNegativeProximity=false
I/PowerManagerService(  627): setBrightness mButtonLight 0.
D/PowerManagerService(  627): updateScreenStateLocked: mDisplayReady=true, newScreenState=2, mWakefulness=1, mWakeLockSummary=0x0, mUserActivitySummary=0x1, mBootCompleted=true
D/PowerManagerService(  627): Releasing suspend blocker "PowerManagerService.WakeLocks".
D/PowerManagerService(  627): handleSandman: canDream=true, mWakefulness=Awake
D/IPCThreadState(  627): [DN #5] BR_CLEAR_DEATH_NOTIFICATION_DONE cookie 0x646a7c30
D/ActivityThread(31360): SVC-Destroying service: com.google.android.gms.icing.service.IndexWorkerService@425bc300
D/ActivityThread(31360): SVC-STOP_SERVICE handled : 0 / android.os.BinderProxy@42488730
D/ActivityThread(31360): SVC-Creating service: CreateServiceData{token=android.os.BinderProxy@425ad5f8 className=com.google.android.gms.icing.service.IndexWorkerService packageName=com.google.android.gms intent=null}
D/PowerManagerService(  627): acquireWakeLockInternal: lock=1115240280, flags=0x1, tag="Icing", ws=WorkSource{10010 com.google.android.gms}, uid=10010, pid=31360
D/ActivityThread(31360): SVC-CREATE_SERVICE handled : 0 / CreateServiceData{token=android.os.BinderProxy@425ad5f8 className=com.google.android.gms.icing.service.IndexWorkerService packageName=com.google.android.gms intent=null}
D/ActivityThread(31360): SVC-Calling onStartCommand: com.google.android.gms.icing.service.IndexWorkerService@42709078, flags=0, startId=1
D/PowerManagerNotifier(  627): onWakeLockAcquired: flags=1, tag="Icing", packageName=com.google.android.gms, ownerUid=10010, ownerPid=31360, workSource=WorkSource{10010 com.google.android.gms}
D/PowerManagerService(  627): updateWakeLockSummaryLocked: mWakefulness=Awake, mWakeLockSummary=0x1
D/PowerManagerService(  627): newScreenState = 2
D/PowerManagerService(  627): updateScreenStateLocked: mScreenBrightnessModeSetting=2, autoBrightness=false, ecoBrightness=true, screenAutoBrightnessAdjustment=0.0, screenBrightness=102
D/ActivityThread(31360): SVC-SERVICE_ARGS handled : 0 / ServiceArgsData{token=android.os.BinderProxy@425ad5f8 startId=1 args=Intent { act=com.google.android.gms.icing.START_STICKY cmp=com.google.android.gms/.icing.service.IndexWorkerService }}
D/PowerManagerDisplayController(  627): requestPowerState: screenState=2, useProximitySensor=false, forceProximitySensorEnable=false, forceWakeUpEnable=false, screenBrightness=102, screenAutoBrightnessAdjustment=0.0, useAutoBrightness=false, useEcoBrightness=true, blockScreenOn=false, waitForNegativeProximity=false
I/PowerManagerService(  627): setBrightness mButtonLight 0.
D/PowerManagerService(  627): updateScreenStateLocked: mDisplayReady=true, newScreenState=2, mWakefulness=1, mWakeLockSummary=0x1, mUserActivitySummary=0x1, mBootCompleted=true
D/PowerManagerService(  627): Acquiring suspend blocker "PowerManagerService.WakeLocks".
D/PowerManagerService(  627): handleSandman: canDream=true, mWakefulness=Awake
D/SQLiteDatabase(10683): beginTransaction()
D/SQLiteDatabase(10683): endTransaction()
D/PowerManagerService(  627): releaseWakeLockInternal: lock=1115240280 [Icing], flags=0x0, total_time=9ms
D/PowerManagerNotifier(  627): onWakeLockReleased: flags=1, tag="Icing", packageName=com.google.android.gms, ownerUid=10010, ownerPid=31360, workSource=WorkSource{10010 com.google.android.gms}
D/PowerManagerService(  627): updateWakeLockSummaryLocked: mWakefulness=Awake, mWakeLockSummary=0x0
D/PowerManagerService(  627): newScreenState = 2
D/PowerManagerService(  627): updateScreenStateLocked: mScreenBrightnessModeSetting=2, autoBrightness=false, ecoBrightness=true, screenAutoBrightnessAdjustment=0.0, screenBrightness=102
D/PowerManagerDisplayController(  627): requestPowerState: screenState=2, useProximitySensor=false, forceProximitySensorEnable=false, forceWakeUpEnable=false, screenBrightness=102, screenAutoBrightnessAdjustment=0.0, useAutoBrightness=false, useEcoBrightness=true, blockScreenOn=false, waitForNegativeProximity=false
I/PowerManagerService(  627): setBrightness mButtonLight 0.
D/PowerManagerService(  627): updateScreenStateLocked: mDisplayReady=true, newScreenState=2, mWakefulness=1, mWakeLockSummary=0x0, mUserActivitySummary=0x1, mBootCompleted=true
D/PowerManagerService(  627): Releasing suspend blocker "PowerManagerService.WakeLocks".
D/PowerManagerService(  627): handleSandman: canDream=true, mWakefulness=Awake
D/IPCThreadState(  627): [DN #5] BR_CLEAR_DEATH_NOTIFICATION_DONE cookie 0x646a7c30
D/ActivityThread(31360): SVC-Destroying service: com.google.android.gms.icing.service.IndexWorkerService@42709078
D/ActivityThread(31360): SVC-STOP_SERVICE handled : 0 / android.os.BinderProxy@425ad5f8
D/ActivityThread(31360): SVC-Creating service: CreateServiceData{token=android.os.BinderProxy@42797690 className=com.google.android.gms.icing.service.IndexWorkerService packageName=com.google.android.gms intent=null}
D/PowerManagerService(  627): acquireWakeLockInternal: lock=1115240280, flags=0x1, tag="Icing", ws=WorkSource{10010 com.google.android.gms}, uid=10010, pid=31360
D/ActivityThread(31360): SVC-CREATE_SERVICE handled : 0 / CreateServiceData{token=android.os.BinderProxy@42797690 className=com.google.android.gms.icing.service.IndexWorkerService packageName=com.google.android.gms intent=null}
D/ActivityThread(31360): SVC-Calling onStartCommand: com.google.android.gms.icing.service.IndexWorkerService@425c6c80, flags=0, startId=1
D/PowerManagerNotifier(  627): onWakeLockAcquired: flags=1, tag="Icing", packageName=com.google.android.gms, ownerUid=10010, ownerPid=31360, workSource=WorkSource{10010 com.google.android.gms}
D/PowerManagerService(  627): updateWakeLockSummaryLocked: mWakefulness=Awake, mWakeLockSummary=0x1
D/PowerManagerService(  627): newScreenState = 2
D/ActivityThread(31360): SVC-SERVICE_ARGS handled : 0 / ServiceArgsData{token=android.os.BinderProxy@42797690 startId=1 args=Intent { act=com.google.android.gms.icing.START_STICKY cmp=com.google.android.gms/.icing.service.IndexWorkerService }}
D/PowerManagerService(  627): updateScreenStateLocked: mScreenBrightnessModeSetting=2, autoBrightness=false, ecoBrightness=true, screenAutoBrightnessAdjustment=0.0, screenBrightness=102
D/PowerManagerDisplayController(  627): requestPowerState: screenState=2, useProximitySensor=false, forceProximitySensorEnable=false, forceWakeUpEnable=false, screenBrightness=102, screenAutoBrightnessAdjustment=0.0, useAutoBrightness=false, useEcoBrightness=true, blockScreenOn=false, waitForNegativeProximity=false
I/PowerManagerService(  627): setBrightness mButtonLight 0.
D/PowerManagerService(  627): updateScreenStateLocked: mDisplayReady=true, newScreenState=2, mWakefulness=1, mWakeLockSummary=0x1, mUserActivitySummary=0x1, mBootCompleted=true
D/PowerManagerService(  627): Acquiring suspend blocker "PowerManagerService.WakeLocks".
D/PowerManagerService(  627): handleSandman: canDream=true, mWakefulness=Awake
D/SQLiteDatabase(10683): beginTransaction()
D/SQLiteDatabase(10683): endTransaction()
D/PowerManagerService(  627): releaseWakeLockInternal: lock=1115240280 [Icing], flags=0x0, total_time=7ms
D/PowerManagerNotifier(  627): onWakeLockReleased: flags=1, tag="Icing", packageName=com.google.android.gms, ownerUid=10010, ownerPid=31360, workSource=WorkSource{10010 com.google.android.gms}
D/PowerManagerService(  627): updateWakeLockSummaryLocked: mWakefulness=Awake, mWakeLockSummary=0x0
D/PowerManagerService(  627): newScreenState = 2
D/PowerManagerService(  627): updateScreenStateLocked: mScreenBrightnessModeSetting=2, autoBrightness=false, ecoBrightness=true, screenAutoBrightnessAdjustment=0.0, screenBrightness=102
D/PowerManagerDisplayController(  627): requestPowerState: screenState=2, useProximitySensor=false, forceProximitySensorEnable=false, forceWakeUpEnable=false, screenBrightness=102, screenAutoBrightnessAdjustment=0.0, useAutoBrightness=false, useEcoBrightness=true, blockScreenOn=false, waitForNegativeProximity=false
I/PowerManagerService(  627): setBrightness mButtonLight 0.
D/PowerManagerService(  627): updateScreenStateLocked: mDisplayReady=true, newScreenState=2, mWakefulness=1, mWakeLockSummary=0x0, mUserActivitySummary=0x1, mBootCompleted=true
D/PowerManagerService(  627): Releasing suspend blocker "PowerManagerService.WakeLocks".
D/PowerManagerService(  627): handleSandman: canDream=true, mWakefulness=Awake
D/IPCThreadState(  627): [DN #5] BR_CLEAR_DEATH_NOTIFICATION_DONE cookie 0x646a7c30
D/ActivityThread(31360): SVC-Destroying service: com.google.android.gms.icing.service.IndexWorkerService@425c6c80
D/ActivityThread(31360): SVC-STOP_SERVICE handled : 0 / android.os.BinderProxy@42797690
D/ActivityThread(31360): SVC-Creating service: CreateServiceData{token=android.os.BinderProxy@424489b0 className=com.google.android.gms.icing.service.IndexWorkerService packageName=com.google.android.gms intent=null}
D/PowerManagerService(  627): acquireWakeLockInternal: lock=1115240280, flags=0x1, tag="Icing", ws=WorkSource{10010 com.google.android.gms}, uid=10010, pid=31360
D/ActivityThread(31360): SVC-CREATE_SERVICE handled : 0 / CreateServiceData{token=android.os.BinderProxy@424489b0 className=com.google.android.gms.icing.service.IndexWorkerService packageName=com.google.android.gms intent=null}
D/ActivityThread(31360): SVC-Calling onStartCommand: com.google.android.gms.icing.service.IndexWorkerService@425f9aa0, flags=0, startId=1
D/PowerManagerNotifier(  627): onWakeLockAcquired: flags=1, tag="Icing", packageName=com.google.android.gms, ownerUid=10010, ownerPid=31360, workSource=WorkSource{10010 com.google.android.gms}
D/PowerManagerService(  627): updateWakeLockSummaryLocked: mWakefulness=Awake, mWakeLockSummary=0x1
D/PowerManagerService(  627): newScreenState = 2
D/ActivityThread(31360): SVC-SERVICE_ARGS handled : 0 / ServiceArgsData{token=android.os.BinderProxy@424489b0 startId=1 args=Intent { act=com.google.android.gms.icing.START_STICKY cmp=com.google.android.gms/.icing.service.IndexWorkerService }}
D/PowerManagerService(  627): updateScreenStateLocked: mScreenBrightnessModeSetting=2, autoBrightness=false, ecoBrightness=true, screenAutoBrightnessAdjustment=0.0, screenBrightness=102
D/PowerManagerDisplayController(  627): requestPowerState: screenState=2, useProximitySensor=false, forceProximitySensorEnable=false, forceWakeUpEnable=false, screenBrightness=102, screenAutoBrightnessAdjustment=0.0, useAutoBrightness=false, useEcoBrightness=true, blockScreenOn=false, waitForNegativeProximity=false
I/PowerManagerService(  627): setBrightness mButtonLight 0.
D/PowerManagerService(  627): updateScreenStateLocked: mDisplayReady=true, newScreenState=2, mWakefulness=1, mWakeLockSummary=0x1, mUserActivitySummary=0x1, mBootCompleted=true
D/PowerManagerService(  627): Acquiring suspend blocker "PowerManagerService.WakeLocks".
D/PowerManagerService(  627): handleSandman: canDream=true, mWakefulness=Awake
D/ActivityThread(31292): SVC-Destroying service: com.google.android.gms.icing.service.LightweightIndexService$LightweightWorkerService@424e6838
D/dalvikvm(31292): threadid=22: exiting
D/ActivityThread(31292): SVC-STOP_SERVICE handled : 0 / android.os.BinderProxy@420c7050
D/dalvikvm(31292): threadid=22: bye!
D/SQLiteDatabase(10683): beginTransaction()
D/SQLiteDatabase(10683): endTransaction()
D/PowerManagerService(  627): releaseWakeLockInternal: lock=1115240280 [Icing], flags=0x0, total_time=7ms
D/PowerManagerNotifier(  627): onWakeLockReleased: flags=1, tag="Icing", packageName=com.google.android.gms, ownerUid=10010, ownerPid=31360, workSource=WorkSource{10010 com.google.android.gms}
D/PowerManagerService(  627): updateWakeLockSummaryLocked: mWakefulness=Awake, mWakeLockSummary=0x0
D/PowerManagerService(  627): newScreenState = 2
D/PowerManagerService(  627): updateScreenStateLocked: mScreenBrightnessModeSetting=2, autoBrightness=false, ecoBrightness=true, screenAutoBrightnessAdjustment=0.0, screenBrightness=102
D/PowerManagerDisplayController(  627): requestPowerState: screenState=2, useProximitySensor=false, forceProximitySensorEnable=false, forceWakeUpEnable=false, screenBrightness=102, screenAutoBrightnessAdjustment=0.0, useAutoBrightness=false, useEcoBrightness=true, blockScreenOn=false, waitForNegativeProximity=false
I/PowerManagerService(  627): setBrightness mButtonLight 0.
D/PowerManagerService(  627): updateScreenStateLocked: mDisplayReady=true, newScreenState=2, mWakefulness=1, mWakeLockSummary=0x0, mUserActivitySummary=0x1, mBootCompleted=true
D/PowerManagerService(  627): Releasing suspend blocker "PowerManagerService.WakeLocks".
D/PowerManagerService(  627): handleSandman: canDream=true, mWakefulness=Awake
D/IPCThreadState(  627): [DN #5] BR_CLEAR_DEATH_NOTIFICATION_DONE cookie 0x646a7c30
D/ActivityThread(31360): SVC-Destroying service: com.google.android.gms.icing.service.IndexWorkerService@425f9aa0
D/ActivityThread(31360): SVC-STOP_SERVICE handled : 0 / android.os.BinderProxy@424489b0
D/ActivityThread(31360): SVC-Creating service: CreateServiceData{token=android.os.BinderProxy@4270aa20 className=com.google.android.gms.icing.service.IndexWorkerService packageName=com.google.android.gms intent=null}
D/PowerManagerService(  627): acquireWakeLockInternal: lock=1115240280, flags=0x1, tag="Icing", ws=WorkSource{10010 com.google.android.gms}, uid=10010, pid=31360
D/ActivityThread(31360): SVC-CREATE_SERVICE handled : 0 / CreateServiceData{token=android.os.BinderProxy@4270aa20 className=com.google.android.gms.icing.service.IndexWorkerService packageName=com.google.android.gms intent=null}
D/ActivityThread(31360): SVC-Calling onStartCommand: com.google.android.gms.icing.service.IndexWorkerService@4233f320, flags=0, startId=1
D/PowerManagerNotifier(  627): onWakeLockAcquired: flags=1, tag="Icing", packageName=com.google.android.gms, ownerUid=10010, ownerPid=31360, workSource=WorkSource{10010 com.google.android.gms}
D/PowerManagerService(  627): updateWakeLockSummaryLocked: mWakefulness=Awake, mWakeLockSummary=0x1
D/PowerManagerService(  627): newScreenState = 2
D/ActivityThread(31360): SVC-SERVICE_ARGS handled : 0 / ServiceArgsData{token=android.os.BinderProxy@4270aa20 startId=1 args=Intent { act=com.google.android.gms.icing.START_STICKY cmp=com.google.android.gms/.icing.service.IndexWorkerService }}
D/PowerManagerService(  627): updateScreenStateLocked: mScreenBrightnessModeSetting=2, autoBrightness=false, ecoBrightness=true, screenAutoBrightnessAdjustment=0.0, screenBrightness=102
D/PowerManagerDisplayController(  627): requestPowerState: screenState=2, useProximitySensor=false, forceProximitySensorEnable=false, forceWakeUpEnable=false, screenBrightness=102, screenAutoBrightnessAdjustment=0.0, useAutoBrightness=false, useEcoBrightness=true, blockScreenOn=false, waitForNegativeProximity=false
I/PowerManagerService(  627): setBrightness mButtonLight 0.
D/PowerManagerService(  627): updateScreenStateLocked: mDisplayReady=true, newScreenState=2, mWakefulness=1, mWakeLockSummary=0x1, mUserActivitySummary=0x1, mBootCompleted=true
D/PowerManagerService(  627): Acquiring suspend blocker "PowerManagerService.WakeLocks".
D/PowerManagerService(  627): handleSandman: canDream=true, mWakefulness=Awake
D/SQLiteDatabase(10683): beginTransaction()
D/SQLiteDatabase(10683): endTransaction()
D/PowerManagerService(  627): releaseWakeLockInternal: lock=1115240280 [Icing], flags=0x0, total_time=7ms
D/PowerManagerNotifier(  627): onWakeLockReleased: flags=1, tag="Icing", packageName=com.google.android.gms, ownerUid=10010, ownerPid=31360, workSource=WorkSource{10010 com.google.android.gms}
D/PowerManagerService(  627): updateWakeLockSummaryLocked: mWakefulness=Awake, mWakeLockSummary=0x0
D/PowerManagerService(  627): newScreenState = 2
D/PowerManagerService(  627): updateScreenStateLocked: mScreenBrightnessModeSetting=2, autoBrightness=false, ecoBrightness=true, screenAutoBrightnessAdjustment=0.0, screenBrightness=102
D/PowerManagerDisplayController(  627): requestPowerState: screenState=2, useProximitySensor=false, forceProximitySensorEnable=false, forceWakeUpEnable=false, screenBrightness=102, screenAutoBrightnessAdjustment=0.0, useAutoBrightness=false, useEcoBrightness=true, blockScreenOn=false, waitForNegativeProximity=false
I/PowerManagerService(  627): setBrightness mButtonLight 0.
D/PowerManagerService(  627): updateScreenStateLocked: mDisplayReady=true, newScreenState=2, mWakefulness=1, mWakeLockSummary=0x0, mUserActivitySummary=0x1, mBootCompleted=true
D/PowerManagerService(  627): Releasing suspend blocker "PowerManagerService.WakeLocks".
D/PowerManagerService(  627): handleSandman: canDream=true, mWakefulness=Awake
D/IPCThreadState(  627): [DN #5] BR_CLEAR_DEATH_NOTIFICATION_DONE cookie 0x646a7c30
D/ActivityThread(31360): SVC-Destroying service: com.google.android.gms.icing.service.IndexWorkerService@4233f320
D/ActivityThread(31360): SVC-STOP_SERVICE handled : 0 / android.os.BinderProxy@4270aa20
D/ActivityThread(31360): SVC-Creating service: CreateServiceData{token=android.os.BinderProxy@424673a8 className=com.google.android.gms.icing.service.IndexWorkerService packageName=com.google.android.gms intent=null}
D/PowerManagerService(  627): acquireWakeLockInternal: lock=1115240280, flags=0x1, tag="Icing", ws=WorkSource{10010 com.google.android.gms}, uid=10010, pid=31360
D/ActivityThread(31360): SVC-CREATE_SERVICE handled : 0 / CreateServiceData{token=android.os.BinderProxy@424673a8 className=com.google.android.gms.icing.service.IndexWorkerService packageName=com.google.android.gms intent=null}
D/ActivityThread(31360): SVC-Calling onStartCommand: com.google.android.gms.icing.service.IndexWorkerService@4229cf50, flags=0, startId=1
D/PowerManagerNotifier(  627): onWakeLockAcquired: flags=1, tag="Icing", packageName=com.google.android.gms, ownerUid=10010, ownerPid=31360, workSource=WorkSource{10010 com.google.android.gms}
D/PowerManagerService(  627): updateWakeLockSummaryLocked: mWakefulness=Awake, mWakeLockSummary=0x1
D/ActivityThread(31360): SVC-SERVICE_ARGS handled : 0 / ServiceArgsData{token=android.os.BinderProxy@424673a8 startId=1 args=Intent { act=com.google.android.gms.icing.START_STICKY cmp=com.google.android.gms/.icing.service.IndexWorkerService }}
D/PowerManagerService(  627): newScreenState = 2
D/PowerManagerService(  627): updateScreenStateLocked: mScreenBrightnessModeSetting=2, autoBrightness=false, ecoBrightness=true, screenAutoBrightnessAdjustment=0.0, screenBrightness=102
D/PowerManagerDisplayController(  627): requestPowerState: screenState=2, useProximitySensor=false, forceProximitySensorEnable=false, forceWakeUpEnable=false, screenBrightness=102, screenAutoBrightnessAdjustment=0.0, useAutoBrightness=false, useEcoBrightness=true, blockScreenOn=false, waitForNegativeProximity=false
I/PowerManagerService(  627): setBrightness mButtonLight 0.
D/PowerManagerService(  627): updateScreenStateLocked: mDisplayReady=true, newScreenState=2, mWakefulness=1, mWakeLockSummary=0x1, mUserActivitySummary=0x1, mBootCompleted=true
D/PowerManagerService(  627): Acquiring suspend blocker "PowerManagerService.WakeLocks".
D/PowerManagerService(  627): handleSandman: canDream=true, mWakefulness=Awake
D/SQLiteDatabase(10683): beginTransaction()
D/SQLiteDatabase(10683): endTransaction()
D/PowerManagerService(  627): releaseWakeLockInternal: lock=1115240280 [Icing], flags=0x0, total_time=8ms
D/PowerManagerNotifier(  627): onWakeLockReleased: flags=1, tag="Icing", packageName=com.google.android.gms, ownerUid=10010, ownerPid=31360, workSource=WorkSource{10010 com.google.android.gms}
D/PowerManagerService(  627): updateWakeLockSummaryLocked: mWakefulness=Awake, mWakeLockSummary=0x0
D/PowerManagerService(  627): newScreenState = 2
D/PowerManagerService(  627): updateScreenStateLocked: mScreenBrightnessModeSetting=2, autoBrightness=false, ecoBrightness=true, screenAutoBrightnessAdjustment=0.0, screenBrightness=102
D/PowerManagerDisplayController(  627): requestPowerState: screenState=2, useProximitySensor=false, forceProximitySensorEnable=false, forceWakeUpEnable=false, screenBrightness=102, screenAutoBrightnessAdjustment=0.0, useAutoBrightness=false, useEcoBrightness=true, blockScreenOn=false, waitForNegativeProximity=false
D/SQLiteDatabase(10683): beginTransaction()
I/PowerManagerService(  627): setBrightness mButtonLight 0.
D/PowerManagerService(  627): updateScreenStateLocked: mDisplayReady=true, newScreenState=2, mWakefulness=1, mWakeLockSummary=0x0, mUserActivitySummary=0x1, mBootCompleted=true
D/PowerManagerService(  627): Releasing suspend blocker "PowerManagerService.WakeLocks".
D/PowerManagerService(  627): handleSandman: canDream=true, mWakefulness=Awake
D/IPCThreadState(  627): [DN #5] BR_CLEAR_DEATH_NOTIFICATION_DONE cookie 0x646a7c30
D/ActivityThread(31360): SVC-Destroying service: com.google.android.gms.icing.service.IndexWorkerService@4229cf50
D/ActivityThread(31360): SVC-STOP_SERVICE handled : 0 / android.os.BinderProxy@424673a8
D/asset   (10683): AssetManager-->addDefaultAssets CIP path not exsit!
I/ANRManager(  627): CPU update time < 2.5sec
I/ANRManager(  627): CPU update time < 2.5sec
D/SQLiteDatabase(10683): endTransaction()
I/ANRManager(  627): CPU update time < 2.5sec
I/ANRManager(  627): CPU update time < 2.5sec
D/StatusBar.NetworkController(  697): refreshViews(0), set parameters to signal cluster view.
D/SignalClusterView(  697): huangzm1:set ethernet indicators, visible=false, icon=0
D/SignalClusterView(  697): setWifiIndicators, visible=true, strengthIcon=com.mediatek.systemui.ext.IconIdWrapper@420a2fe0, activityIcon=com.mediatek.systemui.ext.IconIdWrapper@420a2ff8, contentDescription=â×××ª ×-WLAN ×××.
D/StatusBar.NetworkController(  697): refreshViews(0), tempPhoneSignalIconId.0 = 0  tempPhoneSignalIconId.1 = 0  tempMobileActivityIconId= 0  tempDataTypeIconId= 0
D/SignalClusterView(  697): setMobileDataIndicators(0), visible=false, strengthIcon[0] ~ [1] 0 ~ 0
D/SignalClusterView(  697): setIsAirplaneMode=false
D/SignalClusterView(  697): setRoamingFlagandResource(0), roaming=false, roamingId=0
D/SignalClusterView(  697): setShowSimIndicator(0), showSimIndicator=false simIndicatorResource = 0
D/SignalClusterView(  697): setDataNetType3G(0), NetworkType=null
D/SignalClusterView(  697): apply(), mWifiVisible is true
D/SIMHelper(  697): isSimInserted(0), SimInserted=false
D/SignalClusterView(  697): apply(), slotId=0, mMobileVisible=false, mShouldMobileGroupVisible=true
D/SignalClusterView(  697): apply(). mIsAirplaneMode is false, NWType slot(0) is 8
D/OpenGLRenderer(  697): prepareDirty (0.00, 0.00, 800.00, 25.00) opaque 0 <0x61455590>
D/OpenGLRenderer(  697): clear (0.00, 25 - 25.00 = 0.00, 800.00 - 0.00 = 800.00, 25.00 - 0.00 = 25.00) opaque 0 <0x61455590>
D/OpenGLRenderer(  697): finish <0x61455590>
I/BufferQueue(  135): [StatusBar](this:0xb8bb2d28,id:6,api:1,p:697,c:135) [queue] fps:0.50, dur:1996.88, max:1996.88, min:1996.88
I/BufferQueue(  135): [StatusBar](this:0xb8bb2d28,id:6,api:1,p:697,c:135) [release] fps:0.50, dur:2003.47, max:2003.47, min:2003.47
I/BufferQueue(  135): [FrameBufferSurface_0](this:0xb8b960a0,id:0,api:1,p:135,c:135) [release] fps:0.50, dur:2002.80, max:2002.80, min:2002.80
I/BufferQueue(  135): [FrameBufferSurface_0](this:0xb8b960a0,id:0,api:1,p:135,c:135) [queue] fps:0.50, dur:2002.77, max:2002.77, min:2002.77
I/SurfaceFlinger(  135): [Built-in Screen (type:0)] fps:0.499315,dur:2002.74,max:2002.74,min:2002.74
D/AppsProvider.ApplicationsProvider(30635): Updating database (packageName = com.google.android.gms)...
W/System.err(  627): java.lang.SecurityException: Neither user 10003 nor current process has android.permission.PACKAGE_USAGE_STATS.
W/System.err(  627): 	at android.app.ContextImpl.enforce(ContextImpl.java:1790)
W/System.err(  627): 	at android.app.ContextImpl.enforceCallingOrSelfPermission(ContextImpl.java:1819)
W/System.err(  627): 	at com.android.server.am.UsageStatsService.getAllPkgUsageStats(UsageStatsService.java:878)
W/System.err(  627): 	at com.android.internal.app.IUsageStats$Stub.onTransact(IUsageStats.java:113)
W/System.err(  627): 	at android.os.Binder.execTransact(Binder.java:404)
W/System.err(  627): 	at dalvik.system.NativeStart.run(Native Method)
W/AppsProvider.ApplicationsProvider(30635): Could not fetch usage stats
W/AppsProvider.ApplicationsProvider(30635): java.lang.SecurityException: Neither user 10003 nor current process has android.permission.PACKAGE_USAGE_STATS.
W/AppsProvider.ApplicationsProvider(30635): 	at android.os.Parcel.readException(Parcel.java:1465)
W/AppsProvider.ApplicationsProvider(30635): 	at android.os.Parcel.readException(Parcel.java:1419)
W/AppsProvider.ApplicationsProvider(30635): 	at com.android.internal.app.IUsageStats$Stub$Proxy.getAllPkgUsageStats(IUsageStats.java:237)
W/AppsProvider.ApplicationsProvider(30635): 	at android.app.ActivityManager.getAllPackageUsageStats(ActivityManager.java:2224)
W/AppsProvider.ApplicationsProvider(30635): 	at com.android.providers.applications.ApplicationsProvider.fetchUsageStats(ApplicationsProvider.java:714)
W/AppsProvider.ApplicationsProvider(30635): 	at com.android.providers.applications.ApplicationsProvider.updateApplicationsList(ApplicationsProvider.java:548)
W/AppsProvider.ApplicationsProvider(30635): 	at com.android.providers.applications.ApplicationsProvider.access$400(ApplicationsProvider.java:72)
W/AppsProvider.ApplicationsProvider(30635): 	at com.android.providers.applications.ApplicationsProvider$UpdateHandler.handleMessage(ApplicationsProvider.java:232)
W/AppsProvider.ApplicationsProvider(30635): 	at android.os.Handler.dispatchMessage(Handler.java:110)
W/AppsProvider.ApplicationsProvider(30635): 	at android.os.Looper.loop(Looper.java:193)
W/AppsProvider.ApplicationsProvider(30635): 	at android.os.HandlerThread.run(HandlerThread.java:61)
D/SQLiteDatabase(30635): beginTransaction()
D/SQLiteDatabase(30635): endTransaction()
D/AppsProvider.ApplicationsProvider(30635): Finished updating database.
I/ANRManager(  627): CPU update time < 2.5sec
I/ANRManager(  627): CPU update time < 2.5sec
I/ANRManager(  627): CPU update time < 2.5sec
I/ANRManager(  627): CPU update time < 2.5sec
D/SQLiteConnection(10683): execute took 730ms - succeeded, sql="COMMIT;"
I/ANRManager(  627): CPU update time < 2.5sec
I/ANRManager(  627): CPU update time < 2.5sec
D/OpenSSLLib(10683): OpensslErr:Module:13(114:155); file:external/openssl/crypto/asn1/asn1_lib.c ;Line:142;Function:ASN1_get_object
D/OpenSSLLib(10683): OpensslErr:Module:13(114:155); file:external/openssl/crypto/asn1/asn1_lib.c ;Line:142;Function:ASN1_get_object
D/ActivityThread(31360): SVC-Creating service: CreateServiceData{token=android.os.BinderProxy@42471cb0 className=com.google.android.gms.icing.service.IndexWorkerService packageName=com.google.android.gms intent=null}
D/ActivityThread(31360): SVC-CREATE_SERVICE handled : 0 / CreateServiceData{token=android.os.BinderProxy@42471cb0 className=com.google.android.gms.icing.service.IndexWorkerService packageName=com.google.android.gms intent=null}
D/PowerManagerService(  627): acquireWakeLockInternal: lock=1115240280, flags=0x1, tag="Icing", ws=WorkSource{10010 com.google.android.gms}, uid=10010, pid=31360
D/ActivityThread(31360): SVC-Calling onStartCommand: com.google.android.gms.icing.service.IndexWorkerService@424ae648, flags=0, startId=1
D/PowerManagerNotifier(  627): onWakeLockAcquired: flags=1, tag="Icing", packageName=com.google.android.gms, ownerUid=10010, ownerPid=31360, workSource=WorkSource{10010 com.google.android.gms}
D/PowerManagerService(  627): updateWakeLockSummaryLocked: mWakefulness=Awake, mWakeLockSummary=0x1
D/ActivityThread(31360): SVC-SERVICE_ARGS handled : 0 / ServiceArgsData{token=android.os.BinderProxy@42471cb0 startId=1 args=Intent { act=com.google.android.gms.icing.START_STICKY cmp=com.google.android.gms/.icing.service.IndexWorkerService }}
D/PowerManagerService(  627): newScreenState = 2
D/PowerManagerService(  627): updateScreenStateLocked: mScreenBrightnessModeSetting=2, autoBrightness=false, ecoBrightness=true, screenAutoBrightnessAdjustment=0.0, screenBrightness=102
D/PowerManagerDisplayController(  627): requestPowerState: screenState=2, useProximitySensor=false, forceProximitySensorEnable=false, forceWakeUpEnable=false, screenBrightness=102, screenAutoBrightnessAdjustment=0.0, useAutoBrightness=false, useEcoBrightness=true, blockScreenOn=false, waitForNegativeProximity=false
I/PowerManagerService(  627): setBrightness mButtonLight 0.
D/PowerManagerService(  627): updateScreenStateLocked: mDisplayReady=true, newScreenState=2, mWakefulness=1, mWakeLockSummary=0x1, mUserActivitySummary=0x1, mBootCompleted=true
D/PowerManagerService(  627): Acquiring suspend blocker "PowerManagerService.WakeLocks".
D/PowerManagerService(  627): handleSandman: canDream=true, mWakefulness=Awake
D/SQLiteDatabase(10683): beginTransaction()
D/SQLiteDatabase(10683): endTransaction()
D/ActivityThread(31292): SVC-Creating service: CreateServiceData{token=android.os.BinderProxy@42034768 className=com.google.android.gms.icing.service.LightweightIndexService$LightweightWorkerService packageName=com.google.android.gms intent=null}
D/ActivityThread(31292): SVC-CREATE_SERVICE handled : 0 / CreateServiceData{token=android.os.BinderProxy@42034768 className=com.google.android.gms.icing.service.LightweightIndexService$LightweightWorkerService packageName=com.google.android.gms intent=null}
D/ActivityThread(31292): SVC-Calling onStartCommand: com.google.android.gms.icing.service.LightweightIndexService$LightweightWorkerService@4231a238, flags=0, startId=1
D/dalvikvm(31292): create interp thread : stack size=128KB
D/dalvikvm(31292): create new thread
D/dalvikvm(31292): new thread created
D/dalvikvm(31292): update thread list
D/dalvikvm(31292): threadid=22: interp stack at 0x651e1000
D/dalvikvm(31292): threadid=22: created from interp
D/dalvikvm(31292): start new thread
D/dalvikvm(31292): threadid=22: notify debugger
D/dalvikvm(31292): threadid=22 (AOS[LightweightWorkerService]): calling run()
D/ActivityThread(31292): SVC-SERVICE_ARGS handled : 0 / ServiceArgsData{token=android.os.BinderProxy@42034768 startId=1 args=Intent { act=com.google.android.gms.icing.LIGHTWEIGHT_WORKER_SERVICE pkg=com.google.android.gms }}
I/Icing.InternalIcingCorporaProvider(10683): UpdateCorporaTask done [took 1494 ms] updated apps [took 1494 ms] 
D/ActivityThread(10683): SVC-Destroying service: com.google.android.search.core.summons.icing.InternalIcingCorporaProvider$UpdateCorporaService@41fd82a8
D/dalvikvm(10683): threadid=16: exiting
D/ActivityThread(10683): SVC-STOP_SERVICE handled : 0 / android.os.BinderProxy@41fc0240
D/dalvikvm(10683): threadid=16: bye!
I/ANRManager(  627): CPU update time < 2.5sec
I/ANRManager(  627): updateProcessStats
I/ANRManager(  627): CPU update time < 2.5sec
I/ANRManager(  627): CPU update time < 2.5sec
I/ANRManager(  627): CPU update time < 2.5sec
I/ANRManager(  627): CPU update time < 2.5sec
I/ANRManager(  627): CPU update time < 2.5sec
I/ANRManager(  627): CPU update time < 2.5sec
I/ANRManager(  627): CPU update time < 2.5sec
I/ANRManager(  627): CPU update time < 2.5sec
D/ActivityThread(31292): SVC-Destroying service: com.google.android.gms.icing.service.LightweightIndexService$LightweightWorkerService@4231a238
D/dalvikvm(31292): threadid=22: exiting
D/ActivityThread(31292): SVC-STOP_SERVICE handled : 0 / android.os.BinderProxy@42034768
D/dalvikvm(31292): threadid=22: bye!
I/ANRManager(  627): CPU update time < 2.5sec
I/ANRManager(  627): CPU update time < 2.5sec
I/ANRManager(  627): CPU update time < 2.5sec
I/ANRManager(  627): CPU update time < 2.5sec
I/ANRManager(  627): CPU update time < 2.5sec
I/ANRManager(  627): CPU update time < 2.5sec
I/ANRManager(  627): CPU update time < 2.5sec
I/ANRManager(  627): CPU update time < 2.5sec
D/WifiStateMachine(  627): ConnectedState{ when=-3ms what=131155 arg1=149 target=com.android.internal.util.StateMachine$SmHandler target=Handler (com.android.internal.util.StateMachine$SmHandler) {427cc310} }
D/WifiStateMachine(  627): L2ConnectedState{ when=-3ms what=131155 arg1=149 target=com.android.internal.util.StateMachine$SmHandler target=Handler (com.android.internal.util.StateMachine$SmHandler) {427cc310} }
D/WifiHW  (  627): enter -->wifi_send_command cmd=IFNAME=wlan0 SIGNAL_POLL
D/wpa_supplicant(  800): RX ctrl_iface - hexdump(len=11): 53 49 47 4e 41 4c 5f 50 4f 4c 4c
D/wpa_supplicant(  800): wlan0: Control interface command 'SIGNAL_POLL'
D/wpa_supplicant(  800): nl80211: survey data missing!
D/WifiHW  (  627): leave --> reply=RSSI=-52
D/WifiHW  (  627): LINKSPEED=54
D/WifiHW  (  627): NOISE=9999
D/WifiHW  (  627): FREQUENCY=2412
D/WifiHW  (  627): 
D/wifi    (  627): doStringCommand, buf IFNAME=wlan0 SIGNAL_POLL
I/WifiStateMachine(  627): fetchRssiAndLinkSpeedNative, newRssi:-52, newLinkSpeed:54, SSID:"z"
I/ANRManager(  627): CPU update time < 2.5sec
I/ANRManager(  627): CPU update time < 2.5sec
I/ANRManager(  627): CPU update time < 2.5sec
I/ANRManager(  627): CPU update time < 2.5sec
I/ANRManager(  627): CPU update time < 2.5sec
I/ANRManager(  627): CPU update time < 2.5sec
I/ANRManager(  627): CPU update time < 2.5sec
I/ANRManager(  627): CPU update time < 2.5sec
I/ANRManager(  627): CPU update time < 2.5sec
I/ANRManager(  627): CPU update time < 2.5sec
I/ANRManager(  627): CPU update time < 2.5sec
I/ANRManager(  627): CPU update time < 2.5sec
I/ANRManager(  627): CPU update time < 2.5sec
I/ANRManager(  627): CPU update time < 2.5sec
I/Icing   (31360): Indexing CF4799A162A631FA87FF7CF9DC023B2DB52DB4E3 from com.google.android.googlequicksearchbox
I/ANRManager(  627): CPU update time < 2.5sec
I/ANRManager(  627): CPU update time < 2.5sec
D/ActivityManager(  627): getContentProviderImpl: from callerandroid.app.ApplicationThreadProxy@42722528 (pid=31360) to get content provider com.google.android.googlequicksearchbox.icing
D/ActivityThread(31360): hoder:android.app.IActivityManager$ContentProviderHolder@429aa1a8,provider,holder.Provider:android.content.ContentProviderProxy@428a5730
