D/OpenGLRenderer(  697): prepareDirty (0.00, 0.00, 800.00, 25.00) opaque 0 <0x61455590>
D/OpenGLRenderer(  697): clear (0.00, 25 - 25.00 = 0.00, 800.00 - 0.00 = 800.00, 25.00 - 0.00 = 25.00) opaque 0 <0x61455590>
D/OpenGLRenderer(  697): finish <0x61455590>
I/BufferQueue(  135): [StatusBar](this:0xb8bb2d28,id:6,api:1,p:697,c:135) [queue] fps:0.33, dur:3014.17, max:3014.17, min:3014.17
I/BufferQueue(  135): [StatusBar](this:0xb8bb2d28,id:6,api:1,p:697,c:135) [release] fps:0.33, dur:3014.24, max:3014.24, min:3014.24
I/BufferQueue(  135): [FrameBufferSurface_0](this:0xb8b960a0,id:0,api:1,p:135,c:135) [release] fps:0.33, dur:3014.19, max:3014.19, min:3014.19
I/BufferQueue(  135): [FrameBufferSurface_0](this:0xb8b960a0,id:0,api:1,p:135,c:135) [queue] fps:0.33, dur:3014.18, max:3014.18, min:3014.18
I/SurfaceFlinger(  135): [Built-in Screen (type:0)] fps:0.331765,dur:3014.18,max:3014.18,min:3014.18
D/WifiStateMachine(  627): ConnectedState{ when=-3ms what=131155 arg1=149 target=com.android.internal.util.StateMachine$SmHandler target=Handler (com.android.internal.util.StateMachine$SmHandler) {427cc310} }
D/WifiStateMachine(  627): L2ConnectedState{ when=-4ms what=131155 arg1=149 target=com.android.internal.util.StateMachine$SmHandler target=Handler (com.android.internal.util.StateMachine$SmHandler) {427cc310} }
D/WifiHW  (  627): enter -->wifi_send_command cmd=IFNAME=wlan0 SIGNAL_POLL
D/wpa_supplicant(  800): RX ctrl_iface - hexdump(len=11): 53 49 47 4e 41 4c 5f 50 4f 4c 4c
D/wpa_supplicant(  800): wlan0: Control interface command 'SIGNAL_POLL'
D/wpa_supplicant(  800): nl80211: survey data missing!
D/WifiHW  (  627): leave --> reply=RSSI=-36
D/WifiHW  (  627): LINKSPEED=54
D/WifiHW  (  627): NOISE=9999
D/WifiHW  (  627): FREQUENCY=2412
D/WifiHW  (  627): 
D/wifi    (  627): doStringCommand, buf IFNAME=wlan0 SIGNAL_POLL
I/WifiStateMachine(  627): fetchRssiAndLinkSpeedNative, newRssi:-36, newLinkSpeed:54, SSID:"z"
D/ConnectivityService(  627): getActiveNetworkInfo:NetworkInfo: type: WIFI[], state: CONNECTED/CONNECTED, reason: (unspecified), extra: "z", roaming: false, failover: false, isAvailable: true, isConnectedToProvisioningNetwork: false, simId: 0/10068
I/ANRManager(  627): CPU update time < 2.5sec
I/ANRManager(  627): CPU update time < 2.5sec
I/ANRManager(  627): CPU update time < 2.5sec
I/ANRManager(  627): CPU update time < 2.5sec
I/ANRManager(  627): CPU update time < 2.5sec
I/ANRManager(  627): CPU update time < 2.5sec
I/ANRManager(  627): CPU update time < 2.5sec
I/ANRManager(  627): updateProcessStats
I/ANRManager(  627): CPU update time < 2.5sec
I/ANRManager(  627): CPU update time < 2.5sec
I/ANRManager(  627): CPU update time < 2.5sec
I/ANRManager(  627): CPU update time < 2.5sec
I/ANRManager(  627): CPU update time < 2.5sec
I/ANRManager(  627): CPU update time < 2.5sec
I/ANRManager(  627): CPU update time < 2.5sec
I/ANRManager(  627): CPU update time < 2.5sec
I/ANRManager(  627): CPU update time < 2.5sec
I/ANRManager(  627): CPU update time < 2.5sec
I/ANRManager(  627): CPU update time < 2.5sec
I/ANRManager(  627): CPU update time < 2.5sec
D/StatusBar.NetworkController(  697): refreshViews(0), set parameters to signal cluster view.
D/SignalClusterView(  697): huangzm1:set ethernet indicators, visible=false, icon=0
D/SignalClusterView(  697): setWifiIndicators, visible=true, strengthIcon=com.mediatek.systemui.ext.IconIdWrapper@420a2fe0, activityIcon=com.mediatek.systemui.ext.IconIdWrapper@420a2ff8, contentDescription=â×××ª ×-WLAN ×××.
D/StatusBar.NetworkController(  697): refreshViews(0), tempPhoneSignalIconId.0 = 0  tempPhoneSignalIconId.1 = 0  tempMobileActivityIconId= 0  tempDataTypeIconId= 0
D/SignalClusterView(  697): setMobileDataIndicators(0), visible=false, strengthIcon[0] ~ [1] 0 ~ 0
D/SignalClusterView(  697): setIsAirplaneMode=false
D/SignalClusterView(  697): setRoamingFlagandResource(0), roaming=false, roamingId=0
D/SignalClusterView(  697): setShowSimIndicator(0), showSimIndicator=false simIndicatorResource = 0
D/SignalClusterView(  697): setDataNetType3G(0), NetworkType=null
D/SignalClusterView(  697): apply(), mWifiVisible is true
D/SIMHelper(  697): isSimInserted(0), SimInserted=false
D/SignalClusterView(  697): apply(), slotId=0, mMobileVisible=false, mShouldMobileGroupVisible=true
D/SignalClusterView(  697): apply(). mIsAirplaneMode is false, NWType slot(0) is 8
D/OpenGLRenderer(  697): prepareDirty (0.00, 0.00, 800.00, 25.00) opaque 0 <0x61455590>
D/OpenGLRenderer(  697): clear (0.00, 25 - 25.00 = 0.00, 800.00 - 0.00 = 800.00, 25.00 - 0.00 = 25.00) opaque 0 <0x61455590>
D/OpenGLRenderer(  697): finish <0x61455590>
I/ANRManager(  627): CPU update time < 2.5sec
D/battery_warning(  146): start activity by send intent to BatteryWarningReceiver, type = 128
D/battery_warning(  146): os.system:  am broadcast -n com.mediatek.batterywarning/com.mediatek.batterywarning.BatteryWarningReceiver -a android.intent.action.BATTERY_WARNING --ei type 
V/ActivityManager(  627): Broadcast: Intent { flg=0x14 cmp=com.android.chrome/com.google.ipc.invalidation.external.client.contrib.AndroidListener$AlarmReceiver (has extras) } ordered=true userid=0 callerApp=null
D/PowerManagerService(  627): acquireWakeLockInternal: lock=1109681968, flags=0x1, tag="AlarmManager", ws=WorkSource{10036}, uid=1000, pid=627
D/PowerManagerNotifier(  627): onWakeLockAcquired: flags=1, tag="AlarmManager", packageName=android, ownerUid=1000, ownerPid=627, workSource=WorkSource{10036}
D/PowerManagerService(  627): updateWakeLockSummaryLocked: mWakefulness=Awake, mWakeLockSummary=0x1
D/PowerManagerService(  627): newScreenState = 2
D/PowerManagerService(  627): updateScreenStateLocked: mScreenBrightnessModeSetting=2, autoBrightness=false, ecoBrightness=true, screenAutoBrightnessAdjustment=0.0, screenBrightness=102
D/PowerManagerDisplayController(  627): requestPowerState: screenState=2, useProximitySensor=false, forceProximitySensorEnable=false, forceWakeUpEnable=false, screenBrightness=102, screenAutoBrightnessAdjustment=0.0, useAutoBrightness=false, useEcoBrightness=true, blockScreenOn=false, waitForNegativeProximity=false
I/PowerManagerService(  627): setBrightness mButtonLight 0.
D/PowerManagerService(  627): updateScreenStateLocked: mDisplayReady=true, newScreenState=2, mWakefulness=1, mWakeLockSummary=0x1, mUserActivitySummary=0x1, mBootCompleted=true
D/PowerManagerService(  627): handleSandman: canDream=true, mWakefulness=Awake
D/PowerManagerService(  627): releaseWakeLockInternal: lock=1109681968 [AlarmManager], flags=0x0, total_time=1ms
D/PowerManagerNotifier(  627): onWakeLockReleased: flags=1, tag="AlarmManager", packageName=android, ownerUid=1000, ownerPid=627, workSource=WorkSource{10036}
D/PowerManagerService(  627): updateWakeLockSummaryLocked: mWakefulness=Awake, mWakeLockSummary=0x1
D/PowerManagerService(  627): newScreenState = 2
D/PowerManagerService(  627): updateScreenStateLocked: mScreenBrightnessModeSetting=2, autoBrightness=false, ecoBrightness=true, screenAutoBrightnessAdjustment=0.0, screenBrightness=102
D/PowerManagerDisplayController(  627): requestPowerState: screenState=2, useProximitySensor=false, forceProximitySensorEnable=false, forceWakeUpEnable=false, screenBrightness=102, screenAutoBrightnessAdjustment=0.0, useAutoBrightness=false, useEcoBrightness=true, blockScreenOn=false, waitForNegativeProximity=false
I/PowerManagerService(  627): setBrightness mButtonLight 0.
D/PowerManagerService(  627): updateScreenStateLocked: mDisplayReady=true, newScreenState=2, mWakefulness=1, mWakeLockSummary=0x1, mUserActivitySummary=0x1, mBootCompleted=true
D/PowerManagerService(  627): handleSandman: canDream=true, mWakefulness=Awake
I/ANRManager(  627): CPU update time < 2.5sec
D/IPCThreadState(31360): [DN #5] BR_CLEAR_DEATH_NOTIFICATION_DONE cookie 0x6d03add8
D/IPCThreadState(31360): [DN #5] BR_CLEAR_DEATH_NOTIFICATION_DONE cookie 0x6dd4b3e0
I/ANRManager(  627): CPU update time < 2.5sec
D/StatusBar.NetworkController(  697): refreshViews(0), set parameters to signal cluster view.
D/SignalClusterView(  697): huangzm1:set ethernet indicators, visible=false, icon=0
D/SignalClusterView(  697): setWifiIndicators, visible=true, strengthIcon=com.mediatek.systemui.ext.IconIdWrapper@420a2fe0, activityIcon=com.mediatek.systemui.ext.IconIdWrapper@420a2ff8, contentDescription=â×××ª ×-WLAN ×××.
D/StatusBar.NetworkController(  697): refreshViews(0), tempPhoneSignalIconId.0 = 0  tempPhoneSignalIconId.1 = 0  tempMobileActivityIconId= 0  tempDataTypeIconId= 0
D/SignalClusterView(  697): setMobileDataIndicators(0), visible=false, strengthIcon[0] ~ [1] 0 ~ 0
D/SignalClusterView(  697): setIsAirplaneMode=false
D/SignalClusterView(  697): setRoamingFlagandResource(0), roaming=false, roamingId=0
D/SignalClusterView(  697): setShowSimIndicator(0), showSimIndicator=false simIndicatorResource = 0
D/SignalClusterView(  697): setDataNetType3G(0), NetworkType=null
D/SignalClusterView(  697): apply(), mWifiVisible is true
D/SIMHelper(  697): isSimInserted(0), SimInserted=false
D/SignalClusterView(  697): apply(), slotId=0, mMobileVisible=false, mShouldMobileGroupVisible=true
D/SignalClusterView(  697): apply(). mIsAirplaneMode is false, NWType slot(0) is 8
D/OpenGLRenderer(  697): prepareDirty (0.00, 0.00, 800.00, 25.00) opaque 0 <0x61455590>
D/OpenGLRenderer(  697): clear (0.00, 25 - 25.00 = 0.00, 800.00 - 0.00 = 800.00, 25.00 - 0.00 = 25.00) opaque 0 <0x61455590>
D/OpenGLRenderer(  697): finish <0x61455590>
I/BufferQueue(  135): [StatusBar](this:0xb8bb2d28,id:6,api:1,p:697,c:135) [queue] fps:0.67, dur:2999.57, max:2006.46, min:993.11
I/BufferQueue(  135): [StatusBar](this:0xb8bb2d28,id:6,api:1,p:697,c:135) [release] fps:0.67, dur:2997.59, max:2003.88, min:993.71
I/BufferQueue(  135): [FrameBufferSurface_0](this:0xb8b960a0,id:0,api:1,p:135,c:135) [release] fps:0.67, dur:2997.62, max:2003.92, min:993.70
I/BufferQueue(  135): [FrameBufferSurface_0](this:0xb8b960a0,id:0,api:1,p:135,c:135) [queue] fps:0.67, dur:2997.62, max:2003.99, min:993.62
I/SurfaceFlinger(  135): [Built-in Screen (type:0)] fps:0.667198,dur:2997.61,max:2004.03,min:993.57
D/IPCThreadState(  627): [DN #5] BR_CLEAR_DEATH_NOTIFICATION_DONE cookie 0x64bc4268
D/ActivityThread(26543): SVC-UNBIND_SERVICE handled : 0 / BindServiceData{token=android.os.BinderProxy@41fe1190 intent=Intent { cmp=com.android.defcontainer/.DefaultContainerService }}
D/ActivityThread(26543): SVC-Destroying service: com.android.defcontainer.DefaultContainerService@41fe19f8
D/dalvikvm(26543): threadid=10: exiting
D/dalvikvm(26543): threadid=10: bye!
I/ActivityManager(  627): Killing 27687:com.lenovo.ota/u0a57 (adj 15): empty #17
D/ActivityThread(26543): SVC-STOP_SERVICE handled : 0 / android.os.BinderProxy@41fe1190
D/IPCThreadState(  627): [DN #5] BR_DEAD_BINDER cookie 0x41c8b638
D/IPCThreadState(  627): [DN #5] BR_DEAD_BINDER cookie 0x61a4cea8
D/DisplayManagerService(  627): Display listener for pid 27687 died.
D/IPCThreadState(  627): [DN #5] BR_CLEAR_DEATH_NOTIFICATION_DONE cookie 0x61a4cea8
D/IPCThreadState(  627): [DN #5] BR_CLEAR_DEATH_NOTIFICATION_DONE cookie 0x41c8b638
I/ANRManager(  627): CPU update time < 2.5sec
I/ANRManager(  627): CPU update time < 2.5sec
I/ANRManager(  627): CPU update time < 2.5sec
I/ANRManager(  627): CPU update time < 2.5sec
I/ANRManager(  627): CPU update time < 2.5sec
I/ANRManager(  627): CPU update time < 2.5sec
I/ANRManager(  627): updateProcessStats
I/ANRManager(  627): CPU update time < 2.5sec
I/ANRManager(  627): CPU update time < 2.5sec
I/ANRManager(  627): CPU update time < 2.5sec
I/ANRManager(  627): CPU update time < 2.5sec
I/ANRManager(  627): CPU update time < 2.5sec
I/ANRManager(  627): CPU update time < 2.5sec
V/ConfigFetchTask(31360): ConfigFetchTask getDeviceDataVersionInfo(): ABFEt1Ws2UOc-DmagXUKa13p0oUfX2Eco-nzyQOPllXLmk0RvZIk5PRs_EOF2Es8lVn29NqhRGdHt2CVh94BnkERXYiGbLLYV905iar9qyCdvF1_D3P_5P7xGCw6AFhEcSWMSaDO6JD3zQ3QTMhIMaTSLlmGBH9HuQgF22-FOAB3Fw9ns3J6wyDO-hhV6i0rzyrf9ChTcrjh1MaVd0u10kPEuvK6bggYMeymQfL4bOQFZdFhsZZkpGCb5veqsUrDD3g3dWes5ERxwucRUDMUckffe3ins_ai3Ew6eesWU_3-pQSW-6SHNOo
I/GoogleURLConnFactory(31360): Using platform SSLCertificateSocketFactory
D/ActivityThread(31292): SVC-Creating service: CreateServiceData{token=android.os.BinderProxy@420c0ab0 className=com.google.android.gms.gcm.http.GoogleHttpService packageName=com.google.android.gms intent=null}
D/ActivityThread(31292): SVC-CREATE_SERVICE handled : 0 / CreateServiceData{token=android.os.BinderProxy@420c0ab0 className=com.google.android.gms.gcm.http.GoogleHttpService packageName=com.google.android.gms intent=null}
D/ActivityThread(31292): SVC-BIND_SERVICE handled : 0 / BindServiceData{token=android.os.BinderProxy@420c0ab0 intent=Intent { cmp=com.google.android.gms/.gcm.http.GoogleHttpService }}
D/dalvikvm(31360): create interp thread : stack size=128KB
D/dalvikvm(31360): create new thread
D/dalvikvm(31360): new thread created
D/dalvikvm(31360): update thread list
D/dalvikvm(31360): threadid=27: interp stack at 0x6c15a000
D/dalvikvm(31360): threadid=27: created from interp
D/dalvikvm(31360): start new thread
D/dalvikvm(31360): threadid=27: notify debugger
I/FrameworkListener(  127): onDataAvailable get 54 bytes 
D/FrameworkListener(  127): dispatchCommand data = (getaddrinfo android.clients.google.com ^ 1024 0 1 0 ^)
D/dalvikvm(31360): threadid=27 (OkHttp ConnectionPool): calling run()
D/libc    (  127): _resolv_get_pids_associated_interface buff: 
D/libc    (  127): _resolv_get_uids_associated_interface buff: 
D/libc-netbsd(  127): default dns: query_ipv6=0, query_ipv4=1
D/libc-netbsd(  127): res_queryN name = android.clients.google.com, class = 1, type = 1
D/libc    (  127): _get_res_cache: iface = wlan0, cache=0xb845e090
D/libc    (  127): _resolv_cache_lookup: lookup
D/libc    (  127): QUERY: RECURSIVE android.clients.google.com (A)
D/libc    (  127):  NOT IN CACHE (STALE ENTRY 0xb84a9a18 DISCARDED)
D/libc    (  127): QUERY: RECURSIVE android.clients.google.com (A)
D/libc    (  127): _cache_remove_p: entry 385 removed (count=91)
D/libc    (  127): _resolv_populate_res_for_iface: wlan0
D/libc-netbsd(  127): iface=wlan0, dns0:80.179.52.100
D/libc-netbsd(  127): iface=wlan0, dns1:80.179.55.100
D/libc-netbsd(  127): iface=wlan0, dns2:8.8.8.8
D/WifiStateMachine(  627): ConnectedState{ when=-3ms what=131155 arg1=149 target=com.android.internal.util.StateMachine$SmHandler target=Handler (com.android.internal.util.StateMachine$SmHandler) {427cc310} }
D/WifiStateMachine(  627): L2ConnectedState{ when=-3ms what=131155 arg1=149 target=com.android.internal.util.StateMachine$SmHandler target=Handler (com.android.internal.util.StateMachine$SmHandler) {427cc310} }
D/WifiHW  (  627): enter -->wifi_send_command cmd=IFNAME=wlan0 SIGNAL_POLL
D/wpa_supplicant(  800): RX ctrl_iface - hexdump(len=11): 53 49 47 4e 41 4c 5f 50 4f 4c 4c
D/wpa_supplicant(  800): wlan0: Control interface command 'SIGNAL_POLL'
D/wpa_supplicant(  800): nl80211: survey data missing!
D/WifiHW  (  627): leave --> reply=RSSI=-36
D/WifiHW  (  627): LINKSPEED=54
D/WifiHW  (  627): NOISE=9999
D/WifiHW  (  627): FREQUENCY=2412
D/WifiHW  (  627): 
D/wifi    (  627): doStringCommand, buf IFNAME=wlan0 SIGNAL_POLL
I/WifiStateMachine(  627): fetchRssiAndLinkSpeedNative, newRssi:-36, newLinkSpeed:54, SSID:"z"
D/libc    (  127): _resolv_cache_add: query:
D/libc    (  127): QUERY: RECURSIVE android.clients.google.com (A)
D/libc    (  127): ;; ->>HEADER<<- opcode: QUERY, status: NOERROR, id: 34282
D/libc    (  127): ;; flags: qr rd ra; QUERY: 1, ANSWER: 12, AUTHORITY: 0, ADDITIONAL: 0
D/libc    (  127): ;;	android.clients.google.com, type = A, class = IN
D/libc    (  127): android.clients.google.com.  4m3s IN CNAME  android.l.google.com.
D/libc    (  127): android.l.google.com.	4m6s IN A	173.194.112.100
D/libc    (  127): android.l.google.com.	4m6s IN A	173.194.112.101
D/libc    (  127): android.l.google.com.	4m6s IN A	173.194.112.104
D/libc    (  127): android.l.google.com.	4m6s IN A	173.194.112.98
D/libc    (  127): android.l.google.com.	4m6s IN A	173.194.112.97
D/libc    (  127): android.l.google.com.	4m6s IN A	173.194.112.96
D/libc    (  127): android.l.google.com.	4m6s IN A	173.194.112.110
D/libc    (  127): android.l.google.com.	4m6s IN A	173.194.112.99
D/libc    (  127): android.l.google.com.	4m6s IN A	173.194.112.103
D/libc    (  127): android.l.google.com.	4m6s IN A	173.194.112.102
D/libc    (  127): android.l.google.com.	4m6s IN A	173.194.112.105
D/libc    (  127): 
D/libc    (  127): answer:
D/libc    (  127): 85 ea 81 80 00 01 00 0c 00 00 00 00 07 61 6e 64  .............and
D/libc    (  127): 72 6f 69 64 07 63 6c 69 65 6e 74 73 06 67 6f 6f  roid.clients.goo
D/libc    (  127): 67 6c 65 03 63 6f 6d 00 00 01 00 01 c0 0c 00 05  gle.com.........
D/libc    (  127): 00 01 00 00 00 f3 00 0c 07 61 6e 64 72 6f 69 64  .........android
D/libc    (  127): 01 6c c0 1c c0 38 00 01 00 01 00 00 00 f6 00 04  .l...8..........
D/libc    (  127): ad c2 70 64 c0 38 00 01 00 01 00 00 00 f6 00 04  ..pd.8..........
D/libc    (  127): ad c2 70 65 c0 38 00 01 00 01 00 00 00 f6 00 04  ..pe.8..........
D/libc    (  127): ad c2 70 68 c0 38 00 01 00 01 00 00 00 f6 00 04  ..ph.8..........
D/libc    (  127): ad c2 70 62 c0 38 00 01 00 01 00 00 00 f6 00 04  ..pb.8..........
D/libc    (  127): ad c2 70 61 c0 38 00 01 00 01 00 00 00 f6 00 04  ..pa.8..........
D/libc    (  127): ad c2 70 60 c0 38 00 01 00 01 00 00 00 f6 00 04  ..p`.8..........
D/libc    (  127): ad c2 70 6e c0 38 00 01 00 01 00 00 00 f6 00 04  ..pn.8..........
D/libc    (  127): ad c2 70 63 c0 38 00 01 00 01 00 00 00 f6 00 04  ..pc.8..........
D/libc    (  127): ad c2 70 67 c0 38 00 01 00 01 00 00 00 f6 00 04  ..pg.8..........
D/libc    (  127): ad c2 70 66 c0 38 00 01 00 01 00 00 00 f6 00 04  ..pf.8..........
D/libc    (  127): ad c2 70 69                      
D/libc    (  127): TTL = 243
D/libc    (  127): _cache_add_p: entry 404 added (count=92)
D/libc    (  127): MRU LIST (92):  404 401 403 402 399 398 397 396 375 394 390 389 387 386 381 370 366 363 362 361 360 346 345 338 337 331 327 317 299 297 287 285 296 284 280 295 294 293 292 291 290 289 288 286 283 282 281 273 270 268 243 232 242 241 229 240 239 238 237 234 236 235 233 231 230 228 227 226 214 197 190 187 186 185 184 183 182 181 177 166 162 159 139 142 149 148 147 140 138 108 85 2
D/libc-netbsd(  127): res_queryN name = android.clients.google.com succeed
D/SocketClient(  127): SocketClient sendDatalocked done: 222
D/SocketClient(  127): SocketClient sendDatalocked done: 
D/SocketClient(  127): SocketClient sendDatalocked done: 
D/SocketClient(  127): SocketClient sendDatalocked done: 
D/SocketClient(  127): SocketClient sendDatalocked done: 
D/SocketClient(  127): SocketClient sendDatalocked done: 
D/SocketClient(  127): SocketClient sendDatalocked done: 
D/SocketClient(  127): SocketClient sendDatalocked done: 
D/SocketClient(  127): SocketClient sendDatalocked done: 
D/SocketClient(  127): SocketClient sendDatalocked done: 
D/SocketClient(  127): SocketClient sendDatalocked done: 
D/SocketClient(  127): SocketClient sendDatalocked done: 
D/SocketClient(  127): SocketClient sendDatalocked done: 
D/SocketClient(  127): SocketClient sendDatalocked done: 
D/SocketClient(  127): SocketClient sendDatalocked done: 
D/SocketClient(  127): SocketClient sendDatalocked done: 
D/SocketClient(  127): SocketClient sendDatalocked done: 
D/SocketClient(  127): SocketClient sendDatalocked done: 
D/SocketClient(  127): SocketClient sendDatalocked done: 
D/SocketClient(  127): SocketClient sendDatalocked done: 
D/SocketClient(  127): SocketClient sendDatalocked done: 
D/SocketClient(  127): SocketClient sendDatalocked done: 
D/SocketClient(  127): SocketClient sendDatalocked done: 
D/SocketClient(  127): SocketClient sendDatalocked done: 
D/SocketClient(  127): SocketClient sendDatalocked done: 
D/SocketClient(  127): SocketClient sendDatalocked done: 
D/SocketClient(  127): SocketClient sendDatalocked done: 
D/SocketClient(  127): SocketClient sendDatalocked done: 
D/SocketClient(  127): SocketClient sendDatalocked done: 
D/SocketClient(  127): SocketClient sendDatalocked done: 
D/SocketClient(  127): SocketClient sendDatalocked done: 
D/SocketClient(  127): SocketClient sendDatalocked done: 
D/SocketClient(  127): SocketClient sendDatalocked done: 
D/SocketClient(  127): SocketClient sendDatalocked done: 
D/SocketClient(  127): SocketClient sendDatalocked done: 
D/SocketClient(  127): SocketClient sendDatalocked done: 
D/SocketClient(  127): SocketClient sendDatalocked done: 
D/SocketClient(  127): SocketClient sendDatalocked done: 
D/SocketClient(  127): SocketClient sendDatalocked done: 
D/SocketClient(  127): SocketClient sendDatalocked done: 
D/SocketClient(  127): SocketClient sendDatalocked done: 
D/SocketClient(  127): SocketClient sendDatalocked done: 
D/SocketClient(  127): SocketClient sendDatalocked done: 
D/SocketClient(  127): SocketClient sendDatalocked done: 
D/SocketClient(  127): SocketClient sendDatalocked done: 
D/SocketClient(  127): SocketClient sendDatalocked done: 
D/SocketClient(  127): SocketClient sendDatalocked done: 
D/SocketClient(  127): SocketClient sendDatalocked done: 
D/SocketClient(  127): SocketClient sendDatalocked done: 
D/SocketClient(  127): SocketClient sendDatalocked done: 
D/SocketClient(  127): SocketClient sendDatalocked done: 
D/SocketClient(  127): SocketClient sendDatalocked done: 
D/SocketClient(  127): SocketClient sendDatalocked done: 
D/SocketClient(  127): SocketClient sendDatalocked done: 
D/SocketClient(  127): SocketClient sendDatalocked done: 
D/SocketClient(  127): SocketClient sendDatalocked done: 
D/SocketClient(  127): SocketClient sendDatalocked done: 
D/libc-netbsd(31360): getaddrinfo: android.clients.google.com get result from proxy >>
I/System.out(31360): propertyValue:true
I/System.out(31360): [socket][53] connection android.clients.google.com/173.194.112.100:443;LocalPort=59904(120000)
I/System.out(31360): [CDS]connect[android.clients.google.com/173.194.112.100:443] tm:120
D/Posix   (31360): [Posix_connect Debug]Process com.google.android.gms :443 
I/System.out(31360): [socket][/192.168.1.101:59904] connected
I/System.out(31360): [CDS]rx timeout:120000
I/System.out(31360): [CDS]rx timeout:60000
I/System.out(31360): [CDS]rx timeout:60000
D/NativeCrypto(31360): ssl=0x6be21168 NativeCrypto_SSL_do_handshake fd=0x24f00005 shc=0x22700009 timeout_millis=60000 client_mode=1 npn=0x0
D/NativeCrypto(31360): doing handshake ++
D/NativeCrypto(31360): ssl=0x6be21168 info_callback where=0x10 ret=1
D/NativeCrypto(31360): ssl=0x6be21168 handshake start in UNKWN  before/connect initialization
D/NativeCrypto(31360): ssl=0x6be21168 info_callback ignored
D/NativeCrypto(31360): ssl=0x6be21168 info_callback where=0x1001 ret=1
D/NativeCrypto(31360): ssl=0x6be21168 SSL_connect:UNKWN  before/connect initialization
D/NativeCrypto(31360): ssl=0x6be21168 info_callback ignored
D/NativeCrypto(31360): ssl=0x6be21168 info_callback where=0x1001 ret=1
D/NativeCrypto(31360): ssl=0x6be21168 SSL_connect:3WCH_A SSLv3 write client hello A
D/NativeCrypto(31360): ssl=0x6be21168 info_callback ignored
D/NativeCrypto(31360): ssl=0x6be21168 info_callback where=0x1002 ret=-1
D/NativeCrypto(31360): ssl=0x6be21168 SSL_connect:error exit in 3RSH_A SSLv3 read server hello A
D/NativeCrypto(31360): ssl=0x6be21168 info_callback ignored
D/NativeCrypto(31360): doing handshake -- ret=-1
D/NativeCrypto(31360): ssl=0x6be21168 NativeCrypto_SSL_do_handshake ret=-1 errno=11 sslError=2 timeout_millis=60000
I/ANRManager(  627): CPU update time < 2.5sec
I/ANRManager(  627): CPU update time < 2.5sec
D/NativeCrypto(31360): doing handshake ++
D/NativeCrypto(31360): ssl=0x6be21168 info_callback where=0x1001 ret=1
D/NativeCrypto(31360): ssl=0x6be21168 SSL_connect:3RSH_A SSLv3 read server hello A
D/NativeCrypto(31360): ssl=0x6be21168 info_callback ignored
E/NativeCrypto(31360): ssl=0x6be21168 cert_verify_callback x509_store_ctx=0x6e30e940 arg=0x0
E/NativeCrypto(31360): ssl=0x6be21168 cert_verify_callback calling verifyCertificateChain authMethod=ECDHE_RSA
D/NativeCrypto(31360): ssl=0x6be21168 cert_verify_callback => 1
D/NativeCrypto(31360): ssl=0x6be21168 info_callback where=0x1001 ret=1
D/NativeCrypto(31360): ssl=0x6be21168 SSL_connect:3RSC_A SSLv3 read server certificate A
D/NativeCrypto(31360): ssl=0x6be21168 info_callback ignored
D/NativeCrypto(31360): ssl=0x6be21168 info_callback where=0x1001 ret=1
D/NativeCrypto(31360): ssl=0x6be21168 SSL_connect:3RSKEA SSLv3 read server key exchange A
D/NativeCrypto(31360): ssl=0x6be21168 info_callback ignored
D/NativeCrypto(31360): ssl=0x6be21168 info_callback where=0x1001 ret=1
D/NativeCrypto(31360): ssl=0x6be21168 SSL_connect:3RSD_A SSLv3 read server done A
D/NativeCrypto(31360): ssl=0x6be21168 info_callback ignored
D/OpenSSLLib(31360):  User Build
D/NativeCrypto(31360): ssl=0x6be21168 info_callback where=0x1001 ret=1
D/NativeCrypto(31360): ssl=0x6be21168 SSL_connect:3WCKEA SSLv3 write client key exchange A
D/NativeCrypto(31360): ssl=0x6be21168 info_callback ignored
D/NativeCrypto(31360): ssl=0x6be21168 info_callback where=0x1001 ret=1
D/NativeCrypto(31360): ssl=0x6be21168 SSL_connect:3WCCSA SSLv3 write change cipher spec A
D/NativeCrypto(31360): ssl=0x6be21168 info_callback ignored
D/NativeCrypto(31360): ssl=0x6be21168 info_callback where=0x1001 ret=1
D/NativeCrypto(31360): ssl=0x6be21168 SSL_connect:3WFINA SSLv3 write finished A
D/NativeCrypto(31360): ssl=0x6be21168 info_callback ignored
D/NativeCrypto(31360): ssl=0x6be21168 info_callback where=0x1001 ret=1
D/NativeCrypto(31360): ssl=0x6be21168 SSL_connect:3FLUSH SSLv3 flush data
D/NativeCrypto(31360): ssl=0x6be21168 info_callback ignored
D/NativeCrypto(31360): ssl=0x6be21168 info_callback where=0x1002 ret=-1
D/NativeCrypto(31360): ssl=0x6be21168 SSL_connect:error exit in 3RFINA SSLv3 read finished A
D/NativeCrypto(31360): ssl=0x6be21168 info_callback ignored
D/NativeCrypto(31360): doing handshake -- ret=-1
D/NativeCrypto(31360): ssl=0x6be21168 NativeCrypto_SSL_do_handshake ret=-1 errno=11 sslError=2 timeout_millis=60000
D/NativeCrypto(31360): doing handshake ++
D/NativeCrypto(31360): ssl=0x6be21168 info_callback where=0x1001 ret=1
D/NativeCrypto(31360): ssl=0x6be21168 SSL_connect:3RFINA SSLv3 read finished A
D/NativeCrypto(31360): ssl=0x6be21168 info_callback ignored
D/NativeCrypto(31360): ssl=0x6be21168 info_callback where=0x20 ret=1
D/NativeCrypto(31360): ssl=0x6be21168 handshake done in SSLOK  SSL negotiation finished successfully
D/NativeCrypto(31360): ssl=0x6be21168 info_callback calling handshakeCompleted
D/NativeCrypto(31360): ssl=0x6be21168 info_callback completed
D/NativeCrypto(31360): ssl=0x6be21168 info_callback where=0x1002 ret=1
D/NativeCrypto(31360): ssl=0x6be21168 SSL_connect:ok exit in SSLOK  SSL negotiation finished successfully
D/NativeCrypto(31360): ssl=0x6be21168 info_callback ignored
D/NativeCrypto(31360): doing handshake -- ret=1
D/NativeCrypto(31360): ssl=0x6be21168 NativeCrypto_SSL_get_certificate => NULL
I/System.out(31360): [CDS]rx timeout:120000
I/System.out(31360): [CDS]rx timeout:120000
D/NativeCrypto(31360): ssl=0x6be21168 sslWrite buf=0x42468970 len=606 write_timeout_millis=0
D/NativeCrypto(31360): ssl=0x6be21168 sslRead buf=0x42207c50 len=1500,timeo=120000
I/ANRManager(  627): CPU update time < 2.5sec
D/NativeCrypto(31360): ssl=0x6be21168 sslRead buf=0x42207c50 len=1500,timeo=120000
I/System.out(31360): [CDS]rx timeout:100
I/System.out(31360): [CDS]rx timeout:100
D/NativeCrypto(31360): ssl=0x6be21168 sslRead buf=0x42207c50 len=1500,timeo=100
I/System.out(31360): [CDS]rx timeout:100
I/System.out(31360): [CDS]rx timeout:100
I/System.out(31360): [CDS]rx timeout:100
I/System.out(31360): [CDS]rx timeout:100
I/System.out(31360): [CDS]rx timeout:120000
I/System.out(31360): [CDS]rx timeout:120000
I/ConfigFetchService(31360): fetch service done; releasing wakelock
D/PowerManagerService(  627): releaseWakeLockInternal: lock=1113703232 [Config Service fetch], flags=0x0, total_time=10532ms
D/PowerManagerNotifier(  627): onWakeLockReleased: flags=1, tag="Config Service fetch", packageName=com.google.android.gms, ownerUid=10010, ownerPid=31360, workSource=WorkSource{10110 com.bidspirit.qa}
D/PowerManagerService(  627): updateWakeLockSummaryLocked: mWakefulness=Awake, mWakeLockSummary=0x0
D/PowerManagerService(  627): newScreenState = 2
D/PowerManagerService(  627): updateScreenStateLocked: mScreenBrightnessModeSetting=2, autoBrightness=false, ecoBrightness=true, screenAutoBrightnessAdjustment=0.0, screenBrightness=102
D/PowerManagerDisplayController(  627): requestPowerState: screenState=2, useProximitySensor=false, forceProximitySensorEnable=false, forceWakeUpEnable=false, screenBrightness=102, screenAutoBrightnessAdjustment=0.0, useAutoBrightness=false, useEcoBrightness=true, blockScreenOn=false, waitForNegativeProximity=false
I/PowerManagerService(  627): setBrightness mButtonLight 0.
D/PowerManagerService(  627): updateScreenStateLocked: mDisplayReady=true, newScreenState=2, mWakefulness=1, mWakeLockSummary=0x0, mUserActivitySummary=0x1, mBootCompleted=true
D/PowerManagerService(  627): Releasing suspend blocker "PowerManagerService.WakeLocks".
D/IPCThreadState(  627): [DN #5] BR_CLEAR_DEATH_NOTIFICATION_DONE cookie 0x64bc8740
D/PowerManagerService(  627): handleSandman: canDream=true, mWakefulness=Awake
I/ConfigFetchService(31360): stopping self
D/ActivityThread(31360): SVC-Destroying service: com.google.android.gms.config.ConfigFetchService@41fd4568
D/IPCThreadState(31360): [DN #5] BR_CLEAR_DEATH_NOTIFICATION_DONE cookie 0x6bd97690
I/ActivityManager(  627): Killing 27714:com.lenovo.videoplayer/u0a89 (adj 15): empty #17
D/dalvikvm(31360): threadid=51: exiting
D/dalvikvm(31360): threadid=51: bye!
D/ActivityThread(31360): SVC-STOP_SERVICE handled : 0 / android.os.BinderProxy@4219da10
D/IPCThreadState(  627): [DN #5] BR_DEAD_BINDER cookie 0x60a92058
D/IPCThreadState(  627): [DN #5] BR_DEAD_BINDER cookie 0x63bacb60
D/DisplayManagerService(  627): Display listener for pid 27714 died.
D/IPCThreadState(  627): [DN #5] BR_CLEAR_DEATH_NOTIFICATION_DONE cookie 0x63bacb60
D/IPCThreadState(  627): [DN #5] BR_CLEAR_DEATH_NOTIFICATION_DONE cookie 0x60a92058
I/ANRManager(  627): CPU update time < 2.5sec
D/battery_warning(  146): start activity by send intent to BatteryWarningReceiver, type = 128
D/battery_warning(  146): os.system:  am broadcast -n com.mediatek.batterywarning/com.mediatek.batterywarning.BatteryWarningReceiver -a android.intent.action.BATTERY_WARNING --ei type 
V/ActivityManager(  627): Broadcast: Intent { act=android.intent.action.PACKAGE_CHANGED dat=package:com.google.android.gms flg=0x4000010 (has extras) } ordered=false userid=0 callerApp=null
D/asset   (  627): AssetManager-->addDefaultAssets CIP path not exsit!
I/ANRManager(  627): CPU update time < 2.5sec
D/InputReader(  627): InputReader:: requestRefreshConfiguration lock 
I/ANRManager(  627): CPU update time < 2.5sec
D/InputReader(  627): InputReader:: requestRefreshConfiguration unlock 
D/Launcher.Model(  952): onReceive intent=Intent { act=android.intent.action.PACKAGE_CHANGED dat=package:com.google.android.gms flg=0x4000010 (has extras) }
D/Launcher.Theme(  952): onReceive intent=android.intent.action.PACKAGE_CHANGED
D/Launcher.Model(  952): mAllAppsList.updatePackage com.google.android.gms
I/ANRManager(  627): CPU update time < 2.5sec
D/asset   (  952): AssetManager-->addDefaultAssets CIP path not exsit!
I/ANRManager(  627): CPU update time < 2.5sec
D/ActivityThread(26734): BDC-Calling onReceive: intent=Intent { act=android.intent.action.PACKAGE_CHANGED dat=package:com.google.android.gms flg=0x4000010 cmp=com.google.android.talk/com.google.android.apps.hangouts.phone.PackageReplacedReceiver (has extras) }, ordered=true, receiver=com.google.android.apps.hangouts.phone.PackageReplacedReceiver@426dd858
D/PowerManagerService(  627): acquireWakeLockInternal: lock=1123753968, flags=0x1, tag="hangouts_rtcs", ws=null, uid=10051, pid=26734
D/PowerManagerNotifier(  627): onWakeLockAcquired: flags=1, tag="hangouts_rtcs", packageName=com.google.android.talk, ownerUid=10051, ownerPid=26734, workSource=null
D/AppOps  (  627): startOperation: allowing code 40 uid 10051 package com.google.android.talk
D/PowerManagerService(  627): updateWakeLockSummaryLocked: mWakefulness=Awake, mWakeLockSummary=0x1
D/PowerManagerService(  627): newScreenState = 2
D/PowerManagerService(  627): updateScreenStateLocked: mScreenBrightnessModeSetting=2, autoBrightness=false, ecoBrightness=true, screenAutoBrightnessAdjustment=0.0, screenBrightness=102
D/PowerManagerDisplayController(  627): requestPowerState: screenState=2, useProximitySensor=false, forceProximitySensorEnable=false, forceWakeUpEnable=false, screenBrightness=102, screenAutoBrightnessAdjustment=0.0, useAutoBrightness=false, useEcoBrightness=true, blockScreenOn=false, waitForNegativeProximity=false
I/PowerManagerService(  627): setBrightness mButtonLight 0.
D/PowerManagerService(  627): updateScreenStateLocked: mDisplayReady=true, newScreenState=2, mWakefulness=1, mWakeLockSummary=0x1, mUserActivitySummary=0x1, mBootCompleted=true
D/PowerManagerService(  627): Acquiring suspend blocker "PowerManagerService.WakeLocks".
D/PowerManagerService(  627): handleSandman: canDream=true, mWakefulness=Awake
D/ActivityThread(30635): BDC-Calling onReceive: intent=Intent { act=android.intent.action.PACKAGE_CHANGED dat=package:com.google.android.gms flg=0x4000010 cmp=com.android.providers.contacts/.PackageIntentReceiver (has extras) }, ordered=true, receiver=com.android.providers.contacts.PackageIntentReceiver@42098888
D/ContactsProvider(30635): performBackgroundTask()+ **** task=8
D/ActivityThread(30635): BDC-RECEIVER handled : 0 / ReceiverData{intent=Intent { act=android.intent.action.PACKAGE_CHANGED dat=package:com.google.android.gms flg=0x4000010 cmp=com.android.providers.contacts/.PackageIntentReceiver (has extras) } packageName=com.android.providers.contacts resultCode=0 resultData=null resultExtras=null}
D/ActivityThread(  952): BDC-Calling onReceive: intent=Intent { act=android.intent.action.PACKAGE_CHANGED dat=package:com.google.android.gms flg=0x4000010 cmp=com.lenovo.launcherhd/com.lenovo.launcher.PackageChangedReceiver (has extras) }, ordered=true, receiver=com.lenovo.launcher.PackageChangedReceiver@4215cae0
W/Launcher(  952): setApplicationContext called twice! old=com.lenovo.launcher.LauncherApplication@41facb70 new=com.lenovo.launcher.LauncherApplication@41facb70
D/ActivityThread(10683): BDC-Calling onReceive: intent=Intent { act=android.intent.action.PACKAGE_CHANGED dat=package:com.google.android.gms flg=0x4000010 cmp=com.google.android.googlequicksearchbox/com.google.android.search.core.summons.icing.InternalIcingCorporaProvider$CorporaChangedReceiver (has extras) }, ordered=true, receiver=com.google.android.search.core.summons.icing.InternalIcingCorporaProvider$CorporaChangedReceiver@421c5828
D/ActivityThread(10683): BDC-RECEIVER handled : 0 / ReceiverData{intent=Intent { act=android.intent.action.PACKAGE_CHANGED dat=package:com.google.android.gms flg=0x4000010 cmp=com.google.android.googlequicksearchbox/com.google.android.search.core.summons.icing.InternalIcingCorporaProvider$CorporaChangedReceiver (has extras) } packageName=com.google.android.googlequicksearchbox resultCode=0 resultData=null resultExtras=null}
D/ActivityThread(10683): SVC-Creating service: CreateServiceData{token=android.os.BinderProxy@41fc0240 className=com.google.android.search.core.summons.icing.InternalIcingCorporaProvider$UpdateCorporaService packageName=com.google.android.googlequicksearchbox intent=null}
D/dalvikvm(10683): create interp thread : stack size=128KB
D/dalvikvm(10683): create new thread
D/dalvikvm(10683): new thread created
D/dalvikvm(10683): update thread list
D/ActivityThread(  952): BDC-RECEIVER handled : 0 / ReceiverData{intent=Intent { act=android.intent.action.PACKAGE_CHANGED dat=package:com.google.android.gms flg=0x4000010 cmp=com.lenovo.launcherhd/com.lenovo.launcher.PackageChangedReceiver (has extras) } packageName=com.lenovo.launcherhd resultCode=0 resultData=null resultExtras=null}
D/ActivityThread(26734): BDC-RECEIVER handled : 0 / ReceiverData{intent=Intent { act=android.intent.action.PACKAGE_CHANGED dat=package:com.google.android.gms flg=0x4000010 cmp=com.google.android.talk/com.google.android.apps.hangouts.phone.PackageReplacedReceiver (has extras) } packageName=com.google.android.talk resultCode=0 resultData=null resultExtras=null}
D/ActivityThread(26734): SVC-Creating service: CreateServiceData{token=android.os.BinderProxy@426d6488 className=com.google.android.apps.hangouts.realtimechat.RealTimeChatService packageName=com.google.android.talk intent=null}
D/dalvikvm(26734): create interp thread : stack size=128KB
D/dalvikvm(26734): create new thread
D/dalvikvm(26734): new thread created
D/dalvikvm(26734): update thread list
D/dalvikvm(10683): threadid=16: interp stack at 0x6117f000
D/dalvikvm(10683): threadid=16: created from interp
D/dalvikvm(10683): start new thread
D/dalvikvm(10683): threadid=16: notify debugger
D/dalvikvm(10683): threadid=16 (IntentService[UpdateCorporaService]): calling run()
D/dalvikvm(26734): threadid=10: interp stack at 0x61025000
D/dalvikvm(26734): threadid=10: created from interp
D/dalvikvm(26734): start new thread
D/dalvikvm(26734): threadid=10: notify debugger
D/dalvikvm(26734): threadid=10 (IntentService[RealTimeChatService]): calling run()
V/Launcher.Theme(  952): getIconBitmap ~info~com.google.android.gms
V/Launcher.Theme(  952): findCustomIconById ~~~~
V/Launcher.Theme(  952): icon resource ===== com.google.android.gms:drawable/common_settings_icon
V/Launcher.Theme(  952): findIconBitmapByIdName ~ res === com_google_android_gms__common_settings_icon
D/ActivityThread(10683): SVC-CREATE_SERVICE handled : 0 / CreateServiceData{token=android.os.BinderProxy@41fc0240 className=com.google.android.search.core.summons.icing.InternalIcingCorporaProvider$UpdateCorporaService packageName=com.google.android.googlequicksearchbox intent=null}
D/ActivityThread(10683): SVC-Calling onStartCommand: com.google.android.search.core.summons.icing.InternalIcingCorporaProvider$UpdateCorporaService@41fd82a8, flags=0, startId=1
D/ActivityThread(10683): SVC-SERVICE_ARGS handled : 0 / ServiceArgsData{token=android.os.BinderProxy@41fc0240 startId=1 args=Intent { act=ACTION_UPDATE cmp=com.google.android.googlequicksearchbox/com.google.android.search.core.summons.icing.InternalIcingCorporaProvider$UpdateCorporaService (has extras) }}
D/ActivityThread(10683): BDC-Calling onReceive: intent=Intent { act=android.intent.action.PACKAGE_CHANGED dat=package:com.google.android.gms flg=0x4000010 cmp=com.google.android.googlequicksearchbox/.GelStubAppWatcher (has extras) }, ordered=true, receiver=com.google.android.googlequicksearchbox.GelStubAppWatcher@41fc1f68
I/ANRManager(  627): CPU update time < 2.5sec
D/ActivityThread(26628): BDC-Calling onReceive: intent=Intent { act=android.intent.action.PACKAGE_CHANGED dat=package:com.google.android.gms flg=0x4000010 cmp=com.android.gallery3d/.app.PackagesMonitor (has extras) }, ordered=true, receiver=com.android.gallery3d.app.PackagesMonitor@42032fd8
D/ActivityThread(10683): BDC-RECEIVER handled : 0 / ReceiverData{intent=Intent { act=android.intent.action.PACKAGE_CHANGED dat=package:com.google.android.gms flg=0x4000010 cmp=com.google.android.googlequicksearchbox/.GelStubAppWatcher (has extras) } packageName=com.google.android.googlequicksearchbox resultCode=0 resultData=null resultExtras=null}
I/ActivityManager(  627): Delay finish: com.android.gallery3d/.app.PackagesMonitor
D/ActivityThread(26628): BDC-RECEIVER handled : 0 / ReceiverData{intent=Intent { act=android.intent.action.PACKAGE_CHANGED dat=package:com.google.android.gms flg=0x4000010 cmp=com.android.gallery3d/.app.PackagesMonitor$AsyncService (has extras) } packageName=com.android.gallery3d resultCode=0 resultData=null resultExtras=null}
D/ActivityThread(26628): SVC-Creating service: CreateServiceData{token=android.os.BinderProxy@42033b88 className=com.android.gallery3d.app.PackagesMonitor$AsyncService packageName=com.android.gallery3d intent=null}
D/dalvikvm(26628): create interp thread : stack size=128KB
D/dalvikvm(26628): create new thread
D/dalvikvm(26628): new thread created
D/dalvikvm(26628): update thread list
I/Icing.InternalIcingCorporaProvider(10683): Updating corpora: A: com.google.android.gms, C: MAYBE
I/ANRManager(  627): CPU update time < 2.5sec
I/ANRManager(  627): CPU update time < 2.5sec
D/dalvikvm(26628): threadid=10: interp stack at 0x60309000
D/dalvikvm(26628): threadid=10: created from interp
D/dalvikvm(26628): start new thread
D/dalvikvm(26628): threadid=10: notify debugger
D/dalvikvm(26628): threadid=10 (IntentService[GalleryPackagesMonitorAsync]): calling run()
I/ANRManager(  627): CPU update time < 2.5sec
D/OpenSSLLib(10683): OpensslErr:Module:13(114:155); file:external/openssl/crypto/asn1/asn1_lib.c ;Line:142;Function:ASN1_get_object
I/ANRManager(  627): CPU update time < 2.5sec
D/ActivityThread(26628): SVC-CREATE_SERVICE handled : 0 / CreateServiceData{token=android.os.BinderProxy@42033b88 className=com.android.gallery3d.app.PackagesMonitor$AsyncService packageName=com.android.gallery3d intent=null}
D/ActivityThread(26628): SVC-Calling onStartCommand: com.android.gallery3d.app.PackagesMonitor$AsyncService@42035530, flags=0, startId=1
D/ActivityThread(26628): SVC-SERVICE_ARGS handled : 0 / ServiceArgsData{token=android.os.BinderProxy@42033b88 startId=1 args=Intent { act=android.intent.action.PACKAGE_CHANGED dat=package:com.google.android.gms flg=0x4000010 cmp=com.android.gallery3d/.app.PackagesMonitor$AsyncService (has extras) }}
D/OpenSSLLib(10683): OpensslErr:Module:13(114:155); file:external/openssl/crypto/asn1/asn1_lib.c ;Line:142;Function:ASN1_get_object
D/dalvikvm(26734): create interp thread : stack size=128KB
D/dalvikvm(26734): create new thread
D/dalvikvm(26734): new thread created
D/dalvikvm(26734): update thread list
D/ActivityThread(31360): SVC-Creating service: CreateServiceData{token=android.os.BinderProxy@422e71f8 className=com.google.android.gms.icing.service.IndexService packageName=com.google.android.gms intent=null}
D/PowerManagerService(  627): acquireWakeLockInternal: lock=1115240280, flags=0x1, tag="Icing", ws=WorkSource{10010 com.google.android.gms}, uid=10010, pid=31360
D/PowerManagerNotifier(  627): onWakeLockAcquired: flags=1, tag="Icing", packageName=com.google.android.gms, ownerUid=10010, ownerPid=31360, workSource=WorkSource{10010 com.google.android.gms}
D/PowerManagerService(  627): updateWakeLockSummaryLocked: mWakefulness=Awake, mWakeLockSummary=0x1
D/PowerManagerService(  627): newScreenState = 2
D/PowerManagerService(  627): updateScreenStateLocked: mScreenBrightnessModeSetting=2, autoBrightness=false, ecoBrightness=true, screenAutoBrightnessAdjustment=0.0, screenBrightness=102
D/PowerManagerDisplayController(  627): requestPowerState: screenState=2, useProximitySensor=false, forceProximitySensorEnable=false, forceWakeUpEnable=false, screenBrightness=102, screenAutoBrightnessAdjustment=0.0, useAutoBrightness=false, useEcoBrightness=true, blockScreenOn=false, waitForNegativeProximity=false
I/PowerManagerService(  627): setBrightness mButtonLight 0.
D/PowerManagerService(  627): updateScreenStateLocked: mDisplayReady=true, newScreenState=2, mWakefulness=1, mWakeLockSummary=0x1, mUserActivitySummary=0x1, mBootCompleted=true
D/PowerManagerService(  627): handleSandman: canDream=true, mWakefulness=Awake
D/ActivityThread(31360): SVC-CREATE_SERVICE handled : 0 / CreateServiceData{token=android.os.BinderProxy@422e71f8 className=com.google.android.gms.icing.service.IndexService packageName=com.google.android.gms intent=null}
D/dalvikvm(26734): threadid=11: interp stack at 0x610b0000
D/dalvikvm(26734): threadid=11: created from interp
D/dalvikvm(26734): start new thread
D/dalvikvm(26734): threadid=11: notify debugger
D/dalvikvm(26734): threadid=11 (Thread-4118): calling run()
I/ANRManager(  627): CPU update time < 2.5sec
D/PowerManagerService(  627): releaseWakeLockInternal: lock=1115240280 [Icing], flags=0x0, total_time=20ms
D/PowerManagerNotifier(  627): onWakeLockReleased: flags=1, tag="Icing", packageName=com.google.android.gms, ownerUid=10010, ownerPid=31360, workSource=WorkSource{10010 com.google.android.gms}
D/PowerManagerService(  627): updateWakeLockSummaryLocked: mWakefulness=Awake, mWakeLockSummary=0x1
D/PowerManagerService(  627): newScreenState = 2
D/PowerManagerService(  627): updateScreenStateLocked: mScreenBrightnessModeSetting=2, autoBrightness=false, ecoBrightness=true, screenAutoBrightnessAdjustment=0.0, screenBrightness=102
D/PowerManagerDisplayController(  627): requestPowerState: screenState=2, useProximitySensor=false, forceProximitySensorEnable=false, forceWakeUpEnable=false, screenBrightness=102, screenAutoBrightnessAdjustment=0.0, useAutoBrightness=false, useEcoBrightness=true, blockScreenOn=false, waitForNegativeProximity=false
I/PowerManagerService(  627): setBrightness mButtonLight 0.
D/PowerManagerService(  627): updateScreenStateLocked: mDisplayReady=true, newScreenState=2, mWakefulness=1, mWakeLockSummary=0x1, mUserActivitySummary=0x1, mBootCompleted=true
D/PowerManagerService(  627): handleSandman: canDream=true, mWakefulness=Awake
D/IPCThreadState(  627): [DN #5] BR_CLEAR_DEATH_NOTIFICATION_DONE cookie 0x646a7c30
D/ActivityThread(26628): SVC-Destroying service: com.android.gallery3d.app.PackagesMonitor$AsyncService@42035530
D/ActivityThread(31360): SVC-BIND_SERVICE handled : 0 / BindServiceData{token=android.os.BinderProxy@422e71f8 intent=Intent { act=com.google.android.gms.icing.INDEX_SERVICE pkg=com.google.android.gms }}
D/ActivityThread(31360): SVC-Creating service: CreateServiceData{token=android.os.BinderProxy@425d4dd0 className=com.google.android.gms.icing.service.IndexWorkerService packageName=com.google.android.gms intent=null}
D/ActivityThread(31360): SVC-CREATE_SERVICE handled : 0 / CreateServiceData{token=android.os.BinderProxy@425d4dd0 className=com.google.android.gms.icing.service.IndexWorkerService packageName=com.google.android.gms intent=null}
D/ActivityThread(31360): SVC-Calling onStartCommand: com.google.android.gms.icing.service.IndexWorkerService@423e2270, flags=0, startId=1
D/ActivityThread(31360): SVC-SERVICE_ARGS handled : 0 / ServiceArgsData{token=android.os.BinderProxy@425d4dd0 startId=1 args=Intent { act=com.google.android.gms.icing.START_STICKY cmp=com.google.android.gms/.icing.service.IndexWorkerService }}
D/ActivityThread(26628): SVC-STOP_SERVICE handled : 0 / android.os.BinderProxy@42033b88
D/dalvikvm(26628): threadid=10: exiting
D/dalvikvm(26628): threadid=10: bye!
D/dalvikvm(26734): create interp thread : stack size=128KB
D/dalvikvm(26734): create new thread
D/dalvikvm(26734): new thread created
D/dalvikvm(26734): update thread list
I/ActivityManager(  627): Resuming delayed broadcast
D/ActivityThread( 2026): BDC-Calling onReceive: intent=Intent { act=android.intent.action.PACKAGE_CHANGED dat=package:com.google.android.gms flg=0x4000010 cmp=com.lenovo.lsf.device/com.lenovo.lsf.push.receiver.PushReceiver (has extras) }, ordered=true, receiver=com.lenovo.lsf.push.receiver.PushReceiver@4214cf08
D/ActivityThread(31360): SVC-Destroying service: com.google.android.gms.icing.service.IndexWorkerService@423e2270
D/ActivityThread(31360): SVC-STOP_SERVICE handled : 0 / android.os.BinderProxy@425d4dd0
D/ActivityThread(  898): BDC-Calling onReceive: intent=Intent { act=android.intent.action.PACKAGE_CHANGED dat=package:com.google.android.gms flg=0x4000010 cmp=com.lenovo.smartsidebar/.AppChangeReceiver (has extras) }, ordered=true, receiver=com.lenovo.smartsidebar.AppChangeReceiver@420cae78
V/AppController(  898): AppChangeReceiver receive:android.intent.action.PACKAGE_CHANGED
D/AppController(  898): receive ACTION_PACKAGE_ packageName = com.google.android.gms
D/AppController(  898): app update, updateAppList packageName = com.google.android.gms
D/ActivityThread(  898): BDC-RECEIVER handled : 0 / ReceiverData{intent=Intent { act=android.intent.action.PACKAGE_CHANGED dat=package:com.google.android.gms flg=0x4000010 cmp=com.lenovo.smartsidebar/.AppChangeReceiver (has extras) } packageName=com.lenovo.smartsidebar resultCode=0 resultData=null resultExtras=null}
D/ActivityThread(26557): BDC-Calling onReceive: intent=Intent { act=android.intent.action.PACKAGE_CHANGED dat=package:com.google.android.gms flg=0x4000010 cmp=com.android.vending/com.google.android.finsky.receivers.PackageMonitorReceiver$RegisteredReceiver (has extras) }, ordered=true, receiver=com.google.android.finsky.receivers.PackageMonitorReceiver$RegisteredReceiver@420c6f10
D/ActivityThread( 2026): BDC-RECEIVER handled : 0 / ReceiverData{intent=Intent { act=android.intent.action.PACKAGE_CHANGED dat=package:com.google.android.gms flg=0x4000010 cmp=com.lenovo.lsf.device/com.lenovo.lsf.push.receiver.PushReceiver (has extras) } packageName=com.lenovo.lsf.device resultCode=0 resultData=null resultExtras=null}
D/dalvikvm(26734): threadid=11: exiting
D/dalvikvm(26734): threadid=11: bye!
D/ActivityThread(26557): BDC-RECEIVER handled : 0 / ReceiverData{intent=Intent { act=android.intent.action.PACKAGE_CHANGED dat=package:com.google.android.gms flg=0x4000010 cmp=com.android.vending/com.google.android.finsky.receivers.PackageMonitorReceiver$RegisteredReceiver (has extras) } packageName=com.android.vending resultCode=0 resultData=null resultExtras=null}
D/dalvikvm(26734): threadid=11: interp stack at 0x610d6000
D/dalvikvm(26734): threadid=11: created from interp
D/dalvikvm(26734): start new thread
D/ActivityThread(31360): SVC-Creating service: CreateServiceData{token=android.os.BinderProxy@4251d6e8 className=com.google.android.gms.icing.service.IndexWorkerService packageName=com.google.android.gms intent=null}
