D/asset   (30635): AssetManager-->addDefaultAssets CIP path not exsit!
I/BufferQueue(  135): [StatusBar](this:0xb8bb2d28,id:6,api:1,p:697,c:135) [release] fps:0.27, dur:3726.04, max:3726.04, min:3726.04
D/asset   (30635): AssetManager-->addDefaultAssets CIP path not exsit!
D/asset   (30635): AssetManager-->addDefaultAssets CIP path not exsit!
D/asset   (30635): AssetManager-->addDefaultAssets CIP path not exsit!
D/asset   (30635): AssetManager-->addDefaultAssets CIP path not exsit!
D/asset   (30635): AssetManager-->addDefaultAssets CIP path not exsit!
D/asset   (30635): AssetManager-->addDefaultAssets CIP path not exsit!
D/asset   (30635): AssetManager-->addDefaultAssets CIP path not exsit!
D/asset   (30635): AssetManager-->addDefaultAssets CIP path not exsit!
D/asset   (30635): AssetManager-->addDefaultAssets CIP path not exsit!
D/asset   (30635): AssetManager-->addDefaultAssets CIP path not exsit!
D/asset   (30635): AssetManager-->addDefaultAssets CIP path not exsit!
D/asset   (30635): AssetManager-->addDefaultAssets CIP path not exsit!
D/asset   (30635): AssetManager-->addDefaultAssets CIP path not exsit!
D/asset   (30635): AssetManager-->addDefaultAssets CIP path not exsit!
D/asset   (30635): AssetManager-->addDefaultAssets CIP path not exsit!
D/ActivityThread(31360): SVC-Destroying service: com.google.android.gms.herrevad.services.NetworkQualityService$NetworkQualityWorkerService@421f44b8
D/dalvikvm(31360): threadid=48: exiting
D/ActivityThread(31360): SVC-STOP_SERVICE handled : 0 / android.os.BinderProxy@42248970
D/dalvikvm(31360): threadid=48: bye!
D/asset   (30635): AssetManager-->addDefaultAssets CIP path not exsit!
D/asset   (30635): AssetManager-->addDefaultAssets CIP path not exsit!
D/asset   (30635): AssetManager-->addDefaultAssets CIP path not exsit!
D/asset   (30635): AssetManager-->addDefaultAssets CIP path not exsit!
D/ActivityThread(31292): SVC-Destroying service: com.google.android.gms.playlog.service.PlayLogIntentService@424f8fa0
D/asset   (30635): AssetManager-->addDefaultAssets CIP path not exsit!
D/asset   (30635): AssetManager-->addDefaultAssets CIP path not exsit!
D/asset   (30635): AssetManager-->addDefaultAssets CIP path not exsit!
D/asset   (30635): AssetManager-->addDefaultAssets CIP path not exsit!
D/dalvikvm(31292): threadid=22: exiting
D/ActivityThread(31292): SVC-STOP_SERVICE handled : 0 / android.os.BinderProxy@42209678
D/dalvikvm(31292): threadid=22: bye!
D/asset   (30635): AssetManager-->addDefaultAssets CIP path not exsit!
D/asset   (30635): AssetManager-->addDefaultAssets CIP path not exsit!
D/asset   (30635): AssetManager-->addDefaultAssets CIP path not exsit!
D/asset   (30635): AssetManager-->addDefaultAssets CIP path not exsit!
D/asset   (30635): AssetManager-->addDefaultAssets CIP path not exsit!
D/asset   (30635): AssetManager-->addDefaultAssets CIP path not exsit!
D/asset   (30635): AssetManager-->addDefaultAssets CIP path not exsit!
D/asset   (30635): AssetManager-->addDefaultAssets CIP path not exsit!
D/asset   (30635): AssetManager-->addDefaultAssets CIP path not exsit!
D/ActivityThread(31292): SVC-Destroying service: com.google.android.gms.icing.service.LightweightIndexService$LightweightWorkerService@424ee250
D/dalvikvm(31292): threadid=40: exiting
D/ActivityThread(31292): SVC-STOP_SERVICE handled : 0 / android.os.BinderProxy@421824c0
D/dalvikvm(31292): threadid=40: bye!
D/asset   (30635): AssetManager-->addDefaultAssets CIP path not exsit!
D/asset   (30635): AssetManager-->addDefaultAssets CIP path not exsit!
D/asset   (30635): AssetManager-->addDefaultAssets CIP path not exsit!
D/asset   (30635): AssetManager-->addDefaultAssets CIP path not exsit!
D/asset   (30635): AssetManager-->addDefaultAssets CIP path not exsit!
D/asset   (30635): AssetManager-->addDefaultAssets CIP path not exsit!
D/asset   (30635): AssetManager-->addDefaultAssets CIP path not exsit!
D/asset   (30635): AssetManager-->addDefaultAssets CIP path not exsit!
D/asset   (30635): AssetManager-->addDefaultAssets CIP path not exsit!
D/asset   (30635): AssetManager-->addDefaultAssets CIP path not exsit!
D/asset   (30635): AssetManager-->addDefaultAssets CIP path not exsit!
D/SQLiteDatabase(30635): endTransaction()
D/AppsProvider.ApplicationsProvider(30635): Finished updating database.
I/ActivityManager(  627): Resuming delayed broadcast
D/ActivityThread(31360): SVC-Destroying service: com.google.android.gms.games.chimera.GamesAsyncServiceProxy@42242250
D/ActivityThread(31360): SVC-STOP_SERVICE handled : 0 / android.os.BinderProxy@4206be40
D/dalvikvm(31360): threadid=52: exiting
D/dalvikvm(31360): threadid=52: bye!
D/ActivityThread(31360): BDC-Calling onReceive: intent=Intent { act=android.intent.action.PACKAGE_ADDED dat=package:com.bidspirit.qa flg=0x4000010 cmp=com.google.android.gms/.vision.DependencyBroadcastReceiverProxy (has extras) }, ordered=true, receiver=com.google.android.gms.vision.DependencyBroadcastReceiverProxy@42015de0
D/ChimeraCfgMgr(31360): Loading module com.google.android.gms.vision from APK com.google.android.gms
D/ActivityThread(31360): BDC-RECEIVER handled : 0 / ReceiverData{intent=Intent { act=android.intent.action.PACKAGE_ADDED dat=package:com.bidspirit.qa flg=0x4000010 cmp=com.google.android.gms/.vision.DependencyBroadcastReceiverProxy (has extras) } packageName=com.google.android.gms resultCode=0 resultData=null resultExtras=null}
D/ActivityThread(30682): BDC-Calling onReceive: intent=Intent { act=android.intent.action.PACKAGE_ADDED dat=package:com.bidspirit.qa flg=0x4000010 cmp=com.google.android.apps.docs/.receivers.AppPackageAddRemoveReceiver (has extras) }, ordered=true, receiver=com.google.android.apps.docs.receivers.AppPackageAddRemoveReceiver@42222cb8
D/ActivityThread(30682): BDC-RECEIVER handled : 0 / ReceiverData{intent=Intent { act=android.intent.action.PACKAGE_ADDED dat=package:com.bidspirit.qa flg=0x4000010 cmp=com.google.android.apps.docs/.receivers.AppPackageAddRemoveReceiver (has extras) } packageName=com.google.android.apps.docs resultCode=0 resultData=null resultExtras=null}
D/ActivityThread(30635): BDC-Calling onReceive: intent=Intent { act=android.intent.action.PACKAGE_REPLACED dat=package:com.bidspirit.qa flg=0x4000010 cmp=com.android.providers.contacts/.PackageIntentReceiver (has extras) }, ordered=true, receiver=com.android.providers.contacts.PackageIntentReceiver@42092f28
D/ContactsProvider(30635): performBackgroundTask()+ **** task=8
D/ActivityThread(30635): BDC-RECEIVER handled : 0 / ReceiverData{intent=Intent { act=android.intent.action.PACKAGE_REPLACED dat=package:com.bidspirit.qa flg=0x4000010 cmp=com.android.providers.contacts/.PackageIntentReceiver (has extras) } packageName=com.android.providers.contacts resultCode=0 resultData=null resultExtras=null}
D/SQLiteDatabase(30635): beginTransaction()
D/SQLiteDatabase(30635): endTransaction()
D/ActivityThread(  952): BDC-Calling onReceive: intent=Intent { act=android.intent.action.PACKAGE_REPLACED dat=package:com.bidspirit.qa flg=0x4000010 cmp=com.lenovo.launcherhd/com.lenovo.launcher.PackageChangedReceiver (has extras) }, ordered=true, receiver=com.lenovo.launcher.PackageChangedReceiver@421bbf80
W/Launcher(  952): setApplicationContext called twice! old=com.lenovo.launcher.LauncherApplication@41facb70 new=com.lenovo.launcher.LauncherApplication@41facb70
D/ActivityThread(  952): BDC-RECEIVER handled : 0 / ReceiverData{intent=Intent { act=android.intent.action.PACKAGE_REPLACED dat=package:com.bidspirit.qa flg=0x4000010 cmp=com.lenovo.launcherhd/com.lenovo.launcher.PackageChangedReceiver (has extras) } packageName=com.lenovo.launcherhd resultCode=0 resultData=null resultExtras=null}
D/ActivityThread(10683): BDC-Calling onReceive: intent=Intent { act=android.intent.action.PACKAGE_REPLACED dat=package:com.bidspirit.qa flg=0x4000010 cmp=com.google.android.googlequicksearchbox/.GelStubAppWatcher (has extras) }, ordered=true, receiver=com.google.android.googlequicksearchbox.GelStubAppWatcher@42135a20
D/ActivityThread(10683): BDC-RECEIVER handled : 0 / ReceiverData{intent=Intent { act=android.intent.action.PACKAGE_REPLACED dat=package:com.bidspirit.qa flg=0x4000010 cmp=com.google.android.googlequicksearchbox/.GelStubAppWatcher (has extras) } packageName=com.google.android.googlequicksearchbox resultCode=0 resultData=null resultExtras=null}
D/ContactsProvider(30635): performBackgroundTask()- **** task=8
D/ActivityThread(27739): BDC-Calling onReceive: intent=Intent { act=android.intent.action.PACKAGE_REPLACED dat=package:com.bidspirit.qa flg=0x4000010 cmp=com.google.android.apps.magazines/com.google.apps.dots.android.app.receiver.FirstInstallNotificationReceiver (has extras) }, ordered=true, receiver=com.google.apps.dots.android.app.receiver.FirstInstallNotificationReceiver@42137cd8
D/ActivityThread(27739): BDC-RECEIVER handled : 0 / ReceiverData{intent=Intent { act=android.intent.action.PACKAGE_REPLACED dat=package:com.bidspirit.qa flg=0x4000010 cmp=com.google.android.apps.magazines/com.google.apps.dots.android.app.receiver.FirstInstallNotificationReceiver (has extras) } packageName=com.google.android.apps.magazines resultCode=0 resultData=null resultExtras=null}
D/ActivityThread(31292): BDC-Calling onReceive: intent=Intent { act=android.intent.action.PACKAGE_REPLACED dat=package:com.bidspirit.qa flg=0x4000010 cmp=com.google.android.gms/.gcm.nts.SchedulerReceiver (has extras) }, ordered=true, receiver=com.google.android.gms.gcm.nts.SchedulerReceiver@4204a818
E/NetworkScheduler.SchedulerReceiver(31292): Invalid parameter app
E/NetworkScheduler.SchedulerReceiver(31292): Invalid package name : Perhaps you didn't include a PendingIntent in the extras?
D/ActivityThread(31292): BDC-RECEIVER handled : 0 / ReceiverData{intent=Intent { act=android.intent.action.PACKAGE_REPLACED dat=package:com.bidspirit.qa flg=0x4000010 cmp=com.google.android.gms/.gcm.nts.SchedulerReceiver (has extras) } packageName=com.google.android.gms resultCode=0 resultData=null resultExtras=null}
D/PowerManagerService(  627): acquireWakeLockInternal: lock=1118946168, flags=0x1, tag="*net_scheduler*", ws=WorkSource{10010 com.google.android.gms}, uid=10010, pid=31292
D/PowerManagerNotifier(  627): onWakeLockAcquired: flags=1, tag="*net_scheduler*", packageName=com.google.android.gms, ownerUid=10010, ownerPid=31292, workSource=WorkSource{10010 com.google.android.gms}
D/PowerManagerService(  627): updateWakeLockSummaryLocked: mWakefulness=Awake, mWakeLockSummary=0x1
D/PowerManagerService(  627): newScreenState = 2
D/PowerManagerService(  627): updateScreenStateLocked: mScreenBrightnessModeSetting=2, autoBrightness=false, ecoBrightness=true, screenAutoBrightnessAdjustment=0.0, screenBrightness=102
D/PowerManagerDisplayController(  627): requestPowerState: screenState=2, useProximitySensor=false, forceProximitySensorEnable=false, forceWakeUpEnable=false, screenBrightness=102, screenAutoBrightnessAdjustment=0.0, useAutoBrightness=false, useEcoBrightness=true, blockScreenOn=false, waitForNegativeProximity=false
I/PowerManagerService(  627): setBrightness mButtonLight 0.
D/PowerManagerService(  627): updateScreenStateLocked: mDisplayReady=true, newScreenState=2, mWakefulness=1, mWakeLockSummary=0x1, mUserActivitySummary=0x1, mBootCompleted=true
D/PowerManagerService(  627): handleSandman: canDream=true, mWakefulness=Awake
D/ConnectivityService(  627): getActiveNetworkInfo:NetworkInfo: type: WIFI[], state: CONNECTED/CONNECTED, reason: (unspecified), extra: "z", roaming: false, failover: false, isAvailable: true, isConnectedToProvisioningNetwork: false, simId: 0/10010
D/PowerManagerService(  627): releaseWakeLockInternal: lock=1118946168 [*net_scheduler*], flags=0x0, total_time=10ms
D/PowerManagerNotifier(  627): onWakeLockReleased: flags=1, tag="*net_scheduler*", packageName=com.google.android.gms, ownerUid=10010, ownerPid=31292, workSource=WorkSource{10010 com.google.android.gms}
D/PowerManagerService(  627): updateWakeLockSummaryLocked: mWakefulness=Awake, mWakeLockSummary=0x1
D/PowerManagerService(  627): newScreenState = 2
D/PowerManagerService(  627): updateScreenStateLocked: mScreenBrightnessModeSetting=2, autoBrightness=false, ecoBrightness=true, screenAutoBrightnessAdjustment=0.0, screenBrightness=102
D/PowerManagerDisplayController(  627): requestPowerState: screenState=2, useProximitySensor=false, forceProximitySensorEnable=false, forceWakeUpEnable=false, screenBrightness=102, screenAutoBrightnessAdjustment=0.0, useAutoBrightness=false, useEcoBrightness=true, blockScreenOn=false, waitForNegativeProximity=false
I/PowerManagerService(  627): setBrightness mButtonLight 0.
D/PowerManagerService(  627): updateScreenStateLocked: mDisplayReady=true, newScreenState=2, mWakefulness=1, mWakeLockSummary=0x1, mUserActivitySummary=0x1, mBootCompleted=true
D/PowerManagerService(  627): handleSandman: canDream=true, mWakefulness=Awake
D/IPCThreadState(  627): [DN #5] BR_CLEAR_DEATH_NOTIFICATION_DONE cookie 0x690f51d8
D/ActivityThread(31292): BDC-Calling onReceive: intent=Intent { act=android.intent.action.PACKAGE_REPLACED dat=package:com.bidspirit.qa flg=0x4000010 cmp=com.google.android.gms/.app.receiver.SystemBroadcastReceiver (has extras) }, ordered=true, receiver=com.google.android.gms.app.receiver.SystemBroadcastReceiver@4203ae30
D/ActivityThread(31360): SVC-Creating service: CreateServiceData{token=android.os.BinderProxy@4238d168 className=com.google.android.gms.app.service.PackageBroadcastService packageName=com.google.android.gms intent=null}
D/ActivityThread(31292): BDC-RECEIVER handled : 0 / ReceiverData{intent=Intent { act=android.intent.action.PACKAGE_REPLACED dat=package:com.bidspirit.qa flg=0x4000010 cmp=com.google.android.gms/.app.receiver.SystemBroadcastReceiver (has extras) } packageName=com.google.android.gms resultCode=0 resultData=null resultExtras=null}
D/dalvikvm(31360): create interp thread : stack size=128KB
D/dalvikvm(31360): create new thread
D/dalvikvm(31360): new thread created
D/dalvikvm(31360): update thread list
D/dalvikvm(31360): threadid=47: interp stack at 0x6cfe8000
D/dalvikvm(31360): threadid=47: created from interp
D/dalvikvm(31360): start new thread
D/dalvikvm(31360): threadid=47: notify debugger
D/dalvikvm(31360): threadid=47 (IntentService[PackageBroadcastService]): calling run()
D/ActivityThread(31360): SVC-CREATE_SERVICE handled : 0 / CreateServiceData{token=android.os.BinderProxy@4238d168 className=com.google.android.gms.app.service.PackageBroadcastService packageName=com.google.android.gms intent=null}
D/ActivityThread(31360): SVC-Calling onStartCommand: com.google.android.gms.app.service.PackageBroadcastService@42310bd0, flags=0, startId=1
D/ActivityThread(31360): SVC-SERVICE_ARGS handled : 0 / ServiceArgsData{token=android.os.BinderProxy@4238d168 startId=1 args=Intent { cmp=com.google.android.gms/.app.service.PackageBroadcastService (has extras) }}
D/ActivityThread(31360): BDC-Calling onReceive: intent=Intent { act=android.intent.action.PACKAGE_REPLACED dat=package:com.bidspirit.qa flg=0x4000010 cmp=com.google.android.gms/.vision.DependencyBroadcastReceiverProxy (has extras) }, ordered=true, receiver=com.google.android.gms.vision.DependencyBroadcastReceiverProxy@4216c930
D/PackageBroadcastService(31360): Received broadcast action=android.intent.action.PACKAGE_REPLACED and uri=com.bidspirit.qa
D/ChimeraCfgMgr(31360): Loading module com.google.android.gms.vision from APK com.google.android.gms
D/ActivityThread(31360): BDC-RECEIVER handled : 0 / ReceiverData{intent=Intent { act=android.intent.action.PACKAGE_REPLACED dat=package:com.bidspirit.qa flg=0x4000010 cmp=com.google.android.gms/.vision.DependencyBroadcastReceiverProxy (has extras) } packageName=com.google.android.gms resultCode=0 resultData=null resultExtras=null}
I/ActivityManager(  627): Delay finish: com.google.android.gms/.vision.DependencyBroadcastReceiverProxy
D/ActivityThread(31360): SVC-Creating service: CreateServiceData{token=android.os.BinderProxy@41fe1520 className=com.google.android.gms.people.service.bg.PeopleBackgroundTasks packageName=com.google.android.gms intent=null}
D/dalvikvm(31360): create interp thread : stack size=128KB
D/dalvikvm(31360): create new thread
D/dalvikvm(31360): new thread created
D/dalvikvm(31360): update thread list
D/dalvikvm(31360): threadid=48: interp stack at 0x6d048000
D/dalvikvm(31360): threadid=48: created from interp
D/dalvikvm(31360): start new thread
D/dalvikvm(31360): threadid=48: notify debugger
D/dalvikvm(31360): threadid=48 (IntentService[PeopleBackgroundTasks]): calling run()
D/ActivityThread(31360): SVC-CREATE_SERVICE handled : 0 / CreateServiceData{token=android.os.BinderProxy@41fe1520 className=com.google.android.gms.people.service.bg.PeopleBackgroundTasks packageName=com.google.android.gms intent=null}
D/ActivityThread(31360): SVC-Calling onStartCommand: com.google.android.gms.people.service.bg.PeopleBackgroundTasks@42516ea8, flags=0, startId=1
I/PeopleContactsSync(31360): CP2 sync disabled
D/ActivityThread(31360): SVC-SERVICE_ARGS handled : 0 / ServiceArgsData{token=android.os.BinderProxy@41fe1520 startId=1 args=Intent { cmp=com.google.android.gms/.people.service.bg.PeopleBackgroundTasks }}
D/ActivityThread(31360): SVC-Calling onStartCommand: com.google.android.gms.icing.service.IndexWorkerService@42037a68, flags=0, startId=3
D/ActivityThread(31360): SVC-SERVICE_ARGS handled : 0 / ServiceArgsData{token=android.os.BinderProxy@4211ed18 startId=3 args=Intent { act=android.intent.action.PACKAGE_REPLACED dat=package:com.bidspirit.qa flg=0x4000010 cmp=com.google.android.gms/.icing.service.IndexWorkerService (has extras) }}
I/ActivityManager(  627): Resuming delayed broadcast
D/ActivityThread(31360): SVC-Destroying service: com.google.android.gms.people.service.bg.PeopleBackgroundTasks@42516ea8
D/ActivityThread(31360): SVC-STOP_SERVICE handled : 0 / android.os.BinderProxy@41fe1520
D/dalvikvm(31360): threadid=48: exiting
D/dalvikvm(31360): threadid=48: bye!
D/ActivityThread(31360): SVC-Destroying service: com.google.android.gms.app.service.PackageBroadcastService@42310bd0
D/dalvikvm(31360): threadid=47: exiting
D/ActivityThread(31360): SVC-STOP_SERVICE handled : 0 / android.os.BinderProxy@4238d168
D/dalvikvm(31360): threadid=47: bye!
I/Icing   (31360): Indexing CF4799A162A631FA87FF7CF9DC023B2DB52DB4E3 from com.google.android.googlequicksearchbox
D/ActivityManager(  627): getContentProviderImpl: from callerandroid.app.ApplicationThreadProxy@428ebca0 (pid=31360) to get content provider com.google.android.googlequicksearchbox.icing
D/ActivityThread(31360): hoder:android.app.IActivityManager$ContentProviderHolder@4209bc00,provider,holder.Provider:android.content.ContentProviderProxy@42057740
D/OpenSSLLib(10683): OpensslErr:Module:13(114:155); file:external/openssl/crypto/asn1/asn1_lib.c ;Line:142;Function:ASN1_get_object
D/OpenSSLLib(10683): OpensslErr:Module:13(114:155); file:external/openssl/crypto/asn1/asn1_lib.c ;Line:142;Function:ASN1_get_object
D/OpenSSLLib(10683): OpensslErr:Module:13(114:155); file:external/openssl/crypto/asn1/asn1_lib.c ;Line:142;Function:ASN1_get_object
D/OpenSSLLib(10683): OpensslErr:Module:13(114:155); file:external/openssl/crypto/asn1/asn1_lib.c ;Line:142;Function:ASN1_get_object
D/IPCThreadState(10683): [DN #5] BR_CLEAR_DEATH_NOTIFICATION_DONE cookie 0x638ef508
D/IPCThreadState(10683): [DN #5] BR_CLEAR_DEATH_NOTIFICATION_DONE cookie 0x638c0ed0
D/OpenSSLLib(10683): OpensslErr:Module:13(114:155); file:external/openssl/crypto/asn1/asn1_lib.c ;Line:142;Function:ASN1_get_object
D/OpenSSLLib(10683): OpensslErr:Module:13(114:155); file:external/openssl/crypto/asn1/asn1_lib.c ;Line:142;Function:ASN1_get_object
D/IPCThreadState(10683): [DN #5] BR_CLEAR_DEATH_NOTIFICATION_DONE cookie 0x6170e978
D/OpenSSLLib(10683): OpensslErr:Module:13(114:155); file:external/openssl/crypto/asn1/asn1_lib.c ;Line:142;Function:ASN1_get_object
D/OpenSSLLib(10683): OpensslErr:Module:13(114:155); file:external/openssl/crypto/asn1/asn1_lib.c ;Line:142;Function:ASN1_get_object
D/IPCThreadState(10683): [DN #5] BR_CLEAR_DEATH_NOTIFICATION_DONE cookie 0x63e748a0
D/ActivityManager(  627): getContentProviderImpl: from callerandroid.app.ApplicationThreadProxy@42f24550 (pid=31360) to get content provider com.google.android.googlequicksearchbox.icing
D/ActivityThread(31360): hoder:android.app.IActivityManager$ContentProviderHolder@425ad908,provider,holder.Provider:android.content.ContentProviderProxy@4232c150
D/OpenSSLLib(10683): OpensslErr:Module:13(114:155); file:external/openssl/crypto/asn1/asn1_lib.c ;Line:142;Function:ASN1_get_object
D/OpenSSLLib(10683): OpensslErr:Module:13(114:155); file:external/openssl/crypto/asn1/asn1_lib.c ;Line:142;Function:ASN1_get_object
D/IPCThreadState(10683): [DN #5] BR_CLEAR_DEATH_NOTIFICATION_DONE cookie 0x63892730
D/OpenSSLLib(10683): OpensslErr:Module:13(114:155); file:external/openssl/crypto/asn1/asn1_lib.c ;Line:142;Function:ASN1_get_object
D/OpenSSLLib(10683): OpensslErr:Module:13(114:155); file:external/openssl/crypto/asn1/asn1_lib.c ;Line:142;Function:ASN1_get_object
D/IPCThreadState(10683): [DN #5] BR_CLEAR_DEATH_NOTIFICATION_DONE cookie 0x63e75108
I/Icing   (31360): Indexing done CF4799A162A631FA87FF7CF9DC023B2DB52DB4E3
V/ActivityManager(  627): Broadcast: Intent { act=com.google.android.gms.icing.IME_NOTIFICATION flg=0x10 pkg=com.google.android.apps.inputmethod.cantonese (has extras) } ordered=false userid=0 callerApp=ProcessRecord{42c4ea98 31360:com.google.android.gms/u0a10}
V/ActivityManager(  627): Broadcast: Intent { act=com.google.android.gms.icing.IME_NOTIFICATION flg=0x10 pkg=com.google.android.inputmethod.pinyin (has extras) } ordered=false userid=0 callerApp=ProcessRecord{42c4ea98 31360:com.google.android.gms/u0a10}
V/ActivityManager(  627): Broadcast: Intent { act=com.google.android.gms.icing.IME_NOTIFICATION flg=0x10 pkg=com.android.inputmethod.latin (has extras) } ordered=false userid=0 callerApp=ProcessRecord{42c4ea98 31360:com.google.android.gms/u0a10}
V/ActivityManager(  627): Broadcast: Intent { act=com.google.android.gms.icing.IME_NOTIFICATION flg=0x10 pkg=com.google.android.inputmethod.korean (has extras) } ordered=false userid=0 callerApp=ProcessRecord{42c4ea98 31360:com.google.android.gms/u0a10}
V/ActivityManager(  627): Broadcast: Intent { act=com.google.android.gms.icing.IME_NOTIFICATION flg=0x10 pkg=com.google.android.apps.inputmethod.zhuyin (has extras) } ordered=false userid=0 callerApp=ProcessRecord{42c4ea98 31360:com.google.android.gms/u0a10}
V/ActivityManager(  627): Broadcast: Intent { act=com.google.android.gms.icing.IME_NOTIFICATION flg=0x10 pkg=com.google.android.inputmethod.latin.dogfood (has extras) } ordered=false userid=0 callerApp=ProcessRecord{42c4ea98 31360:com.google.android.gms/u0a10}
V/ActivityManager(  627): Broadcast: Intent { act=com.google.android.gms.icing.IME_NOTIFICATION flg=0x10 pkg=com.google.android.apps.inputmethod.hindi (has extras) } ordered=false userid=0 callerApp=ProcessRecord{42c4ea98 31360:com.google.android.gms/u0a10}
V/ActivityManager(  627): Broadcast: Intent { act=com.google.android.gms.icing.IME_NOTIFICATION flg=0x10 pkg=com.google.android.inputmethod.japanese (has extras) } ordered=false userid=0 callerApp=ProcessRecord{42c4ea98 31360:com.google.android.gms/u0a10}
V/ActivityManager(  627): Broadcast: Intent { act=com.google.android.gms.icing.IME_NOTIFICATION flg=0x10 pkg=com.google.android.inputmethod.latin (has extras) } ordered=false userid=0 callerApp=ProcessRecord{42c4ea98 31360:com.google.android.gms/u0a10}
D/PowerManagerService(  627): releaseWakeLockInternal: lock=1115240280 [Icing], flags=0x0, total_time=1108ms
D/PowerManagerNotifier(  627): onWakeLockReleased: flags=1, tag="Icing", packageName=com.google.android.gms, ownerUid=10010, ownerPid=31360, workSource=WorkSource{10010 com.google.android.gms}
D/PowerManagerService(  627): updateWakeLockSummaryLocked: mWakefulness=Awake, mWakeLockSummary=0x1
D/PowerManagerService(  627): newScreenState = 2
D/PowerManagerService(  627): updateScreenStateLocked: mScreenBrightnessModeSetting=2, autoBrightness=false, ecoBrightness=true, screenAutoBrightnessAdjustment=0.0, screenBrightness=102
D/PowerManagerDisplayController(  627): requestPowerState: screenState=2, useProximitySensor=false, forceProximitySensorEnable=false, forceWakeUpEnable=false, screenBrightness=102, screenAutoBrightnessAdjustment=0.0, useAutoBrightness=false, useEcoBrightness=true, blockScreenOn=false, waitForNegativeProximity=false
I/PowerManagerService(  627): setBrightness mButtonLight 0.
D/PowerManagerService(  627): updateScreenStateLocked: mDisplayReady=true, newScreenState=2, mWakefulness=1, mWakeLockSummary=0x1, mUserActivitySummary=0x1, mBootCompleted=true
D/PowerManagerService(  627): handleSandman: canDream=true, mWakefulness=Awake
D/IPCThreadState(  627): [DN #5] BR_CLEAR_DEATH_NOTIFICATION_DONE cookie 0x646a7c30
D/ActivityThread(31360): SVC-Destroying service: com.google.android.gms.icing.service.IndexWorkerService@42037a68
D/ActivityThread(31360): SVC-STOP_SERVICE handled : 0 / android.os.BinderProxy@4211ed18
D/WifiStateMachine(  627): ConnectedState{ when=-3ms what=131155 arg1=149 target=com.android.internal.util.StateMachine$SmHandler target=Handler (com.android.internal.util.StateMachine$SmHandler) {427cc310} }
D/WifiStateMachine(  627): L2ConnectedState{ when=-3ms what=131155 arg1=149 target=com.android.internal.util.StateMachine$SmHandler target=Handler (com.android.internal.util.StateMachine$SmHandler) {427cc310} }
D/WifiHW  (  627): enter -->wifi_send_command cmd=IFNAME=wlan0 SIGNAL_POLL
D/wpa_supplicant(  800): RX ctrl_iface - hexdump(len=11): 53 49 47 4e 41 4c 5f 50 4f 4c 4c
D/wpa_supplicant(  800): wlan0: Control interface command 'SIGNAL_POLL'
D/wpa_supplicant(  800): nl80211: survey data missing!
D/WifiHW  (  627): leave --> reply=RSSI=-38
D/WifiHW  (  627): LINKSPEED=54
D/WifiHW  (  627): NOISE=9999
D/WifiHW  (  627): FREQUENCY=2412
D/WifiHW  (  627): 
D/wifi    (  627): doStringCommand, buf IFNAME=wlan0 SIGNAL_POLL
I/WifiStateMachine(  627): fetchRssiAndLinkSpeedNative, newRssi:-38, newLinkSpeed:54, SSID:"z"
D/dalvikvm(20232): threadid=14: exiting
D/dalvikvm(20232): threadid=14: bye!
D/dalvikvm(20232): threadid=20: exiting
D/dalvikvm(20232): threadid=20: bye!
D/dalvikvm(31360): threadid=27: exiting
D/dalvikvm(31360): threadid=27: bye!
D/StatusBar.NetworkController(  697): refreshViews(0), set parameters to signal cluster view.
D/SignalClusterView(  697): huangzm1:set ethernet indicators, visible=false, icon=0
D/SignalClusterView(  697): setWifiIndicators, visible=true, strengthIcon=com.mediatek.systemui.ext.IconIdWrapper@420a2fe0, activityIcon=com.mediatek.systemui.ext.IconIdWrapper@420a2ff8, contentDescription=â×××ª ×-WLAN ×××.
D/StatusBar.NetworkController(  697): refreshViews(0), tempPhoneSignalIconId.0 = 0  tempPhoneSignalIconId.1 = 0  tempMobileActivityIconId= 0  tempDataTypeIconId= 0
D/SignalClusterView(  697): setMobileDataIndicators(0), visible=false, strengthIcon[0] ~ [1] 0 ~ 0
D/SignalClusterView(  697): setIsAirplaneMode=false
D/SignalClusterView(  697): setRoamingFlagandResource(0), roaming=false, roamingId=0
D/SignalClusterView(  697): setShowSimIndicator(0), showSimIndicator=false simIndicatorResource = 0
D/SignalClusterView(  697): setDataNetType3G(0), NetworkType=null
D/SignalClusterView(  697): apply(), mWifiVisible is true
D/SIMHelper(  697): isSimInserted(0), SimInserted=false
D/SignalClusterView(  697): apply(), slotId=0, mMobileVisible=false, mShouldMobileGroupVisible=true
D/SignalClusterView(  697): apply(). mIsAirplaneMode is false, NWType slot(0) is 8
D/OpenGLRenderer(  697): prepareDirty (0.00, 0.00, 800.00, 25.00) opaque 0 <0x61455590>
D/OpenGLRenderer(  697): clear (0.00, 25 - 25.00 = 0.00, 800.00 - 0.00 = 800.00, 25.00 - 0.00 = 25.00) opaque 0 <0x61455590>
D/OpenGLRenderer(  697): finish <0x61455590>
I/BufferQueue(  135): [StatusBar](this:0xb8bb2d28,id:6,api:1,p:697,c:135) [queue] fps:0.70, dur:1424.59, max:1424.59, min:1424.59
I/BufferQueue(  135): [StatusBar](this:0xb8bb2d28,id:6,api:1,p:697,c:135) [release] fps:0.70, dur:1424.17, max:1424.17, min:1424.17
I/BufferQueue(  135): [FrameBufferSurface_0](this:0xb8b960a0,id:0,api:1,p:135,c:135) [release] fps:2.01, dur:1987.29, max:1424.14, min:49.71
I/BufferQueue(  135): [FrameBufferSurface_0](this:0xb8b960a0,id:0,api:1,p:135,c:135) [queue] fps:2.01, dur:1987.25, max:1424.18, min:49.69
I/SurfaceFlinger(  135): [Built-in Screen (type:0)] fps:2.012845,dur:1987.24,max:1424.19,min:49.66
D/battery_warning(  146): start activity by send intent to BatteryWarningReceiver, type = 128
D/battery_warning(  146): os.system:  am broadcast -n com.mediatek.batterywarning/com.mediatek.batterywarning.BatteryWarningReceiver -a android.intent.action.BATTERY_WARNING --ei type 
D/PowerManagerService(  627): acquireWakeLockInternal: lock=1109681968, flags=0x1, tag="AlarmManager", ws=WorkSource{10010}, uid=1000, pid=627
D/PowerManagerNotifier(  627): onWakeLockAcquired: flags=1, tag="AlarmManager", packageName=android, ownerUid=1000, ownerPid=627, workSource=WorkSource{10010}
D/PowerManagerService(  627): updateWakeLockSummaryLocked: mWakefulness=Awake, mWakeLockSummary=0x1
D/PowerManagerService(  627): newScreenState = 2
D/PowerManagerService(  627): updateScreenStateLocked: mScreenBrightnessModeSetting=2, autoBrightness=false, ecoBrightness=true, screenAutoBrightnessAdjustment=0.0, screenBrightness=102
D/PowerManagerDisplayController(  627): requestPowerState: screenState=2, useProximitySensor=false, forceProximitySensorEnable=false, forceWakeUpEnable=false, screenBrightness=102, screenAutoBrightnessAdjustment=0.0, useAutoBrightness=false, useEcoBrightness=true, blockScreenOn=false, waitForNegativeProximity=false
I/PowerManagerService(  627): setBrightness mButtonLight 0.
D/PowerManagerService(  627): updateScreenStateLocked: mDisplayReady=true, newScreenState=2, mWakefulness=1, mWakeLockSummary=0x1, mUserActivitySummary=0x1, mBootCompleted=true
D/PowerManagerService(  627): handleSandman: canDream=true, mWakefulness=Awake
D/PowerManagerService(  627): releaseWakeLockInternal: lock=1109681968 [AlarmManager], flags=0x0, total_time=0ms
D/PowerManagerNotifier(  627): onWakeLockReleased: flags=1, tag="AlarmManager", packageName=android, ownerUid=1000, ownerPid=627, workSource=WorkSource{10010}
D/PowerManagerService(  627): updateWakeLockSummaryLocked: mWakefulness=Awake, mWakeLockSummary=0x1
D/PowerManagerService(  627): newScreenState = 2
D/PowerManagerService(  627): updateScreenStateLocked: mScreenBrightnessModeSetting=2, autoBrightness=false, ecoBrightness=true, screenAutoBrightnessAdjustment=0.0, screenBrightness=102
D/PowerManagerDisplayController(  627): requestPowerState: screenState=2, useProximitySensor=false, forceProximitySensorEnable=false, forceWakeUpEnable=false, screenBrightness=102, screenAutoBrightnessAdjustment=0.0, useAutoBrightness=false, useEcoBrightness=true, blockScreenOn=false, waitForNegativeProximity=false
I/PowerManagerService(  627): setBrightness mButtonLight 0.
D/PowerManagerService(  627): updateScreenStateLocked: mDisplayReady=true, newScreenState=2, mWakefulness=1, mWakeLockSummary=0x1, mUserActivitySummary=0x1, mBootCompleted=true
D/PowerManagerService(  627): handleSandman: canDream=true, mWakefulness=Awake
D/ActivityThread(31360): SVC-Creating service: CreateServiceData{token=android.os.BinderProxy@422bf4e0 className=com.google.android.libraries.social.mediamonitor.MediaMonitorIntentService packageName=com.google.android.gms intent=null}
D/dalvikvm(31360): create interp thread : stack size=128KB
D/dalvikvm(31360): create new thread
D/dalvikvm(31360): new thread created
D/dalvikvm(31360): update thread list
D/dalvikvm(31360): threadid=27: interp stack at 0x6c15a000
D/dalvikvm(31360): threadid=27: created from interp
D/dalvikvm(31360): start new thread
D/dalvikvm(31360): threadid=27: notify debugger
D/dalvikvm(31360): threadid=27 (IntentService[MediaMonitorIntentService]): calling run()
D/ActivityThread(31360): SVC-CREATE_SERVICE handled : 0 / CreateServiceData{token=android.os.BinderProxy@422bf4e0 className=com.google.android.libraries.social.mediamonitor.MediaMonitorIntentService packageName=com.google.android.gms intent=null}
D/ActivityThread(31360): SVC-Calling onStartCommand: com.google.android.libraries.social.mediamonitor.MediaMonitorIntentService@424542d8, flags=0, startId=1
D/ActivityThread(31360): SVC-SERVICE_ARGS handled : 0 / ServiceArgsData{token=android.os.BinderProxy@422bf4e0 startId=1 args=Intent { flg=0x4 cmp=com.google.android.gms/com.google.android.libraries.social.mediamonitor.MediaMonitorIntentService (has extras) }}
D/ActivityManager(  627): getContentProviderImpl: from callerandroid.app.ApplicationThreadProxy@424bf110 (pid=31360) to get content provider media
D/ActivityThread(31360): hoder:android.app.IActivityManager$ContentProviderHolder@424a41c8,provider,holder.Provider:android.content.ContentProviderProxy@42538aa8
D/IPCThreadState(20232): [DN #5] BR_CLEAR_DEATH_NOTIFICATION_DONE cookie 0x601b8c88
D/IPCThreadState(  627): [DN #5] BR_CLEAR_DEATH_NOTIFICATION_DONE cookie 0x64692af0
D/IPCThreadState(20232): [DN #5] BR_CLEAR_DEATH_NOTIFICATION_DONE cookie 0x601d1c40
D/IPCThreadState(  627): [DN #5] BR_CLEAR_DEATH_NOTIFICATION_DONE cookie 0x64692b30
D/ActivityManager(  627): getContentProviderImpl: from callerandroid.app.ApplicationThreadProxy@42851468 (pid=31360) to get content provider media
D/ActivityThread(31360): hoder:android.app.IActivityManager$ContentProviderHolder@425386d8,provider,holder.Provider:android.content.ContentProviderProxy@42229cf0
D/IPCThreadState(20232): [DN #5] BR_CLEAR_DEATH_NOTIFICATION_DONE cookie 0x6012a6d0
D/IPCThreadState(  627): [DN #5] BR_CLEAR_DEATH_NOTIFICATION_DONE cookie 0x64692b70
D/ActivityManager(  627): getContentProviderImpl: from callerandroid.app.ApplicationThreadProxy@428a2880 (pid=31360) to get content provider media
D/ActivityThread(31360): hoder:android.app.IActivityManager$ContentProviderHolder@42108be0,provider,holder.Provider:android.content.ContentProviderProxy@4224c710
D/IPCThreadState(20232): [DN #5] BR_CLEAR_DEATH_NOTIFICATION_DONE cookie 0x5ff84cc0
D/IPCThreadState(  627): [DN #5] BR_CLEAR_DEATH_NOTIFICATION_DONE cookie 0x64692c08
D/IPCThreadState(20232): [DN #5] BR_CLEAR_DEATH_NOTIFICATION_DONE cookie 0x601b1590
D/IPCThreadState(  627): [DN #5] BR_CLEAR_DEATH_NOTIFICATION_DONE cookie 0x64692ca0
D/ActivityManager(  627): getContentProviderImpl: from callerandroid.app.ApplicationThreadProxy@42fc6060 (pid=31360) to get content provider media
D/ActivityThread(31360): hoder:android.app.IActivityManager$ContentProviderHolder@42078a48,provider,holder.Provider:android.content.ContentProviderProxy@42089018
D/IPCThreadState(20232): [DN #5] BR_CLEAR_DEATH_NOTIFICATION_DONE cookie 0x601d9b90
D/IPCThreadState(  627): [DN #5] BR_CLEAR_DEATH_NOTIFICATION_DONE cookie 0x646038b8
I/iu.UploadsManager(31360): End new media; added: 0, uploading: 0, time: 42 ms
D/ActivityThread(31360): SVC-Destroying service: com.google.android.libraries.social.mediamonitor.MediaMonitorIntentService@424542d8
D/dalvikvm(31360): threadid=27: exiting
D/ActivityThread(31360): SVC-STOP_SERVICE handled : 0 / android.os.BinderProxy@422bf4e0
D/dalvikvm(31360): threadid=27: bye!
D/IPCThreadState(26557): [DN #5] BR_CLEAR_DEATH_NOTIFICATION_DONE cookie 0x61ec0a78
D/ActivityThread(31360): SVC-UNBIND_SERVICE handled : 0 / BindServiceData{token=android.os.BinderProxy@42197d58 intent=Intent { act=com.google.android.gms.safetynet.service.START pkg=com.google.android.gms }}
D/ActivityThread(31360): SVC-Destroying service: com.google.android.gms.security.snet.SafetyNetClientService@42165cb0
D/ActivityThread(31360): SVC-STOP_SERVICE handled : 0 / android.os.BinderProxy@42197d58
D/StatusBar.NetworkController(  697): refreshViews(0), set parameters to signal cluster view.
D/SignalClusterView(  697): huangzm1:set ethernet indicators, visible=false, icon=0
D/SignalClusterView(  697): setWifiIndicators, visible=true, strengthIcon=com.mediatek.systemui.ext.IconIdWrapper@420a2fe0, activityIcon=com.mediatek.systemui.ext.IconIdWrapper@420a2ff8, contentDescription=â×××ª ×-WLAN ×××.
D/StatusBar.NetworkController(  697): refreshViews(0), tempPhoneSignalIconId.0 = 0  tempPhoneSignalIconId.1 = 0  tempMobileActivityIconId= 0  tempDataTypeIconId= 0
D/SignalClusterView(  697): setMobileDataIndicators(0), visible=false, strengthIcon[0] ~ [1] 0 ~ 0
D/SignalClusterView(  697): setIsAirplaneMode=false
D/SignalClusterView(  697): setRoamingFlagandResource(0), roaming=false, roamingId=0
D/SignalClusterView(  697): setShowSimIndicator(0), showSimIndicator=false simIndicatorResource = 0
D/SignalClusterView(  697): setDataNetType3G(0), NetworkType=null
D/SignalClusterView(  697): apply(), mWifiVisible is true
D/SIMHelper(  697): isSimInserted(0), SimInserted=false
D/SignalClusterView(  697): apply(), slotId=0, mMobileVisible=false, mShouldMobileGroupVisible=true
D/SignalClusterView(  697): apply(). mIsAirplaneMode is false, NWType slot(0) is 8
D/OpenGLRenderer(  697): prepareDirty (0.00, 0.00, 800.00, 25.00) opaque 0 <0x61455590>
D/OpenGLRenderer(  697): clear (0.00, 25 - 25.00 = 0.00, 800.00 - 0.00 = 800.00, 25.00 - 0.00 = 25.00) opaque 0 <0x61455590>
D/OpenGLRenderer(  697): finish <0x61455590>
D/ActivityThread(26734): SVC-Destroying service: com.google.android.apps.hangouts.requestwriter.RequestWriter@42793de0
D/dalvikvm(26734): threadid=11: exiting
D/dalvikvm(26734): threadid=11: bye!
D/ActivityThread(26734): SVC-STOP_SERVICE handled : 0 / android.os.BinderProxy@423d89e8
D/ConnectivityService(  627): getActiveNetworkInfo:NetworkInfo: type: WIFI[], state: CONNECTED/CONNECTED, reason: (unspecified), extra: "z", roaming: false, failover: false, isAvailable: true, isConnectedToProvisioningNetwork: false, simId: 0/10068
I/chromium(10467): [INFO:CONSOLE(6714)] "(20:58:20:016) "Lost session on keep alive."", source: https://benamiendres.bidspirit.com/html//control/app-min.js?v=2.59.2 (6714)
D/StatusBar.NetworkController(  697): refreshViews(0), set parameters to signal cluster view.
D/SignalClusterView(  697): huangzm1:set ethernet indicators, visible=false, icon=0
D/SignalClusterView(  697): setWifiIndicators, visible=true, strengthIcon=com.mediatek.systemui.ext.IconIdWrapper@420a2fe0, activityIcon=com.mediatek.systemui.ext.IconIdWrapper@420a2ff8, contentDescription=â×××ª ×-WLAN ×××.
D/StatusBar.NetworkController(  697): refreshViews(0), tempPhoneSignalIconId.0 = 0  tempPhoneSignalIconId.1 = 0  tempMobileActivityIconId= 0  tempDataTypeIconId= 0
D/SignalClusterView(  697): setMobileDataIndicators(0), visible=false, strengthIcon[0] ~ [1] 0 ~ 0
D/SignalClusterView(  697): setIsAirplaneMode=false
D/SignalClusterView(  697): setRoamingFlagandResource(0), roaming=false, roamingId=0
D/SignalClusterView(  697): setShowSimIndicator(0), showSimIndicator=false simIndicatorResource = 0
D/SignalClusterView(  697): setDataNetType3G(0), NetworkType=null
D/SignalClusterView(  697): apply(), mWifiVisible is true
D/SIMHelper(  697): isSimInserted(0), SimInserted=false
D/SignalClusterView(  697): apply(), slotId=0, mMobileVisible=false, mShouldMobileGroupVisible=true
D/SignalClusterView(  697): apply(). mIsAirplaneMode is false, NWType slot(0) is 8
D/OpenGLRenderer(  697): prepareDirty (0.00, 0.00, 800.00, 25.00) opaque 0 <0x61455590>
D/OpenGLRenderer(  697): clear (0.00, 25 - 25.00 = 0.00, 800.00 - 0.00 = 800.00, 25.00 - 0.00 = 25.00) opaque 0 <0x61455590>
D/OpenGLRenderer(  697): finish <0x61455590>
I/BufferQueue(  135): [StatusBar](this:0xb8bb2d28,id:6,api:1,p:697,c:135) [queue] fps:1.00, dur:2007.42, max:1015.30, min:992.12
I/BufferQueue(  135): [StatusBar](this:0xb8bb2d28,id:6,api:1,p:697,c:135) [release] fps:1.00, dur:2004.12, max:1010.39, min:993.73
I/BufferQueue(  135): [FrameBufferSurface_0](this:0xb8b960a0,id:0,api:1,p:135,c:135) [release] fps:1.00, dur:2004.81, max:1011.14, min:993.68
I/BufferQueue(  135): [FrameBufferSurface_0](this:0xb8b960a0,id:0,api:1,p:135,c:135) [queue] fps:1.00, dur:2004.85, max:1011.21, min:993.64
I/SurfaceFlinger(  135): [Built-in Screen (type:0)] fps:0.997563,dur:2004.89,max:1011.26,min:993.63
D/WifiStateMachine(  627): ConnectedState{ when=-3ms what=131155 arg1=149 target=com.android.internal.util.StateMachine$SmHandler target=Handler (com.android.internal.util.StateMachine$SmHandler) {427cc310} }
D/WifiStateMachine(  627): L2ConnectedState{ when=-3ms what=131155 arg1=149 target=com.android.internal.util.StateMachine$SmHandler target=Handler (com.android.internal.util.StateMachine$SmHandler) {427cc310} }
D/WifiHW  (  627): enter -->wifi_send_command cmd=IFNAME=wlan0 SIGNAL_POLL
D/wpa_supplicant(  800): RX ctrl_iface - hexdump(len=11): 53 49 47 4e 41 4c 5f 50 4f 4c 4c
D/wpa_supplicant(  800): wlan0: Control interface command 'SIGNAL_POLL'
D/wpa_supplicant(  800): nl80211: survey data missing!
D/WifiHW  (  627): leave --> reply=RSSI=-38
D/WifiHW  (  627): LINKSPEED=54
D/WifiHW  (  627): NOISE=9999
D/WifiHW  (  627): FREQUENCY=2412
D/WifiHW  (  627): 
D/wifi    (  627): doStringCommand, buf IFNAME=wlan0 SIGNAL_POLL
I/WifiStateMachine(  627): fetchRssiAndLinkSpeedNative, newRssi:-38, newLinkSpeed:54, SSID:"z"
D/IPCThreadState(31290): [DN #5] BR_CLEAR_DEATH_NOTIFICATION_DONE cookie 0x5def8c48
D/ActivityThread(31360): SVC-UNBIND_SERVICE handled : 0 / BindServiceData{token=android.os.BinderProxy@42079170 intent=Intent { act=com.google.android.gms.mdm.services.START pkg=com.google.android.gms }}
D/ActivityThread(31360): SVC-Destroying service: com.google.android.gms.mdm.services.NetworkQualityAndroidService@42047068
D/ActivityThread(31360): SVC-STOP_SERVICE handled : 0 / android.os.BinderProxy@42079170
D/battery_warning(  146): start activity by send intent to BatteryWarningReceiver, type = 128
D/battery_warning(  146): os.system:  am broadcast -n com.mediatek.batterywarning/com.mediatek.batterywarning.BatteryWarningReceiver -a android.intent.action.BATTERY_WARNING --ei type 
D/IPCThreadState(31360): [DN #5] BR_CLEAR_DEATH_NOTIFICATION_DONE cookie 0x6c6778d0
I/ANRManager(  627): updateProcessStats
I/ANRManager(  627): CPU update time < 2.5sec
D/IPCThreadState(31360): [DN #5] BR_CLEAR_DEATH_NOTIFICATION_DONE cookie 0x5defe0e0
D/ActivityThread(31292): SVC-UNBIND_SERVICE handled : 0 / BindServiceData{token=android.os.BinderProxy@421b8ff0 intent=Intent { act=com.google.android.gms.icing.LIGHTWEIGHT_INDEX_SERVICE pkg=com.google.android.gms }}
D/ActivityThread(31292): SVC-Destroying service: com.google.android.gms.icing.service.LightweightIndexService@4218a790
D/ActivityThread(31292): SVC-STOP_SERVICE handled : 0 / android.os.BinderProxy@421b8ff0
D/IPCThreadState(10683): [DN #5] BR_CLEAR_DEATH_NOTIFICATION_DONE cookie 0x638a54f8
D/ActivityThread(31360): SVC-UNBIND_SERVICE handled : 0 / BindServiceData{token=android.os.BinderProxy@41fed620 intent=Intent { act=com.google.android.gms.icing.INDEX_SERVICE pkg=com.google.android.gms }}
D/ActivityThread(31360): SVC-Destroying service: com.google.android.gms.icing.service.IndexService@423c1508
D/ActivityThread(31360): SVC-STOP_SERVICE handled : 0 / android.os.BinderProxy@41fed620
I/ANRManager(  627): CPU update time < 2.5sec
I/ANRManager(  627): CPU update time < 2.5sec
I/ANRManager(  627): CPU update time < 2.5sec
V/ActivityManager(  627): Broadcast: Intent { flg=0x14 cmp=com.android.chrome/com.google.ipc.invalidation.external.client.contrib.AndroidListener$AlarmReceiver (has extras) } ordered=true userid=0 callerApp=null
D/PowerManagerService(  627): acquireWakeLockInternal: lock=1109681968, flags=0x1, tag="AlarmManager", ws=WorkSource{10036}, uid=1000, pid=627
D/PowerManagerNotifier(  627): onWakeLockAcquired: flags=1, tag="AlarmManager", packageName=android, ownerUid=1000, ownerPid=627, workSource=WorkSource{10036}
D/PowerManagerService(  627): updateWakeLockSummaryLocked: mWakefulness=Awake, mWakeLockSummary=0x1
D/PowerManagerService(  627): newScreenState = 2
D/PowerManagerService(  627): updateScreenStateLocked: mScreenBrightnessModeSetting=2, autoBrightness=false, ecoBrightness=true, screenAutoBrightnessAdjustment=0.0, screenBrightness=102
D/PowerManagerDisplayController(  627): requestPowerState: screenState=2, useProximitySensor=false, forceProximitySensorEnable=false, forceWakeUpEnable=false, screenBrightness=102, screenAutoBrightnessAdjustment=0.0, useAutoBrightness=false, useEcoBrightness=true, blockScreenOn=false, waitForNegativeProximity=false
I/PowerManagerService(  627): setBrightness mButtonLight 0.
D/PowerManagerService(  627): updateScreenStateLocked: mDisplayReady=true, newScreenState=2, mWakefulness=1, mWakeLockSummary=0x1, mUserActivitySummary=0x1, mBootCompleted=true
D/PowerManagerService(  627): handleSandman: canDream=true, mWakefulness=Awake
D/PowerManagerService(  627): releaseWakeLockInternal: lock=1109681968 [AlarmManager], flags=0x0, total_time=1ms
D/PowerManagerNotifier(  627): onWakeLockReleased: flags=1, tag="AlarmManager", packageName=android, ownerUid=1000, ownerPid=627, workSource=WorkSource{10036}
D/PowerManagerService(  627): updateWakeLockSummaryLocked: mWakefulness=Awake, mWakeLockSummary=0x1
D/PowerManagerService(  627): newScreenState = 2
D/PowerManagerService(  627): updateScreenStateLocked: mScreenBrightnessModeSetting=2, autoBrightness=false, ecoBrightness=true, screenAutoBrightnessAdjustment=0.0, screenBrightness=102
D/PowerManagerDisplayController(  627): requestPowerState: screenState=2, useProximitySensor=false, forceProximitySensorEnable=false, forceWakeUpEnable=false, screenBrightness=102, screenAutoBrightnessAdjustment=0.0, useAutoBrightness=false, useEcoBrightness=true, blockScreenOn=false, waitForNegativeProximity=false
I/PowerManagerService(  627): setBrightness mButtonLight 0.
D/PowerManagerService(  627): updateScreenStateLocked: mDisplayReady=true, newScreenState=2, mWakefulness=1, mWakeLockSummary=0x1, mUserActivitySummary=0x1, mBootCompleted=true
D/PowerManagerService(  627): handleSandman: canDream=true, mWakefulness=Awake
V/ActivityManager(  627): Broadcast: Intent { flg=0x14 cmp=com.android.chrome/com.google.ipc.invalidation.external.client.contrib.AndroidListener$AlarmReceiver (has extras) } ordered=true userid=0 callerApp=null
D/PowerManagerService(  627): acquireWakeLockInternal: lock=1109681968, flags=0x1, tag="AlarmManager", ws=WorkSource{10036}, uid=1000, pid=627
D/PowerManagerNotifier(  627): onWakeLockAcquired: flags=1, tag="AlarmManager", packageName=android, ownerUid=1000, ownerPid=627, workSource=WorkSource{10036}
D/PowerManagerService(  627): updateWakeLockSummaryLocked: mWakefulness=Awake, mWakeLockSummary=0x1
D/PowerManagerService(  627): newScreenState = 2
D/PowerManagerService(  627): updateScreenStateLocked: mScreenBrightnessModeSetting=2, autoBrightness=false, ecoBrightness=true, screenAutoBrightnessAdjustment=0.0, screenBrightness=102
D/PowerManagerDisplayController(  627): requestPowerState: screenState=2, useProximitySensor=false, forceProximitySensorEnable=false, forceWakeUpEnable=false, screenBrightness=102, screenAutoBrightnessAdjustment=0.0, useAutoBrightness=false, useEcoBrightness=true, blockScreenOn=false, waitForNegativeProximity=false
I/PowerManagerService(  627): setBrightness mButtonLight 0.
D/PowerManagerService(  627): updateScreenStateLocked: mDisplayReady=true, newScreenState=2, mWakefulness=1, mWakeLockSummary=0x1, mUserActivitySummary=0x1, mBootCompleted=true
D/PowerManagerService(  627): handleSandman: canDream=true, mWakefulness=Awake
D/PowerManagerService(  627): releaseWakeLockInternal: lock=1109681968 [AlarmManager], flags=0x0, total_time=1ms
D/PowerManagerNotifier(  627): onWakeLockReleased: flags=1, tag="AlarmManager", packageName=android, ownerUid=1000, ownerPid=627, workSource=WorkSource{10036}
D/PowerManagerService(  627): updateWakeLockSummaryLocked: mWakefulness=Awake, mWakeLockSummary=0x1
D/PowerManagerService(  627): newScreenState = 2
D/PowerManagerService(  627): updateScreenStateLocked: mScreenBrightnessModeSetting=2, autoBrightness=false, ecoBrightness=true, screenAutoBrightnessAdjustment=0.0, screenBrightness=102
D/PowerManagerDisplayController(  627): requestPowerState: screenState=2, useProximitySensor=false, forceProximitySensorEnable=false, forceWakeUpEnable=false, screenBrightness=102, screenAutoBrightnessAdjustment=0.0, useAutoBrightness=false, useEcoBrightness=true, blockScreenOn=false, waitForNegativeProximity=false
I/PowerManagerService(  627): setBrightness mButtonLight 0.
D/PowerManagerService(  627): updateScreenStateLocked: mDisplayReady=true, newScreenState=2, mWakefulness=1, mWakeLockSummary=0x1, mUserActivitySummary=0x1, mBootCompleted=true
D/PowerManagerService(  627): handleSandman: canDream=true, mWakefulness=Awake
D/StatusBar.NetworkController(  697): refreshViews(0), set parameters to signal cluster view.
D/SignalClusterView(  697): huangzm1:set ethernet indicators, visible=false, icon=0
D/SignalClusterView(  697): setWifiIndicators, visible=true, strengthIcon=com.mediatek.systemui.ext.IconIdWrapper@420a2fe0, activityIcon=com.mediatek.systemui.ext.IconIdWrapper@420a2ff8, contentDescription=â×××ª ×-WLAN ×××.
D/StatusBar.NetworkController(  697): refreshViews(0), tempPhoneSignalIconId.0 = 0  tempPhoneSignalIconId.1 = 0  tempMobileActivityIconId= 0  tempDataTypeIconId= 0
D/SignalClusterView(  697): setMobileDataIndicators(0), visible=false, strengthIcon[0] ~ [1] 0 ~ 0
D/SignalClusterView(  697): setIsAirplaneMode=false
D/SignalClusterView(  697): setRoamingFlagandResource(0), roaming=false, roamingId=0
D/SignalClusterView(  697): setShowSimIndicator(0), showSimIndicator=false simIndicatorResource = 0
D/SignalClusterView(  697): setDataNetType3G(0), NetworkType=null
D/SignalClusterView(  697): apply(), mWifiVisible is true
D/SIMHelper(  697): isSimInserted(0), SimInserted=false
D/SignalClusterView(  697): apply(), slotId=0, mMobileVisible=false, mShouldMobileGroupVisible=true
D/SignalClusterView(  697): apply(). mIsAirplaneMode is false, NWType slot(0) is 8
